Component: ARM Compiler 5.06 update 6 (build 750) Tool: armlink [4d35ed]

==============================================================================

Section Cross References

    startup_stm32f446xx.o(RESET) refers to startup_stm32f446xx.o(STACK) for __initial_sp
    startup_stm32f446xx.o(RESET) refers to startup_stm32f446xx.o(.text) for Reset_Handler
    startup_stm32f446xx.o(RESET) refers to stm32f4xx_it.o(i.NMI_Handler) for NMI_Handler
    startup_stm32f446xx.o(RESET) refers to stm32f4xx_it.o(i.HardFault_Handler) for HardFault_Handler
    startup_stm32f446xx.o(RESET) refers to stm32f4xx_it.o(i.MemManage_Handler) for MemManage_Handler
    startup_stm32f446xx.o(RESET) refers to stm32f4xx_it.o(i.BusFault_Handler) for BusFault_Handler
    startup_stm32f446xx.o(RESET) refers to stm32f4xx_it.o(i.UsageFault_Handler) for UsageFault_Handler
    startup_stm32f446xx.o(RESET) refers to port.o(.emb_text) for SVC_Handler
    startup_stm32f446xx.o(RESET) refers to stm32f4xx_it.o(i.DebugMon_Handler) for DebugMon_Handler
    startup_stm32f446xx.o(RESET) refers to port.o(i.SysTick_Handler) for SysTick_Handler
    startup_stm32f446xx.o(RESET) refers to stm32f4xx_it.o(i.DMA1_Stream0_IRQHandler) for DMA1_Stream0_IRQHandler
    startup_stm32f446xx.o(RESET) refers to stm32f4xx_it.o(i.DMA1_Stream2_IRQHandler) for DMA1_Stream2_IRQHandler
    startup_stm32f446xx.o(RESET) refers to stm32f4xx_it.o(i.DMA1_Stream4_IRQHandler) for DMA1_Stream4_IRQHandler
    startup_stm32f446xx.o(RESET) refers to stm32f4xx_it.o(i.DMA1_Stream5_IRQHandler) for DMA1_Stream5_IRQHandler
    startup_stm32f446xx.o(RESET) refers to stm32f4xx_it.o(i.DMA1_Stream6_IRQHandler) for DMA1_Stream6_IRQHandler
    startup_stm32f446xx.o(RESET) refers to stm32f4xx_it.o(i.ADC_IRQHandler) for ADC_IRQHandler
    startup_stm32f446xx.o(RESET) refers to stm32f4xx_it.o(i.EXTI9_5_IRQHandler) for EXTI9_5_IRQHandler
    startup_stm32f446xx.o(RESET) refers to stm32f4xx_it.o(i.TIM1_UP_TIM10_IRQHandler) for TIM1_UP_TIM10_IRQHandler
    startup_stm32f446xx.o(RESET) refers to stm32f4xx_it.o(i.TIM1_TRG_COM_TIM11_IRQHandler) for TIM1_TRG_COM_TIM11_IRQHandler
    startup_stm32f446xx.o(RESET) refers to stm32f4xx_it.o(i.TIM2_IRQHandler) for TIM2_IRQHandler
    startup_stm32f446xx.o(RESET) refers to stm32f4xx_it.o(i.I2C1_EV_IRQHandler) for I2C1_EV_IRQHandler
    startup_stm32f446xx.o(RESET) refers to stm32f4xx_it.o(i.I2C1_ER_IRQHandler) for I2C1_ER_IRQHandler
    startup_stm32f446xx.o(RESET) refers to stm32f4xx_it.o(i.SPI2_IRQHandler) for SPI2_IRQHandler
    startup_stm32f446xx.o(RESET) refers to stm32f4xx_it.o(i.USART1_IRQHandler) for USART1_IRQHandler
    startup_stm32f446xx.o(RESET) refers to stm32f4xx_it.o(i.USART2_IRQHandler) for USART2_IRQHandler
    startup_stm32f446xx.o(RESET) refers to stm32f4xx_it.o(i.EXTI15_10_IRQHandler) for EXTI15_10_IRQHandler
    startup_stm32f446xx.o(RESET) refers to stm32f4xx_it.o(i.TIM8_BRK_TIM12_IRQHandler) for TIM8_BRK_TIM12_IRQHandler
    startup_stm32f446xx.o(RESET) refers to stm32f4xx_it.o(i.TIM8_UP_TIM13_IRQHandler) for TIM8_UP_TIM13_IRQHandler
    startup_stm32f446xx.o(RESET) refers to stm32f4xx_it.o(i.TIM8_TRG_COM_TIM14_IRQHandler) for TIM8_TRG_COM_TIM14_IRQHandler
    startup_stm32f446xx.o(RESET) refers to stm32f4xx_it.o(i.DMA1_Stream7_IRQHandler) for DMA1_Stream7_IRQHandler
    startup_stm32f446xx.o(RESET) refers to stm32f4xx_it.o(i.UART5_IRQHandler) for UART5_IRQHandler
    startup_stm32f446xx.o(RESET) refers to stm32f4xx_it.o(i.TIM6_DAC_IRQHandler) for TIM6_DAC_IRQHandler
    startup_stm32f446xx.o(RESET) refers to stm32f4xx_it.o(i.TIM7_IRQHandler) for TIM7_IRQHandler
    startup_stm32f446xx.o(RESET) refers to stm32f4xx_it.o(i.DMA2_Stream0_IRQHandler) for DMA2_Stream0_IRQHandler
    startup_stm32f446xx.o(RESET) refers to stm32f4xx_it.o(i.DMA2_Stream1_IRQHandler) for DMA2_Stream1_IRQHandler
    startup_stm32f446xx.o(RESET) refers to stm32f4xx_it.o(i.DMA2_Stream2_IRQHandler) for DMA2_Stream2_IRQHandler
    startup_stm32f446xx.o(.text) refers to system_stm32f4xx.o(i.SystemInit) for SystemInit
    startup_stm32f446xx.o(.text) refers to entry.o(.ARM.Collect$$$$00000000) for __main
    timer.o(i.getRunTimeCounterValue) refers to timer.o(i.get_timer_us) for get_timer_us
    timer.o(i.get_timer_us) refers to main.o(.bss) for htim7
    timer.o(i.get_timer_us) refers to main.o(.data) for Timer7_UPPER
    debug.o(i.Flash_WriteWord) refers to stm32f4xx_hal_flash.o(i.HAL_FLASH_Unlock) for HAL_FLASH_Unlock
    debug.o(i.Flash_WriteWord) refers to stm32f4xx_hal_flash.o(i.HAL_FLASH_Program) for HAL_FLASH_Program
    debug.o(i.Flash_WriteWord) refers to stm32f4xx_hal_flash.o(i.HAL_FLASH_Lock) for HAL_FLASH_Lock
    debug.o(i.Flash_WriteWord) refers to debug.o(.data) for .data
    debug.o(i.Flash_variable) refers to debug.o(.bss) for .bss
    debug.o(i.Flash_variable) refers to motor.o(.data) for MOTOR_P_flash
    debug.o(i.Flash_variable) refers to motor.o(.data) for MOTOR_I_flash
    debug.o(i.Flash_variable) refers to motor.o(.data) for desired_speed
[...]
    path_99                                  0x0800ccd9   Thumb Code    40  labirintus.o(i.path_99)
    pvPortMalloc                             0x0800d16d   Thumb Code   210  heap_4.o(i.pvPortMalloc)
    pvTaskIncrementMutexHeldCount            0x0800d245   Thumb Code    18  tasks.o(i.pvTaskIncrementMutexHeldCount)
    pxPortInitialiseStack                    0x0800d25d   Thumb Code    40  port.o(i.pxPortInitialiseStack)
    safetycar_adc_process                    0x0800d289   Thumb Code  1276  adc_process.o(i.safetycar_adc_process)
    search_max                               0x0800d7ad   Thumb Code    64  adc_process.o(i.search_max)
    sqrt                                     0x0800d7f1   Thumb Code   110  sqrt.o(i.sqrt)
    ugyessegi_adc_process                    0x0800d861   Thumb Code  2374  adc_process.o(i.ugyessegi_adc_process)
    ulTaskNotifyTake                         0x0800e1d1   Thumb Code    96  tasks.o(i.ulTaskNotifyTake)
    uxListRemove                             0x0800e239   Thumb Code    36  list.o(i.uxListRemove)
    vListInitialise                          0x0800e25d   Thumb Code    22  list.o(i.vListInitialise)
    vListInitialiseItem                      0x0800e273   Thumb Code     6  list.o(i.vListInitialiseItem)
    vListInsert                              0x0800e279   Thumb Code    48  list.o(i.vListInsert)
    vListInsertEnd                           0x0800e2a9   Thumb Code    24  list.o(i.vListInsertEnd)
    vPortEnterCritical                       0x0800e2c1   Thumb Code    54  port.o(i.vPortEnterCritical)
    vPortExitCritical                        0x0800e301   Thumb Code    34  port.o(i.vPortExitCritical)
    vPortFree                                0x0800e329   Thumb Code    88  heap_4.o(i.vPortFree)
    vPortSetupTimerInterrupt                 0x0800e385   Thumb Code    26  port.o(i.vPortSetupTimerInterrupt)
    vPortValidateInterruptPriority           0x0800e3a5   Thumb Code    74  port.o(i.vPortValidateInterruptPriority)
    vTaskDelay                               0x0800e3f9   Thumb Code    66  tasks.o(i.vTaskDelay)
    vTaskMissedYield                         0x0800e445   Thumb Code     8  tasks.o(i.vTaskMissedYield)
    vTaskNotifyGiveFromISR                   0x0800e451   Thumb Code   174  tasks.o(i.vTaskNotifyGiveFromISR)
    vTaskPlaceOnEventList                    0x0800e509   Thumb Code    44  tasks.o(i.vTaskPlaceOnEventList)
    vTaskPriorityInherit                     0x0800e539   Thumb Code   124  tasks.o(i.vTaskPriorityInherit)
    vTaskSetTimeOutState                     0x0800e5bd   Thumb Code    30  tasks.o(i.vTaskSetTimeOutState)
    vTaskStartScheduler                      0x0800e5e1   Thumb Code    90  tasks.o(i.vTaskStartScheduler)
    vTaskSuspendAll                          0x0800e64d   Thumb Code    10  tasks.o(i.vTaskSuspendAll)
    vTaskSwitchContext                       0x0800e65d   Thumb Code   108  tasks.o(i.vTaskSwitchContext)
    xPortStartScheduler                      0x0800e6d1   Thumb Code   202  port.o(i.xPortStartScheduler)
    xQueueCreateMutex                        0x0800e7b1   Thumb Code    36  queue.o(i.xQueueCreateMutex)
    xQueueGenericCreate                      0x0800e7d5   Thumb Code    82  queue.o(i.xQueueGenericCreate)
    xQueueGenericReceive                     0x0800e829   Thumb Code   360  queue.o(i.xQueueGenericReceive)
    xQueueGenericReset                       0x0800e995   Thumb Code   132  queue.o(i.xQueueGenericReset)
    xQueueGenericSend                        0x0800ea1d   Thumb Code   346  queue.o(i.xQueueGenericSend)
    xTaskCheckForTimeOut                     0x0800eb7d   Thumb Code   102  tasks.o(i.xTaskCheckForTimeOut)
    xTaskCreate                              0x0800ebe9   Thumb Code    86  tasks.o(i.xTaskCreate)
    xTaskGenericNotify                       0x0800ec41   Thumb Code   190  tasks.o(i.xTaskGenericNotify)
    xTaskGetSchedulerState                   0x0800ed0d   Thumb Code    22  tasks.o(i.xTaskGetSchedulerState)
    xTaskIncrementTick                       0x0800ed29   Thumb Code   192  tasks.o(i.xTaskIncrementTick)
    xTaskPriorityDisinherit                  0x0800edf1   Thumb Code   144  tasks.o(i.xTaskPriorityDisinherit)
    xTaskRemoveFromEventList                 0x0800ee89   Thumb Code   108  tasks.o(i.xTaskRemoveFromEventList)
    xTaskResumeAll                           0x0800eefd   Thumb Code   182  tasks.o(i.xTaskResumeAll)
    AHBPrescTable                            0x0800f07c   Data          16  system_stm32f4xx.o(.constdata)
    APBPrescTable                            0x0800f08c   Data           8  system_stm32f4xx.o(.constdata)
    __mathlib_zero                           0x0800f260   Data           8  qnan.o(.constdata)
    __ctype_table                            0x0800f288   Data         129  ctype_o.o(.constdata)
    Region$$Table$$Base                      0x0800f380   Number         0  anon$$obj.o(Region$$Table)
    Region$$Table$$Limit                     0x0800f3a0   Number         0  anon$$obj.o(Region$$Table)
    first_flash                              0x20000000   Data           1  debug.o(.data)
    brake_arduino                            0x20000001   Data           1  debug.o(.data)
    star_valtozik                            0x20000002   Data           1  debug.o(.data)
    jirany_valtozik                          0x20000003   Data           1  debug.o(.data)
    birany_valtozik                          0x20000004   Data           1  debug.o(.data)
    star_vege                                0x20000005   Data           1  debug.o(.data)
    caseselect                               0x20000006   Data           1  debug.o(.data)
    first_run                                0x20000007   Data           1  debug.o(.data)
    first_run_arduino                        0x20000008   Data           1  debug.o(.data)
    addr_write                               0x2000000c   Data           4  debug.o(.data)
    star_start_time                          0x20000010   Data           4  debug.o(.data)
    flash_addr                               0x20000014   Data           4  debug.o(.data)
    flash_data_tmp                           0x20000018   Data           4  debug.o(.data)
    time_old_debug                           0x2000001c   Data           4  debug.o(.data)
    time_elapsed_debug                       0x20000020   Data           4  debug.o(.data)
    msg_index                                0x20000024   Data           4  debug.o(.data)
    tmp_index                                0x20000028   Data           4  debug.o(.data)
    tmp_whole_index                          0x2000002c   Data           4  debug.o(.data)
    Motor_Brake                              0x20000030   Data           1  motor.o(.data)
    BRAKE_GYORS_LASSU                        0x20000031   Data           1  motor.o(.data)
    max_speed                                0x20000032   Data           1  motor.o(.data)
    RI_started                               0x20000033   Data           1  motor.o(.data)
    first_run_motor                          0x20000034   Data           1  motor.o(.data)
    ugyes_gyors_valtas                       0x20000035   Data           1  motor.o(.data)
    ugyes_lassu_valtas                       0x20000036   Data           1  motor.o(.data)
    motor_pwm                                0x20000038   Data           2  motor.o(.data)
    MOTOR_P                                  0x2000003c   Data           4  motor.o(.data)
    MOTOR_I                                  0x20000040   Data           4  motor.o(.data)
    desired_speed                            0x20000044   Data           4  motor.o(.data)
    elozo_resz_valtas                        0x20000048   Data           4  motor.o(.data)
    speed_error                              0x2000004c   Data           4  motor.o(.data)
    actual_speed                             0x20000050   Data           4  motor.o(.data)
    accumulated_speed_error                  0x20000054   Data           4  motor.o(.data)
    accumulated_distance_error               0x20000058   Data           4  motor.o(.data)
    distance_error                           0x2000005c   Data           4  motor.o(.data)
    MOTOR_I_old_time                         0x20000060   Data           4  motor.o(.data)
    MOTOR_I_new_time                         0x20000064   Data           4  motor.o(.data)
    MOTOR_I_dt_s                             0x20000068   Data           4  motor.o(.data)
    MOTOR_P_ERROR                            0x2000006c   Data           4  motor.o(.data)
    MOTOR_I_ERROR                            0x20000070   Data           4  motor.o(.data)
    safety_P                                 0x20000074   Data           4  motor.o(.data)
    safety_I                                 0x20000078   Data           4  motor.o(.data)
    safety_tavolsag_mm                       0x2000007c   Data           4  motor.o(.data)
    enc_mm_now_motor                         0x20000080   Data           4  motor.o(.data)
    RI_receive_message                       0x20000084   Data           5  motor.o(.data)
    MOTOR_P_flash                            0x2000008c   Data           4  motor.o(.data)
    MOTOR_I_flash                            0x20000090   Data           4  motor.o(.data)
    led_driver_counter                       0x20000094   Data           1  adc.o(.data)
    analog_multi_counter                     0x20000095   Data           1  adc.o(.data)
    time_old_adc                             0x20000098   Data           4  adc.o(.data)
    time_elapsed_adc                         0x2000009c   Data           4  adc.o(.data)
    SHARP_side_voltage                       0x200000a0   Data           4  adc.o(.data)
    SHARP_front_voltage                      0x200000a4   Data           4  adc.o(.data)
    SHARP_side_mm                            0x200000a8   Data           4  adc.o(.data)
    SHARP_front_mm                           0x200000ac   Data           4  adc.o(.data)
    SHARP_array_index                        0x200000b0   Data           4  adc.o(.data)
    spi_data_tcrt                            0x200000b4   Data           8  adc.o(.data)
    multiplexer_switch                       0x200000bc   Data          64  adc.o(.data)
    ablak_ind                                0x200000fc   Data           1  adc_process.o(.data)
    state_game                               0x200000fd   Data           1  adc_process.o(.data)
    szaggatott                               0x200000fe   Data           1  adc_process.o(.data)
    cross_type_e_array_index                 0x200000ff   Data           1  adc_process.o(.data)
    next_dir_cross                           0x20000100   Data           1  adc_process.o(.data)
    kovetni_kell                             0x20000101   Data           1  adc_process.o(.data)
    next_dir_change                          0x20000102   Data           1  adc_process.o(.data)
    blink                                    0x20000103   Data           1  adc_process.o(.data)
    lehet_uj_keresztezodes                   0x20000104   Data           1  adc_process.o(.data)
    vege_az_egyenesnek                       0x20000105   Data           1  adc_process.o(.data)
    vege_a_szetvalasnak                      0x20000106   Data           1  adc_process.o(.data)
    atsorolas_hatul_nullaztuk                0x20000107   Data           1  adc_process.o(.data)
    reszek_szama_ind                         0x20000108   Data           1  adc_process.o(.data)
    current_szakasz                          0x20000109   Data           1  adc_process.o(.data)
    current_szakasz_safty                    0x2000010a   Data           1  adc_process.o(.data)
    cross_type_b_j                           0x2000010b   Data           1  adc_process.o(.data)
    last_j_b_dir                             0x2000010c   Data           1  adc_process.o(.data)
    akt_vonalallapot                         0x2000010d   Data           1  adc_process.o(.data)
    ugyessegi_lassaban                       0x2000010e   Data           1  adc_process.o(.data)
    iranyfeny_vilagithat                     0x2000010f   Data           1  adc_process.o(.data)
    uj_keresztezodes_vilagithat              0x20000110   Data           1  adc_process.o(.data)
    ugyessegin_vagyunk                       0x20000111   Data           1  adc_process.o(.data)
    atsorolunk                               0x20000112   Data           1  adc_process.o(.data)
    nem_latunk_vonalat_egy_ideig_elol        0x20000113   Data           1  adc_process.o(.data)
    nem_latunk_vonalat_egy_ideig_hatul       0x20000114   Data           1  adc_process.o(.data)
    atsoroltunk_mar                          0x20000115   Data           1  adc_process.o(.data)
    elozes_allapot                           0x20000116   Data           1  adc_process.o(.data)
    vonalhiba_kulonbseg                      0x20000117   Data           1  adc_process.o(.data)
    gyorsasagival_kezdunk                    0x20000118   Data           1  adc_process.o(.data)
    last_keresztezodes                       0x20000119   Data           1  adc_process.o(.data)
    keresztezodes_dontes_fajta               0x2000011a   Data           1  adc_process.o(.data)
    VONALAK_SZAMA                            0x2000011c   Data           4  adc_process.o(.data)
    ELSO_VONALAK_SZAMA_MEM                   0x20000120   Data           4  adc_process.o(.data)
    NO_LINE_SINCE                            0x20000124   Data           4  adc_process.o(.data)
    THREE_LINE_SINCE                         0x20000128   Data           4  adc_process.o(.data)
    TWO_LINE_SINCE                           0x2000012c   Data           4  adc_process.o(.data)
    ONE_LINE_SINCE                           0x20000130   Data           4  adc_process.o(.data)
    FOUR_LINE_SINCE                          0x20000134   Data           4  adc_process.o(.data)
    HATSO_VONAL_SINCE                        0x20000138   Data           4  adc_process.o(.data)
    valtasokszama                            0x2000013c   Data           4  adc_process.o(.data)
    cross_type_b                             0x20000140   Data           4  adc_process.o(.data)
    cross_type_j                             0x20000144   Data           4  adc_process.o(.data)
    jobbra_count                             0x20000148   Data           4  adc_process.o(.data)
    elore_count                              0x2000014c   Data           4  adc_process.o(.data)
    cross_type_e                             0x20000150   Data           4  adc_process.o(.data)
    last_cross_encoder                       0x20000154   Data           4  adc_process.o(.data)
    safety_elozes_elott_mm                   0x20000158   Data           4  adc_process.o(.data)
    utolso_szakasz_mm                        0x2000015c   Data           4  adc_process.o(.data)
    last_j_b_cross                           0x20000160   Data           4  adc_process.o(.data)
    szagatott_atlag                          0x20000164   Data           4  adc_process.o(.data)
    szog_keresztezodes_elott                 0x20000168   Data           4  adc_process.o(.data)
    NO_LINE_SINCE_HATUL                      0x2000016c   Data           4  adc_process.o(.data)
    elozes_elotti_szog                       0x20000170   Data           4  adc_process.o(.data)
    elozes_posx                              0x20000174   Data           4  adc_process.o(.data)
    elozes_posy                              0x20000178   Data           4  adc_process.o(.data)
    elso_sum_tmp                             0x2000017c   Data           4  adc_process.o(.data)
    hatso_sum_tmp                            0x20000180   Data           4  adc_process.o(.data)
    fbled_time_before                        0x20000184   Data           4  adc_process.o(.data)
    fbled_time_now                           0x20000188   Data           4  adc_process.o(.data)
    fo_vonal_hiba                            0x2000018c   Data           4  adc_process.o(.data)
    szog_hiba_SI                             0x20000190   Data           4  adc_process.o(.data)
    fo_vonal_hiba_mem                        0x20000194   Data           4  adc_process.o(.data)
    hatso_fo_vonal_hiba                      0x20000198   Data           4  adc_process.o(.data)
    hatso_fo_vonal_hiba_mem                  0x2000019c   Data           4  adc_process.o(.data)
    fo_vonal_hiba_SI                         0x200001a0   Data           4  adc_process.o(.data)
    max_ertek                                0x200001a4   Data           4  adc_process.o(.data)
    max_index                                0x200001a8   Data           4  adc_process.o(.data)
    akt_vonalak_szama_elol                   0x200001ac   Data           4  adc_process.o(.data)
    masodik_vonal_hiba                       0x200001b0   Data           4  adc_process.o(.data)
    balra_count                              0x200001b4   Data           4  adc_process.o(.data)
    szagatott_type                           0x200001b8   Data           4  adc_process.o(.data)
    enc_mm_before                            0x200001bc   Data           4  adc_process.o(.data)
    enc_mm_now                               0x200001c0   Data           4  adc_process.o(.data)
    enc_mm_between                           0x200001c4   Data           4  adc_process.o(.data)
    elozo_vonal_valtas_mm                    0x200001c8   Data           4  adc_process.o(.data)
    time_old_adc_process                     0x200001cc   Data           4  adc_process.o(.data)
    time_elapsed_adc_process                 0x200001d0   Data           4  adc_process.o(.data)
    yaw_tmp                                  0x200001d4   Data           4  adc_process.o(.data)
    enc_ugyessegi_vege                       0x200001d8   Data           4  adc_process.o(.data)
    enc_gyorsassagi_kezdete                  0x200001dc   Data           4  adc_process.o(.data)
    atsorolasi_hiba_mm                       0x200001e0   Data           4  adc_process.o(.data)
    spi_data_fb                              0x200001e4   Data           6  adc_process.o(.data)
    palya                                    0x200001ec   Data         480  adc_process.o(.data)
    szakaszok                                0x200003cc   Data          32  adc_process.o(.data)
    egyenes_elozes_kezdete                   0x200003ec   Data           4  adc_process.o(.data)
    PWMINValue                               0x200003f0   Data           4  pwm_in.o(.data)
    egyenesen_megyunk                        0x200003f4   Data           1  servo.o(.data)
    egyenesen_megyunk_temp                   0x200003f5   Data           1  servo.o(.data)
    servo_array_index                        0x200003f6   Data           2  servo.o(.data)
    for_index_servo                          0x200003f8   Data           2  servo.o(.data)
    servo_pwm                                0x200003fc   Data           4  servo.o(.data)
    kszi                                     0x20000400   Data           4  servo.o(.data)
    L                                        0x20000404   Data           4  servo.o(.data)
    Tservo                                   0x20000408   Data           4  servo.o(.data)
    tbeallas                                 0x2000040c   Data           4  servo.o(.data)
    dbeallas                                 0x20000410   Data           4  servo.o(.data)
    svalos                                   0x20000414   Data           4  servo.o(.data)
    skomplex                                 0x20000418   Data           4  servo.o(.data)
    korientacio                              0x2000041c   Data           4  servo.o(.data)
    kkozep                                   0x20000420   Data           4  servo.o(.data)
    speedsi                                  0x20000424   Data           4  servo.o(.data)
    phi                                      0x20000428   Data           4  servo.o(.data)
    dbeallasm                                0x2000042c   Data           4  servo.o(.data)
    dbeallaso                                0x20000430   Data           4  servo.o(.data)
    current_encoder_val                      0x20000434   Data           2  encoder.o(.data)
    last_encoder_val                         0x20000436   Data           2  encoder.o(.data)
    current_encoder_val_unchanged            0x20000438   Data           2  encoder.o(.data)
    pos_x                                    0x2000043c   Data           4  encoder.o(.data)
    pos_y                                    0x20000440   Data           4  encoder.o(.data)
    speed                                    0x20000444   Data           4  encoder.o(.data)
    encoder_upper_value                      0x20000448   Data           4  encoder.o(.data)
    encoder_full_value                       0x2000044c   Data           4  encoder.o(.data)
    encoder_full_value_before                0x20000450   Data           4  encoder.o(.data)
    encoder_time_before                      0x20000454   Data           4  encoder.o(.data)
    encoder_time_now                         0x20000458   Data           4  encoder.o(.data)
    encoder_time_between                     0x2000045c   Data           4  encoder.o(.data)
    last_elozes_korr_x                       0x20000460   Data           4  encoder.o(.data)
    last_elozes_korr_y                       0x20000464   Data           4  encoder.o(.data)
    power_mode                               0x20000468   Data           1  inertial.o(.data)
    avarage_ind                              0x20000469   Data           1  inertial.o(.data)
    operation_mode_u8                        0x2000046a   Data           1  inertial.o(.data)
    power_mode_u8                            0x2000046b   Data           1  inertial.o(.data)
    comres                                   0x2000046c   Data           4  inertial.o(.data)
    sum_yaw                                  0x20000470   Data           4  inertial.o(.data)
    yaw                                      0x20000474   Data           4  inertial.o(.data)
    yaw_ideiglenes                           0x20000478   Data           4  inertial.o(.data)
    gyro_offset_bosch                        0x2000047c   Data           6  inertial.o(.data)
    d_euler_data_h                           0x20000488   Data           8  inertial.o(.data)
    accel_offset_bosch                       0x20000490   Data           8  inertial.o(.data)
    system_calib_u8                          0x20000498   Data           1  inertial.o(.data)
    ultra_overrun                            0x20000499   Data           1  tof.o(.data)
    ultra_echo_time                          0x2000049c   Data           4  tof.o(.data)
    ultra_distance_mm                        0x200004a0   Data           4  tof.o(.data)
    time_elapsed_TOF                         0x200004a4   Data           4  tof.o(.data)
    konwncross                               0x200004a8   Data           1  labirintus.o(.data)
    last_back_decision                       0x200004a9   Data           1  labirintus.o(.data)
    num_of_unkonown_road                     0x200004aa   Data           1  labirintus.o(.data)
    cross_count                              0x200004ab   Data           1  labirintus.o(.data)
    cross_99                                 0x200004ac   Data           1  labirintus.o(.data)
    dist_ind                                 0x200004ad   Data           1  labirintus.o(.data)
    newcross                                 0x200004ae   Data           1  labirintus.o(.data)
    current_cross                            0x200004af   Data           1  labirintus.o(.data)
    next_dir                                 0x200004b0   Data           1  labirintus.o(.data)
    last_cross                               0x200004b1   Data           2  labirintus.o(.data)
    min_dist                                 0x200004b4   Data           4  labirintus.o(.data)
    last_lab_x                               0x200004b8   Data           4  labirintus.o(.data)
    last_lab_y                               0x200004bc   Data           4  labirintus.o(.data)
    dist                                     0x200004c0   Data           4  labirintus.o(.data)
    data_table                               0x200004c4   Data         416  labirintus.o(.data)
    decision_list                            0x20000664   Data          16  labirintus.o(.data)
    G                                        0x20000674   Data         256  labirintus.o(.data)
    G_99                                     0x20000774   Data         256  labirintus.o(.data)
    Timer7_UPPER                             0x20000878   Data           2  main.o(.data)
    xHigherPriorityTaskWoken                 0x2000087c   Data           4  main.o(.data)
    xHigherPriorityTaskWokenDebugGet         0x20000880   Data           4  main.o(.data)
    xHigherPriorityTaskWokenGPIO             0x20000884   Data           4  main.o(.data)
    xHigherPriorityTaskWokenEncoder          0x20000888   Data           4  main.o(.data)
    Encoder_TaskHandle                       0x2000088c   Data           4  main.o(.data)
    ADC_TaskHandle                           0x20000890   Data           4  main.o(.data)
    Debug_TaskHandle                         0x20000894   Data           4  main.o(.data)
    Calculate_TaskHandle                     0x20000898   Data           4  main.o(.data)
    Motor_TaskHandle                         0x2000089c   Data           4  main.o(.data)
    Get_Debug_TaskHandle                     0x200008a0   Data           4  main.o(.data)
    Gyroscope_TaskHandle                     0x200008a4   Data           4  main.o(.data)
    Servo_TaskHandle                         0x200008a8   Data           4  main.o(.data)
    TOF_TaskHandle                           0x200008ac   Data           4  main.o(.data)
    xMutexI2C                                0x200008b0   Data           4  main.o(.data)
    xMutexUART                               0x200008b4   Data           4  main.o(.data)
    xHigherPriorityTaskWokenDebug            0x200008b8   Data           4  main.o(.data)
    uwTickFreq                               0x200008bc   Data           1  stm32f4xx_hal.o(.data)
    uwTickPrio                               0x200008c0   Data           4  stm32f4xx_hal.o(.data)
    uwTick                                   0x200008c4   Data           4  stm32f4xx_hal.o(.data)
    SystemCoreClock                          0x200008c8   Data           4  system_stm32f4xx.o(.data)
    pxCurrentTCB                             0x200008cc   Data           4  tasks.o(.data)
    flash_data                               0x20000938   Data          20  debug.o(.bss)
    adc_vago                                 0x2000094c   Data         384  debug.o(.bss)
    debug_data                               0x20000acc   Data          64  debug.o(.bss)
    debug_message                            0x20000b0c   Data        4000  debug.o(.bss)
    receive_message                          0x20001aac   Data        2200  debug.o(.bss)
    temp_msg                                 0x20002344   Data        2200  debug.o(.bss)
    arduino_message                          0x20002bdc   Data         200  debug.o(.bss)
    szenzor_sor_front                        0x20002ca4   Data         192  adc.o(.bss)
    szenzor_sor_back                         0x20002d64   Data         192  adc.o(.bss)
    adc_buffer                               0x20002e24   Data          36  adc.o(.bss)
    SHARP_array                              0x20002e48   Data          40  adc.o(.bss)
    SHARP_side_array                         0x20002e70   Data          40  adc.o(.bss)
    elso_ugyessegi_sum                       0x20002e98   Data         576  adc_process.o(.bss)
    hatso_ugyessegi_sum                      0x200030d8   Data         576  adc_process.o(.bss)
    fb_values                                0x20003318   Data          48  adc_process.o(.bss)
    vonalak                                  0x20003348   Data          16  adc_process.o(.bss)
    vonal_hibak                              0x20003358   Data          16  adc_process.o(.bss)
    elso_szenzor_sor_process                 0x20003368   Data         192  adc_process.o(.bss)
    hatso_szenzor_sor_process                0x20003428   Data         192  adc_process.o(.bss)
    cross_type_e_array                       0x200034e8   Data          12  adc_process.o(.bss)
    servo_pwm_array                          0x200034f4   Data          20  servo.o(.bss)
    bno055                                   0x20003508   Data          24  inertial.o(.bss)
    dist_array                               0x20003520   Data          28  labirintus.o(.bss)
    hadc1                                    0x2000353c   Data          72  main.o(.bss)
    hadc2                                    0x20003584   Data          72  main.o(.bss)
    hadc3                                    0x200035cc   Data          72  main.o(.bss)
    hi2c1                                    0x20003614   Data          84  main.o(.bss)
    hspi2                                    0x20003668   Data          88  main.o(.bss)
    hspi3                                    0x200036c0   Data          88  main.o(.bss)
    htim1                                    0x20003718   Data          60  main.o(.bss)
    htim2                                    0x20003754   Data          60  main.o(.bss)
    htim3                                    0x20003790   Data          60  main.o(.bss)
    htim6                                    0x200037cc   Data          60  main.o(.bss)
    htim7                                    0x20003808   Data          60  main.o(.bss)
    htim11                                   0x20003844   Data          60  main.o(.bss)
    htim12                                   0x20003880   Data          60  main.o(.bss)
    htim13                                   0x200038bc   Data          60  main.o(.bss)
    htim14                                   0x200038f8   Data          60  main.o(.bss)
    huart5                                   0x20003934   Data          64  main.o(.bss)
    huart1                                   0x20003974   Data          64  main.o(.bss)
    huart2                                   0x200039b4   Data          64  main.o(.bss)
    hdma_adc1                                0x200039f4   Data          96  main.o(.bss)
    hdma_adc2                                0x20003a54   Data          96  main.o(.bss)
    hdma_adc3                                0x20003ab4   Data          96  main.o(.bss)
    hdma_spi2_tx                             0x20003b14   Data          96  main.o(.bss)
    hdma_tim3_ch4_up                         0x20003b74   Data          96  main.o(.bss)
    hdma_uart5_rx                            0x20003bd4   Data          96  main.o(.bss)
    hdma_uart5_tx                            0x20003c34   Data          96  main.o(.bss)
    hdma_usart2_rx                           0x20003c94   Data          96  main.o(.bss)
    hdma_usart2_tx                           0x20003cf4   Data          96  main.o(.bss)
    htim10                                   0x20003d54   Data          60  stm32f4xx_hal_timebase_tim.o(.bss)
    pFlash                                   0x20003d90   Data          32  stm32f4xx_hal_flash.o(.bss)
    __initial_sp                             0x20007ea0   Data           0  startup_stm32f446xx.o(STACK)



==============================================================================

Memory Map of the image

  Image Entry point : 0x080001c5

  Load Region LR_IROM1 (Base: 0x08000000, Size: 0x0000fcd8, Max: 0x00080000, ABSOLUTE, COMPRESSED[0x0000f488])

    Execution Region ER_IROM1 (Exec base: 0x08000000, Load base: 0x08000000, Size: 0x0000f3a0, Max: 0x00080000, ABSOLUTE)

    Exec Addr    Load Addr    Size         Type   Attr      Idx    E Section Name        Object

    0x08000000   0x08000000   0x000001c4   Data   RO            3    RESET               startup_stm32f446xx.o
    0x080001c4   0x080001c4   0x00000000   Code   RO         7770  * .ARM.Collect$$$$00000000  mc_w.l(entry.o)
    0x080001c4   0x080001c4   0x00000004   Code   RO         8112    .ARM.Collect$$$$00000001  mc_w.l(entry2.o)
    0x080001c8   0x080001c8   0x00000004   Code   RO         8115    .ARM.Collect$$$$00000004  mc_w.l(entry5.o)
    0x080001cc   0x080001cc   0x00000000   Code   RO         8117    .ARM.Collect$$$$00000008  mc_w.l(entry7b.o)
    0x080001cc   0x080001cc   0x00000000   Code   RO         8119    .ARM.Collect$$$$0000000A  mc_w.l(entry8b.o)
    0x080001cc   0x080001cc   0x00000008   Code   RO         8120    .ARM.Collect$$$$0000000B  mc_w.l(entry9a.o)
    0x080001d4   0x080001d4   0x00000000   Code   RO         8122    .ARM.Collect$$$$0000000D  mc_w.l(entry10a.o)
    0x080001d4   0x080001d4   0x00000000   Code   RO         8124    .ARM.Collect$$$$0000000F  mc_w.l(entry11a.o)
    0x080001d4   0x080001d4   0x00000004   Code   RO         8113    .ARM.Collect$$$$00002712  mc_w.l(entry2.o)
    0x080001d8   0x080001d8   0x000000ba   Code   RO         7623    .emb_text           port.o
    0x08000292   0x08000292   0x00000002   PAD
    0x08000294   0x08000294   0x00000024   Code   RO            4    .text               startup_stm32f446xx.o
    0x080002b8   0x080002b8   0x00000062   Code   RO         7773    .text               mc_w.l(uldiv.o)
    0x0800031a   0x0800031a   0x00000024   Code   RO         7775    .text               mc_w.l(memcpya.o)
    0x0800033e   0x0800033e   0x00000024   Code   RO         7777    .text               mc_w.l(memseta.o)
    0x08000362   0x08000362   0x0000001a   Code   RO         8046    .text               mc_w.l(atol.o)
    0x0800037c   0x0800037c   0x0000014e   Code   RO         8048    .text               mf_w.l(dadd.o)
    0x080004ca   0x080004ca   0x000000e4   Code   RO         8050    .text               mf_w.l(dmul.o)
    0x080005ae   0x080005ae   0x000000de   Code   RO         8052    .text               mf_w.l(ddiv.o)
    0x0800068c   0x0800068c   0x00000022   Code   RO         8056    .text               mf_w.l(dflti.o)
    0x080006ae   0x080006ae   0x0000001a   Code   RO         8058    .text               mf_w.l(dfltui.o)
    0x080006c8   0x080006c8   0x00000032   Code   RO         8060    .text               mf_w.l(dfixui.o)
    0x080006fa   0x080006fa   0x00000026   Code   RO         8062    .text               mf_w.l(f2d.o)
    0x08000720   0x08000720   0x00000030   Code   RO         8064    .text               mf_w.l(cdcmple.o)
    0x08000750   0x08000750   0x00000038   Code   RO         8066    .text               mf_w.l(d2f.o)
    0x08000788   0x08000788   0x0000002c   Code   RO         8129    .text               mc_w.l(uidiv.o)
    0x080007b4   0x080007b4   0x0000001e   Code   RO         8131    .text               mc_w.l(llshl.o)
    0x080007d2   0x080007d2   0x00000020   Code   RO         8133    .text               mc_w.l(llushr.o)
    0x080007f2   0x080007f2   0x00000024   Code   RO         8135    .text               mc_w.l(llsshr.o)
    0x08000816   0x08000816   0x00000002   PAD
    0x08000818   0x08000818   0x0000009c   Code   RO         8144    .text               mc_w.l(strtod.o)
    0x080008b4   0x080008b4   0x00000070   Code   RO         8146    .text               mc_w.l(strtol.o)
    0x08000924   0x08000924   0x00000000   Code   RO         8148    .text               mc_w.l(iusefp.o)
    0x08000924   0x08000924   0x0000006e   Code   RO         8149    .text               mf_w.l(fepilogue.o)
    0x08000992   0x08000992   0x000000ba   Code   RO         8151    .text               mf_w.l(depilogue.o)
    0x08000a4c   0x08000a4c   0x0000002e   Code   RO         8153    .text               mf_w.l(dscalb.o)
    0x08000a7a   0x08000a7a   0x000000a2   Code   RO         8155    .text               mf_w.l(dsqrt.o)
    0x08000b1c   0x08000b1c   0x00000030   Code   RO         8157    .text               mf_w.l(dfixul.o)
    0x08000b4c   0x08000b4c   0x00000030   Code   RO         8159    .text               mf_w.l(cdrcmple.o)
    0x08000b7c   0x08000b7c   0x00000004   Code   RO         8161    .text               mf_w.l(fpstat.o)
    0x08000b80   0x08000b80   0x00000024   Code   RO         8163    .text               mc_w.l(init.o)
    0x08000ba4   0x08000ba4   0x00000008   Code   RO         8168    .text               mc_w.l(ctype_o.o)
    0x08000bac   0x08000bac   0x00000012   Code   RO         8190    .text               mc_w.l(isspace_o.o)
    0x08000bbe   0x08000bbe   0x00000002   PAD
    0x08000bc0   0x08000bc0   0x00000360   Code   RO         8196    .text               mc_w.l(scanf_fp.o)
    0x08000f20   0x08000f20   0x00000040   Code   RO         8200    .text               mc_w.l(_sgetc.o)
    0x08000f60   0x08000f60   0x0000009e   Code   RO         8202    .text               mc_w.l(_strtoul.o)
    0x08000ffe   0x08000ffe   0x0000001c   Code   RO         8208    .text               mc_w.l(_chval.o)
    0x0800101a   0x0800101a   0x00000018   Code   RO         8210    .text               mf_w.l(dfltul.o)
    0x08001032   0x08001032   0x00000056   Code   RO         8220    .text               mc_w.l(__dczerorl2.o)
    0x08001088   0x08001088   0x00000024   Code   RO         2774    i.ADC_IRQHandler    stm32f4xx_it.o
    0x080010ac   0x080010ac   0x00000124   Code   RO         3150    i.ADC_Init          stm32f4xx_hal_adc.o
    0x080011d0   0x080011d0   0x0000005a   Code   RO         3317    i.ADC_MultiModeDMAConvCplt  stm32f4xx_hal_adc_ex.o
    0x0800122a   0x0800122a   0x00000012   Code   RO         3318    i.ADC_MultiModeDMAError  stm32f4xx_hal_adc_ex.o
    0x0800123c   0x0800123c   0x00000006   Code   RO         3319    i.ADC_MultiModeDMAHalfConvCplt  stm32f4xx_hal_adc_ex.o
    0x08001242   0x08001242   0x00000002   PAD
    0x08001244   0x08001244   0x00000054   Code   RO          665    i.BNO055_I2C_bus_read  inertial.o
    0x08001298   0x08001298   0x00000028   Code   RO          666    i.BNO055_I2C_bus_write  inertial.o
    0x080012c0   0x080012c0   0x00000004   Code   RO          667    i.BNO055_delay_msek  inertial.o
    0x080012c4   0x080012c4   0x00000006   Code   RO         2775    i.BusFault_Handler  stm32f4xx_it.o
    0x080012ca   0x080012ca   0x00000002   PAD
    0x080012cc   0x080012cc   0x0000000c   Code   RO         2776    i.DMA1_Stream0_IRQHandler  stm32f4xx_it.o
    0x080012d8   0x080012d8   0x0000000c   Code   RO         2777    i.DMA1_Stream2_IRQHandler  stm32f4xx_it.o
    0x080012e4   0x080012e4   0x0000000c   Code   RO         2778    i.DMA1_Stream4_IRQHandler  stm32f4xx_it.o
    0x080012f0   0x080012f0   0x0000000c   Code   RO         2779    i.DMA1_Stream5_IRQHandler  stm32f4xx_it.o
    0x080012fc   0x080012fc   0x0000000c   Code   RO         2780    i.DMA1_Stream6_IRQHandler  stm32f4xx_it.o
    0x08001308   0x08001308   0x0000000c   Code   RO         2781    i.DMA1_Stream7_IRQHandler  stm32f4xx_it.o
    0x08001314   0x08001314   0x0000000c   Code   RO         2782    i.DMA2_Stream0_IRQHandler  stm32f4xx_it.o
    0x08001320   0x08001320   0x0000000c   Code   RO         2783    i.DMA2_Stream1_IRQHandler  stm32f4xx_it.o
    0x0800132c   0x0800132c   0x0000000c   Code   RO         2784    i.DMA2_Stream2_IRQHandler  stm32f4xx_it.o
    0x08001338   0x08001338   0x00000028   Code   RO         5906    i.DMA_CalcBaseAndBitshift  stm32f4xx_hal_dma.o
    0x08001360   0x08001360   0x00000054   Code   RO         5907    i.DMA_CheckFifoParam  stm32f4xx_hal_dma.o
    0x080013b4   0x080013b4   0x00000028   Code   RO         5908    i.DMA_SetConfig     stm32f4xx_hal_dma.o
    0x080013dc   0x080013dc   0x00000002   Code   RO         2785    i.DebugMon_Handler  stm32f4xx_it.o
    0x080013de   0x080013de   0x0000000c   Code   RO          383    i.Delay_us          adc.o
    0x080013ea   0x080013ea   0x00000002   PAD
    0x080013ec   0x080013ec   0x00000010   Code   RO         2786    i.ERROR_STOP_MOTOR  stm32f4xx_it.o
    0x080013fc   0x080013fc   0x0000001e   Code   RO         2787    i.EXTI15_10_IRQHandler  stm32f4xx_it.o
    0x0800141a   0x0800141a   0x00000018   Code   RO         2788    i.EXTI9_5_IRQHandler  stm32f4xx_it.o
    0x08001432   0x08001432   0x00000002   Code   RO         2545    i.Error_Handler     main.o
    0x08001434   0x08001434   0x00000050   Code   RO         5673    i.FLASH_Erase_Sector  stm32f4xx_hal_flash_ex.o
    0x08001484   0x08001484   0x00000020   Code   RO         5555    i.FLASH_Program_Byte  stm32f4xx_hal_flash.o
    0x080014a4   0x080014a4   0x00000028   Code   RO         5556    i.FLASH_Program_DoubleWord  stm32f4xx_hal_flash.o
    0x080014cc   0x080014cc   0x00000024   Code   RO         5557    i.FLASH_Program_HalfWord  stm32f4xx_hal_flash.o
    0x080014f0   0x080014f0   0x00000024   Code   RO         5558    i.FLASH_Program_Word  stm32f4xx_hal_flash.o
    0x08001514   0x08001514   0x0000007c   Code   RO         5559    i.FLASH_SetErrorCode  stm32f4xx_hal_flash.o
    0x08001590   0x08001590   0x00000050   Code   RO         5560    i.FLASH_WaitForLastOperation  stm32f4xx_hal_flash.o
    0x080015e0   0x080015e0   0x00000008   Code   RO          251    i.Flash_Read        debug.o
    0x080015e8   0x080015e8   0x00000044   Code   RO          252    i.Flash_WriteWord   debug.o
    0x0800162c   0x0800162c   0x00000050   Code   RO          253    i.Flash_variable    debug.o
    0x0800167c   0x0800167c   0x00000002   Code   RO         3321    i.HAL_ADCEx_InjectedConvCpltCallback  stm32f4xx_hal_adc_ex.o
    0x0800167e   0x0800167e   0x00000002   PAD
    0x08001680   0x08001680   0x00000054   Code   RO         3328    i.HAL_ADCEx_MultiModeConfigChannel  stm32f4xx_hal_adc_ex.o
    0x080016d4   0x080016d4   0x000000f8   Code   RO         3330    i.HAL_ADCEx_MultiModeStart_DMA  stm32f4xx_hal_adc_ex.o
    0x080017cc   0x080017cc   0x00000154   Code   RO         3152    i.HAL_ADC_ConfigChannel  stm32f4xx_hal_adc.o
    0x08001920   0x08001920   0x00000038   Code   RO          384    i.HAL_ADC_ConvCpltCallback  adc.o
    0x08001958   0x08001958   0x00000002   Code   RO         3154    i.HAL_ADC_ConvHalfCpltCallback  stm32f4xx_hal_adc.o
    0x0800195a   0x0800195a   0x00000002   Code   RO         3156    i.HAL_ADC_ErrorCallback  stm32f4xx_hal_adc.o
    0x0800195c   0x0800195c   0x0000013c   Code   RO         3160    i.HAL_ADC_IRQHandler  stm32f4xx_hal_adc.o
    0x08001a98   0x08001a98   0x00000054   Code   RO         3161    i.HAL_ADC_Init      stm32f4xx_hal_adc.o
    0x08001aec   0x08001aec   0x00000002   Code   RO         3162    i.HAL_ADC_LevelOutOfWindowCallback  stm32f4xx_hal_adc.o
    0x08001aee   0x08001aee   0x00000002   PAD
    0x08001af0   0x08001af0   0x00000200   Code   RO         2994    i.HAL_ADC_MspInit   stm32f4xx_hal_msp.o
    0x08001cf0   0x08001cf0   0x000000bc   Code   RO         3167    i.HAL_ADC_Start     stm32f4xx_hal_adc.o
    0x08001dac   0x08001dac   0x00000024   Code   RO         5910    i.HAL_DMA_Abort_IT  stm32f4xx_hal_dma.o
    0x08001dd0   0x08001dd0   0x000001a0   Code   RO         5914    i.HAL_DMA_IRQHandler  stm32f4xx_hal_dma.o
    0x08001f70   0x08001f70   0x000000d4   Code   RO         5915    i.HAL_DMA_Init      stm32f4xx_hal_dma.o
    0x08002044   0x08002044   0x00000078   Code   RO         5919    i.HAL_DMA_Start_IT  stm32f4xx_hal_dma.o
    0x080020bc   0x080020bc   0x00000014   Code   RO         5564    i.HAL_FLASH_Lock    stm32f4xx_hal_flash.o
    0x080020d0   0x080020d0   0x0000007c   Code   RO         5569    i.HAL_FLASH_Program  stm32f4xx_hal_flash.o
    0x0800214c   0x0800214c   0x0000002c   Code   RO         5571    i.HAL_FLASH_Unlock  stm32f4xx_hal_flash.o
    0x08002178   0x08002178   0x000000b4   Code   RO         2546    i.HAL_GPIO_EXTI_Callback  main.o
    0x0800222c   0x0800222c   0x00000018   Code   RO         5801    i.HAL_GPIO_EXTI_IRQHandler  stm32f4xx_hal_gpio.o
    0x08002244   0x08002244   0x000001a4   Code   RO         5802    i.HAL_GPIO_Init     stm32f4xx_hal_gpio.o
    0x080023e8   0x080023e8   0x0000000a   Code   RO         5804    i.HAL_GPIO_ReadPin  stm32f4xx_hal_gpio.o
    0x080023f2   0x080023f2   0x0000000a   Code   RO         5806    i.HAL_GPIO_WritePin  stm32f4xx_hal_gpio.o
    0x080023fc   0x080023fc   0x0000000c   Code   RO         6352    i.HAL_GetTick       stm32f4xx_hal.o
    0x08002408   0x08002408   0x00000002   Code   RO         3422    i.HAL_I2C_AbortCpltCallback  stm32f4xx_hal_i2c.o
    0x0800240a   0x0800240a   0x00000002   Code   RO         3423    i.HAL_I2C_AddrCallback  stm32f4xx_hal_i2c.o
    0x0800240c   0x0800240c   0x000000c4   Code   RO         3426    i.HAL_I2C_ER_IRQHandler  stm32f4xx_hal_i2c.o
    0x080024d0   0x080024d0   0x000001f0   Code   RO         3427    i.HAL_I2C_EV_IRQHandler  stm32f4xx_hal_i2c.o
    0x080026c0   0x080026c0   0x00000002   Code   RO         3429    i.HAL_I2C_ErrorCallback  stm32f4xx_hal_i2c.o
    0x080026c2   0x080026c2   0x00000002   PAD
    0x080026c4   0x080026c4   0x00000108   Code   RO         3433    i.HAL_I2C_Init      stm32f4xx_hal_i2c.o
    0x080027cc   0x080027cc   0x00000002   Code   RO         3435    i.HAL_I2C_ListenCpltCallback  stm32f4xx_hal_i2c.o
    0x080027ce   0x080027ce   0x00000002   Code   RO         3436    i.HAL_I2C_MasterRxCpltCallback  stm32f4xx_hal_i2c.o
    0x080027d0   0x080027d0   0x00000002   Code   RO         3437    i.HAL_I2C_MasterTxCpltCallback  stm32f4xx_hal_i2c.o
    0x080027d2   0x080027d2   0x00000002   Code   RO         3447    i.HAL_I2C_MemRxCpltCallback  stm32f4xx_hal_i2c.o
    0x080027d4   0x080027d4   0x00000002   Code   RO         3448    i.HAL_I2C_MemTxCpltCallback  stm32f4xx_hal_i2c.o
    0x080027d6   0x080027d6   0x00000002   PAD
    0x080027d8   0x080027d8   0x000001fc   Code   RO         3449    i.HAL_I2C_Mem_Read  stm32f4xx_hal_i2c.o
    0x080029d4   0x080029d4   0x0000013c   Code   RO         3452    i.HAL_I2C_Mem_Write  stm32f4xx_hal_i2c.o
    0x08002b10   0x08002b10   0x00000088   Code   RO         2996    i.HAL_I2C_MspInit   stm32f4xx_hal_msp.o
    0x08002b98   0x08002b98   0x00000002   Code   RO         3457    i.HAL_I2C_SlaveRxCpltCallback  stm32f4xx_hal_i2c.o
    0x08002b9a   0x08002b9a   0x00000002   Code   RO         3458    i.HAL_I2C_SlaveTxCpltCallback  stm32f4xx_hal_i2c.o
    0x08002b9c   0x08002b9c   0x00000010   Code   RO         6356    i.HAL_IncTick       stm32f4xx_hal.o
    0x08002bac   0x08002bac   0x00000034   Code   RO         6357    i.HAL_Init          stm32f4xx_hal.o
    0x08002be0   0x08002be0   0x00000074   Code   RO         3108    i.HAL_InitTick      stm32f4xx_hal_timebase_tim.o
    0x08002c54   0x08002c54   0x00000038   Code   RO         2997    i.HAL_MspInit       stm32f4xx_hal_msp.o
    0x08002c8c   0x08002c8c   0x00000016   Code   RO         6209    i.HAL_NVIC_EnableIRQ  stm32f4xx_hal_cortex.o
    0x08002ca2   0x08002ca2   0x00000002   PAD
    0x08002ca4   0x08002ca4   0x00000040   Code   RO         6215    i.HAL_NVIC_SetPriority  stm32f4xx_hal_cortex.o
    0x08002ce4   0x08002ce4   0x00000024   Code   RO         6216    i.HAL_NVIC_SetPriorityGrouping  stm32f4xx_hal_cortex.o
    0x08002d08   0x08002d08   0x00000070   Code   RO         6138    i.HAL_PWREx_EnableOverDrive  stm32f4xx_hal_pwr_ex.o
    0x08002d78   0x08002d78   0x00000130   Code   RO         5364    i.HAL_RCC_ClockConfig  stm32f4xx_hal_rcc.o
    0x08002ea8   0x08002ea8   0x00000040   Code   RO         5368    i.HAL_RCC_GetClockConfig  stm32f4xx_hal_rcc.o
    0x08002ee8   0x08002ee8   0x00000020   Code   RO         5371    i.HAL_RCC_GetPCLK1Freq  stm32f4xx_hal_rcc.o
    0x08002f08   0x08002f08   0x00000020   Code   RO         5372    i.HAL_RCC_GetPCLK2Freq  stm32f4xx_hal_rcc.o
    0x08002f28   0x08002f28   0x00000094   Code   RO         5475    i.HAL_RCC_GetSysClockFreq  stm32f4xx_hal_rcc_ex.o
    0x08002fbc   0x08002fbc   0x00000344   Code   RO         5476    i.HAL_RCC_OscConfig  stm32f4xx_hal_rcc_ex.o
    0x08003300   0x08003300   0x00000002   Code   RO         3857    i.HAL_SPI_ErrorCallback  stm32f4xx_hal_spi.o
    0x08003302   0x08003302   0x00000002   PAD
    0x08003304   0x08003304   0x000000d4   Code   RO         3860    i.HAL_SPI_IRQHandler  stm32f4xx_hal_spi.o
    0x080033d8   0x080033d8   0x00000080   Code   RO         3861    i.HAL_SPI_Init      stm32f4xx_hal_spi.o
    0x08003458   0x08003458   0x0000014c   Code   RO         2999    i.HAL_SPI_MspInit   stm32f4xx_hal_msp.o
    0x080035a4   0x080035a4   0x00000168   Code   RO         3869    i.HAL_SPI_Transmit  stm32f4xx_hal_spi.o
    0x0800370c   0x0800370c   0x00000002   Code   RO         4798    i.HAL_TIMEx_BreakCallback  stm32f4xx_hal_tim_ex.o
    0x0800370e   0x0800370e   0x00000002   Code   RO         4799    i.HAL_TIMEx_CommutationCallback  stm32f4xx_hal_tim_ex.o
    0x08003710   0x08003710   0x0000005a   Code   RO         4800    i.HAL_TIMEx_ConfigBreakDeadTime  stm32f4xx_hal_tim_ex.o
    0x0800376a   0x0800376a   0x00000050   Code   RO         4815    i.HAL_TIMEx_MasterConfigSynchronization  stm32f4xx_hal_tim_ex.o
    0x080037ba   0x080037ba   0x00000036   Code   RO         4169    i.HAL_TIM_Base_Init  stm32f4xx_hal_tim.o
    0x080037f0   0x080037f0   0x00000108   Code   RO         3001    i.HAL_TIM_Base_MspInit  stm32f4xx_hal_msp.o
    0x080038f8   0x080038f8   0x0000001a   Code   RO         4172    i.HAL_TIM_Base_Start  stm32f4xx_hal_tim.o
    0x08003912   0x08003912   0x00000018   Code   RO         4174    i.HAL_TIM_Base_Start_IT  stm32f4xx_hal_tim.o
    0x0800392a   0x0800392a   0x0000002a   Code   RO         4177    i.HAL_TIM_Base_Stop_IT  stm32f4xx_hal_tim.o
    0x08003954   0x08003954   0x000000f2   Code   RO         4178    i.HAL_TIM_ConfigClockSource  stm32f4xx_hal_tim.o
    0x08003a46   0x08003a46   0x00000096   Code   RO         4187    i.HAL_TIM_Encoder_Init  stm32f4xx_hal_tim.o
    0x08003adc   0x08003adc   0x000000a8   Code   RO         3003    i.HAL_TIM_Encoder_MspInit  stm32f4xx_hal_msp.o
    0x08003b84   0x08003b84   0x00000034   Code   RO         4190    i.HAL_TIM_Encoder_Start  stm32f4xx_hal_tim.o
    0x08003bb8   0x08003bb8   0x00000018   Code   RO          545    i.HAL_TIM_IC_CaptureCallback  pwm_in.o
    0x08003bd0   0x08003bd0   0x0000011e   Code   RO         4199    i.HAL_TIM_IC_ConfigChannel  stm32f4xx_hal_tim.o
    0x08003cee   0x08003cee   0x00000036   Code   RO         4202    i.HAL_TIM_IC_Init   stm32f4xx_hal_tim.o
    0x08003d24   0x08003d24   0x00000002   Code   RO         4204    i.HAL_TIM_IC_MspInit  stm32f4xx_hal_tim.o
    0x08003d26   0x08003d26   0x0000004c   Code   RO         4207    i.HAL_TIM_IC_Start_IT  stm32f4xx_hal_tim.o
    0x08003d72   0x08003d72   0x00000166   Code   RO         4211    i.HAL_TIM_IRQHandler  stm32f4xx_hal_tim.o
    0x08003ed8   0x08003ed8   0x00000080   Code   RO         3004    i.HAL_TIM_MspPostInit  stm32f4xx_hal_msp.o
    0x08003f58   0x08003f58   0x00000002   Code   RO         4214    i.HAL_TIM_OC_DelayElapsedCallback  stm32f4xx_hal_tim.o
    0x08003f5a   0x08003f5a   0x000000d0   Code   RO         4235    i.HAL_TIM_PWM_ConfigChannel  stm32f4xx_hal_tim.o
    0x0800402a   0x0800402a   0x00000036   Code   RO         4238    i.HAL_TIM_PWM_Init  stm32f4xx_hal_tim.o
    0x08004060   0x08004060   0x000000b0   Code   RO         3006    i.HAL_TIM_PWM_MspInit  stm32f4xx_hal_msp.o
    0x08004110   0x08004110   0x00000002   Code   RO         4241    i.HAL_TIM_PWM_PulseFinishedCallback  stm32f4xx_hal_tim.o
    0x08004112   0x08004112   0x00000002   PAD
    0x08004114   0x08004114   0x00000038   Code   RO         4242    i.HAL_TIM_PWM_Start  stm32f4xx_hal_tim.o
    0x0800414c   0x0800414c   0x000000d0   Code   RO         2547    i.HAL_TIM_PeriodElapsedCallback  main.o
    0x0800421c   0x0800421c   0x00000044   Code   RO         4249    i.HAL_TIM_ReadCapturedValue  stm32f4xx_hal_tim.o
    0x08004260   0x08004260   0x00000042   Code   RO         4250    i.HAL_TIM_SlaveConfigSynchronization  stm32f4xx_hal_tim.o
    0x080042a2   0x080042a2   0x00000002   Code   RO         4252    i.HAL_TIM_TriggerCallback  stm32f4xx_hal_tim.o
    0x080042a4   0x080042a4   0x00000002   Code   RO         5058    i.HAL_UART_ErrorCallback  stm32f4xx_hal_uart.o
    0x080042a6   0x080042a6   0x00000002   PAD
    0x080042a8   0x080042a8   0x00000110   Code   RO         5061    i.HAL_UART_IRQHandler  stm32f4xx_hal_uart.o
    0x080043b8   0x080043b8   0x00000062   Code   RO         5062    i.HAL_UART_Init     stm32f4xx_hal_uart.o
    0x0800441a   0x0800441a   0x00000002   PAD
    0x0800441c   0x0800441c   0x0000021c   Code   RO         3008    i.HAL_UART_MspInit  stm32f4xx_hal_msp.o
    0x08004638   0x08004638   0x00000098   Code   RO         5066    i.HAL_UART_Receive_DMA  stm32f4xx_hal_uart.o
    0x080046d0   0x080046d0   0x00000048   Code   RO         5067    i.HAL_UART_Receive_IT  stm32f4xx_hal_uart.o
    0x08004718   0x08004718   0x000000ac   Code   RO          254    i.HAL_UART_RxCpltCallback  debug.o
    0x080047c4   0x080047c4   0x00000002   Code   RO         5069    i.HAL_UART_RxHalfCpltCallback  stm32f4xx_hal_uart.o
    0x080047c6   0x080047c6   0x00000002   PAD
    0x080047c8   0x080047c8   0x00000080   Code   RO         5071    i.HAL_UART_Transmit_DMA  stm32f4xx_hal_uart.o
    0x08004848   0x08004848   0x00000074   Code   RO          255    i.HAL_UART_TxCpltCallback  debug.o
    0x080048bc   0x080048bc   0x00000002   Code   RO          256    i.HAL_UART_TxHalfCpltCallback  debug.o
    0x080048be   0x080048be   0x00000006   Code   RO         2789    i.HardFault_Handler  stm32f4xx_it.o
    0x080048c4   0x080048c4   0x0000000c   Code   RO         2790    i.I2C1_ER_IRQHandler  stm32f4xx_it.o
    0x080048d0   0x080048d0   0x0000000c   Code   RO         2791    i.I2C1_EV_IRQHandler  stm32f4xx_it.o
    0x080048dc   0x080048dc   0x0000004e   Code   RO         3467    i.I2C_DMAAbort      stm32f4xx_hal_i2c.o
    0x0800492a   0x0800492a   0x00000002   PAD
    0x0800492c   0x0800492c   0x00000124   Code   RO         3470    i.I2C_ITError       stm32f4xx_hal_i2c.o
    0x08004a50   0x08004a50   0x00000028   Code   RO         3471    i.I2C_IsAcknowledgeFailed  stm32f4xx_hal_i2c.o
    0x08004a78   0x08004a78   0x000000be   Code   RO         3472    i.I2C_MasterReceive_BTF  stm32f4xx_hal_i2c.o
    0x08004b36   0x08004b36   0x00000084   Code   RO         3473    i.I2C_MasterReceive_RXNE  stm32f4xx_hal_i2c.o
    0x08004bba   0x08004bba   0x00000080   Code   RO         3476    i.I2C_MasterTransmit_BTF  stm32f4xx_hal_i2c.o
    0x08004c3a   0x08004c3a   0x00000002   PAD
    0x08004c3c   0x08004c3c   0x00000108   Code   RO         3477    i.I2C_MasterTransmit_TXE  stm32f4xx_hal_i2c.o
    0x08004d44   0x08004d44   0x000000f4   Code   RO         3478    i.I2C_Master_ADDR   stm32f4xx_hal_i2c.o
    0x08004e38   0x08004e38   0x0000005a   Code   RO         3479    i.I2C_Master_SB     stm32f4xx_hal_i2c.o
    0x08004e92   0x08004e92   0x000000f0   Code   RO         3480    i.I2C_RequestMemoryRead  stm32f4xx_hal_i2c.o
    0x08004f82   0x08004f82   0x00000002   PAD
    0x08004f84   0x08004f84   0x000000a0   Code   RO         3481    i.I2C_RequestMemoryWrite  stm32f4xx_hal_i2c.o
    0x08005024   0x08005024   0x00000084   Code   RO         3482    i.I2C_Slave_AF      stm32f4xx_hal_i2c.o
    0x080050a8   0x080050a8   0x000000dc   Code   RO         3483    i.I2C_Slave_STOPF   stm32f4xx_hal_i2c.o
    0x08005184   0x08005184   0x0000004e   Code   RO         3484    i.I2C_WaitOnBTFFlagUntilTimeout  stm32f4xx_hal_i2c.o
    0x080051d2   0x080051d2   0x00000060   Code   RO         3485    i.I2C_WaitOnFlagUntilTimeout  stm32f4xx_hal_i2c.o
    0x08005232   0x08005232   0x00000002   PAD
    0x08005234   0x08005234   0x00000088   Code   RO         3486    i.I2C_WaitOnMasterAddressFlagUntilTimeout  stm32f4xx_hal_i2c.o
    0x080052bc   0x080052bc   0x00000062   Code   RO         3487    i.I2C_WaitOnRXNEFlagUntilTimeout  stm32f4xx_hal_i2c.o
    0x0800531e   0x0800531e   0x0000004e   Code   RO         3488    i.I2C_WaitOnTXEFlagUntilTimeout  stm32f4xx_hal_i2c.o
    0x0800536c   0x0800536c   0x00000028   Code   RO          668    i.I2C_routine       inertial.o
    0x08005394   0x08005394   0x00000094   Code   RO         2548    i.MX_ADC1_Init      main.o
    0x08005428   0x08005428   0x00000068   Code   RO         2549    i.MX_ADC2_Init      main.o
    0x08005490   0x08005490   0x00000064   Code   RO         2550    i.MX_ADC3_Init      main.o
    0x080054f4   0x080054f4   0x000000bc   Code   RO         2551    i.MX_DMA_Init       main.o
    0x080055b0   0x080055b0   0x0000016c   Code   RO         2552    i.MX_GPIO_Init      main.o
    0x0800571c   0x0800571c   0x00000038   Code   RO         2553    i.MX_SPI2_Init      main.o
    0x08005754   0x08005754   0x00000038   Code   RO         2554    i.MX_SPI3_Init      main.o
    0x0800578c   0x0800578c   0x0000008c   Code   RO         2555    i.MX_TIM1_Init      main.o
    0x08005818   0x08005818   0x000000b0   Code   RO         2556    i.MX_TIM2_Init      main.o
    0x080058c8   0x080058c8   0x0000005c   Code   RO         2557    i.MX_TIM3_Init      main.o
    0x08005924   0x08005924   0x00000006   Code   RO         2792    i.MemManage_Handler  stm32f4xx_it.o
    0x0800592a   0x0800592a   0x00000002   Code   RO         2793    i.NMI_Handler       stm32f4xx_it.o
    0x0800592c   0x0800592c   0x00000020   Code   RO         6222    i.NVIC_SetPriority  stm32f4xx_hal_cortex.o
    0x0800594c   0x0800594c   0x0000000c   Code   RO         2794    i.SPI2_IRQHandler   stm32f4xx_it.o
    0x08005958   0x08005958   0x00000020   Code   RO         3885    i.SPI_CheckFlag_BSY  stm32f4xx_hal_spi.o
    0x08005978   0x08005978   0x00000010   Code   RO         3889    i.SPI_DMAAbortOnError  stm32f4xx_hal_spi.o
    0x08005988   0x08005988   0x00000096   Code   RO         3903    i.SPI_WaitFlagStateUntilTimeout  stm32f4xx_hal_spi.o
    0x08005a1e   0x08005a1e   0x00000002   PAD
    0x08005a20   0x08005a20   0x000001c8   Code   RO          386    i.Start_ADC_Task    adc.o
    0x08005be8   0x08005be8   0x000004c0   Code   RO          444    i.Start_Calculate_Task  adc_process.o
    0x080060a8   0x080060a8   0x00000cac   Code   RO          257    i.Start_Debug_Task  debug.o
    0x08006d54   0x08006d54   0x00000220   Code   RO          624    i.Start_Encoder_Task  encoder.o
    0x08006f74   0x08006f74   0x00000008   Code   RO         2562    i.Start_Get_Debug_Task  main.o
    0x08006f7c   0x08006f7c   0x00000154   Code   RO          669    i.Start_Gyroscope_Task  inertial.o
    0x080070d0   0x080070d0   0x00000540   Code   RO          345    i.Start_Motor_Task  motor.o
    0x08007610   0x08007610   0x0000013c   Code   RO          579    i.Start_Servo_Task  servo.o
    0x0800774c   0x0800774c   0x00000008   Code   RO          740    i.Start_TOF_Task    tof.o
    0x08007754   0x08007754   0x00000012   Code   RO          445    i.Swap              adc_process.o
    0x08007766   0x08007766   0x00000002   PAD
    0x08007768   0x08007768   0x0000002c   Code   RO         7624    i.SysTick_Handler   port.o
    0x08007794   0x08007794   0x00000088   Code   RO         2567    i.SystemClock_Config  main.o
    0x0800781c   0x0800781c   0x00000054   Code   RO         6511    i.SystemInit        system_stm32f4xx.o
    0x08007870   0x08007870   0x0000001c   Code   RO         2795    i.TIM1_TRG_COM_TIM11_IRQHandler  stm32f4xx_it.o
    0x0800788c   0x0800788c   0x0000001c   Code   RO         2796    i.TIM1_UP_TIM10_IRQHandler  stm32f4xx_it.o
    0x080078a8   0x080078a8   0x0000000c   Code   RO         2797    i.TIM2_IRQHandler   stm32f4xx_it.o
    0x080078b4   0x080078b4   0x0000000c   Code   RO         2798    i.TIM6_DAC_IRQHandler  stm32f4xx_it.o
    0x080078c0   0x080078c0   0x0000000c   Code   RO         2799    i.TIM7_IRQHandler   stm32f4xx_it.o
    0x080078cc   0x080078cc   0x0000000c   Code   RO         2800    i.TIM8_BRK_TIM12_IRQHandler  stm32f4xx_it.o
    0x080078d8   0x080078d8   0x0000000c   Code   RO         2801    i.TIM8_TRG_COM_TIM14_IRQHandler  stm32f4xx_it.o
    0x080078e4   0x080078e4   0x0000000c   Code   RO         2802    i.TIM8_UP_TIM13_IRQHandler  stm32f4xx_it.o
    0x080078f0   0x080078f0   0x000000c0   Code   RO         4253    i.TIM_Base_SetConfig  stm32f4xx_hal_tim.o
    0x080079b0   0x080079b0   0x00000016   Code   RO         4254    i.TIM_CCxChannelCmd  stm32f4xx_hal_tim.o
    0x080079c6   0x080079c6   0x00000014   Code   RO         4260    i.TIM_ETR_SetConfig  stm32f4xx_hal_tim.o
    0x080079da   0x080079da   0x00000010   Code   RO         4261    i.TIM_ITRx_SetConfig  stm32f4xx_hal_tim.o
    0x080079ea   0x080079ea   0x00000002   PAD
    0x080079ec   0x080079ec   0x00000058   Code   RO         4262    i.TIM_OC1_SetConfig  stm32f4xx_hal_tim.o
    0x08007a44   0x08007a44   0x00000064   Code   RO         4263    i.TIM_OC2_SetConfig  stm32f4xx_hal_tim.o
    0x08007aa8   0x08007aa8   0x00000060   Code   RO         4264    i.TIM_OC3_SetConfig  stm32f4xx_hal_tim.o
    0x08007b08   0x08007b08   0x00000050   Code   RO         4265    i.TIM_OC4_SetConfig  stm32f4xx_hal_tim.o
    0x08007b58   0x08007b58   0x0000007c   Code   RO         4266    i.TIM_SlaveTimer_SetConfig  stm32f4xx_hal_tim.o
    0x08007bd4   0x08007bd4   0x00000022   Code   RO         4267    i.TIM_TI1_ConfigInputStage  stm32f4xx_hal_tim.o
    0x08007bf6   0x08007bf6   0x00000002   PAD
    0x08007bf8   0x08007bf8   0x00000084   Code   RO         4268    i.TIM_TI1_SetConfig  stm32f4xx_hal_tim.o
    0x08007c7c   0x08007c7c   0x00000024   Code   RO         4269    i.TIM_TI2_ConfigInputStage  stm32f4xx_hal_tim.o
    0x08007ca0   0x08007ca0   0x00000036   Code   RO         4270    i.TIM_TI2_SetConfig  stm32f4xx_hal_tim.o
    0x08007cd6   0x08007cd6   0x00000002   PAD
    0x08007cd8   0x08007cd8   0x00000028   Code   RO          258    i.UART2_message     debug.o
    0x08007d00   0x08007d00   0x0000000c   Code   RO         2803    i.UART5_IRQHandler  stm32f4xx_it.o
    0x08007d0c   0x08007d0c   0x00000010   Code   RO         5075    i.UART_DMAAbortOnError  stm32f4xx_hal_uart.o
    0x08007d1c   0x08007d1c   0x0000004a   Code   RO         5076    i.UART_DMAError     stm32f4xx_hal_uart.o
    0x08007d66   0x08007d66   0x0000003c   Code   RO         5077    i.UART_DMAReceiveCplt  stm32f4xx_hal_uart.o
    0x08007da2   0x08007da2   0x0000000a   Code   RO         5079    i.UART_DMARxHalfCplt  stm32f4xx_hal_uart.o
    0x08007dac   0x08007dac   0x0000002e   Code   RO         5081    i.UART_DMATransmitCplt  stm32f4xx_hal_uart.o
    0x08007dda   0x08007dda   0x0000000a   Code   RO         5083    i.UART_DMATxHalfCplt  stm32f4xx_hal_uart.o
    0x08007de4   0x08007de4   0x0000001c   Code   RO         5085    i.UART_EndRxTransfer  stm32f4xx_hal_uart.o
    0x08007e00   0x08007e00   0x00000012   Code   RO         5086    i.UART_EndTxTransfer  stm32f4xx_hal_uart.o
    0x08007e12   0x08007e12   0x0000008c   Code   RO         5087    i.UART_Receive_IT   stm32f4xx_hal_uart.o
    0x08007e9e   0x08007e9e   0x00000002   PAD
    0x08007ea0   0x08007ea0   0x000002ac   Code   RO         5088    i.UART_SetConfig    stm32f4xx_hal_uart.o
    0x0800814c   0x0800814c   0x00000062   Code   RO         5089    i.UART_Transmit_IT  stm32f4xx_hal_uart.o
    0x080081ae   0x080081ae   0x00000002   PAD
    0x080081b0   0x080081b0   0x0000000c   Code   RO         2804    i.USART1_IRQHandler  stm32f4xx_it.o
    0x080081bc   0x080081bc   0x0000000c   Code   RO         2805    i.USART2_IRQHandler  stm32f4xx_it.o
    0x080081c8   0x080081c8   0x00000006   Code   RO         2806    i.UsageFault_Handler  stm32f4xx_it.o
    0x080081ce   0x080081ce   0x00000002   PAD
    0x080081d0   0x080081d0   0x00000028   Code   RO         8020    i.__0sprintf        mc_w.l(printfa.o)
    0x080081f8   0x080081f8   0x00000030   Code   RO         8088    i.__ARM_fpclassify  m_wm.l(fpclassify.o)
    0x08008228   0x08008228   0x00000026   Code   RO         8090    i.__ARM_fpclassifyf  m_wm.l(fpclassifyf.o)
    0x0800824e   0x0800824e   0x00000002   PAD
    0x08008250   0x08008250   0x00000008   Code   RO         8137    i.__aeabi_errno_addr  mc_w.l(errno.o)
    0x08008258   0x08008258   0x00000038   Code   RO         7700    i.__hardfp_atof     m_wm.l(atof.o)
    0x08008290   0x08008290   0x00000150   Code   RO         7706    i.__hardfp_cosf     m_wm.l(cosf.o)
    0x080083e0   0x080083e0   0x00000c50   Code   RO         7718    i.__hardfp_pow      m_wm.l(pow.o)
    0x08009030   0x08009030   0x00000664   Code   RO         7732    i.__hardfp_powf     m_wm.l(powf.o)
    0x08009694   0x08009694   0x00000190   Code   RO         7746    i.__hardfp_sinf     m_wm.l(sinf.o)
    0x08009824   0x08009824   0x0000007a   Code   RO         7758    i.__hardfp_sqrt     m_wm.l(sqrt.o)
    0x0800989e   0x0800989e   0x000000f8   Code   RO         8106    i.__kernel_poly     m_wm.l(poly.o)
    0x08009996   0x08009996   0x00000002   PAD
    0x08009998   0x08009998   0x00000030   Code   RO         8068    i.__mathlib_dbl_divzero  m_wm.l(dunder.o)
    0x080099c8   0x080099c8   0x00000014   Code   RO         8070    i.__mathlib_dbl_infnan2  m_wm.l(dunder.o)
    0x080099dc   0x080099dc   0x00000004   PAD
    0x080099e0   0x080099e0   0x00000020   Code   RO         8071    i.__mathlib_dbl_invalid  m_wm.l(dunder.o)
    0x08009a00   0x08009a00   0x00000020   Code   RO         8072    i.__mathlib_dbl_overflow  m_wm.l(dunder.o)
    0x08009a20   0x08009a20   0x00000020   Code   RO         8074    i.__mathlib_dbl_underflow  m_wm.l(dunder.o)
    0x08009a40   0x08009a40   0x00000014   Code   RO         8092    i.__mathlib_flt_divzero  m_wm.l(funder.o)
    0x08009a54   0x08009a54   0x00000006   Code   RO         8093    i.__mathlib_flt_infnan  m_wm.l(funder.o)
    0x08009a5a   0x08009a5a   0x00000006   Code   RO         8094    i.__mathlib_flt_infnan2  m_wm.l(funder.o)
    0x08009a60   0x08009a60   0x00000010   Code   RO         8095    i.__mathlib_flt_invalid  m_wm.l(funder.o)
    0x08009a70   0x08009a70   0x00000010   Code   RO         8096    i.__mathlib_flt_overflow  m_wm.l(funder.o)
    0x08009a80   0x08009a80   0x00000010   Code   RO         8098    i.__mathlib_flt_underflow  m_wm.l(funder.o)
    0x08009a90   0x08009a90   0x00000154   Code   RO         8109    i.__mathlib_rredf2  m_wm.l(rredf.o)
    0x08009be4   0x08009be4   0x0000000c   Code   RO         8138    i.__read_errno      mc_w.l(errno.o)
    0x08009bf0   0x08009bf0   0x0000000e   Code   RO         8214    i.__scatterload_copy  mc_w.l(handlers.o)
    0x08009bfe   0x08009bfe   0x00000002   Code   RO         8215    i.__scatterload_null  mc_w.l(handlers.o)
    0x08009c00   0x08009c00   0x0000000e   Code   RO         8216    i.__scatterload_zeroinit  mc_w.l(handlers.o)
    0x08009c0e   0x08009c0e   0x00000002   PAD
    0x08009c10   0x08009c10   0x0000000c   Code   RO         8139    i.__set_errno       mc_w.l(errno.o)
    0x08009c1c   0x08009c1c   0x00000184   Code   RO         8025    i._fp_digits        mc_w.l(printfa.o)
    0x08009da0   0x08009da0   0x0000000e   Code   RO         8198    i._is_digit         mc_w.l(scanf_fp.o)
    0x08009dae   0x08009dae   0x00000002   PAD
    0x08009db0   0x08009db0   0x000006dc   Code   RO         8026    i._printf_core      mc_w.l(printfa.o)
    0x0800a48c   0x0800a48c   0x00000024   Code   RO         8027    i._printf_post_padding  mc_w.l(printfa.o)
    0x0800a4b0   0x0800a4b0   0x0000002e   Code   RO         8028    i._printf_pre_padding  mc_w.l(printfa.o)
    0x0800a4de   0x0800a4de   0x0000000a   Code   RO         8030    i._sputc            mc_w.l(printfa.o)
    0x0800a4e8   0x0800a4e8   0x0000022c   Code   RO          580    i.allapotszabalyozo  servo.o
    0x0800a714   0x0800a714   0x00000014   Code   RO          387    i.analog_multi_switch  adc.o
    0x0800a728   0x0800a728   0x00000568   Code   RO          446    i.atsorolas_adc_process  adc_process.o
    0x0800ac90   0x0800ac90   0x00000030   Code   RO          784    i.atsorolashoz      labirintus.o
    0x0800acc0   0x0800acc0   0x00000060   Code   RO          893    i.bno055_convert_double_euler_h_rad  bno055.o
    0x0800ad20   0x0800ad20   0x00000050   Code   RO          979    i.bno055_get_euler_unit  bno055.o
    0x0800ad70   0x0800ad70   0x00000050   Code   RO         1025    i.bno055_get_operation_mode  bno055.o
    0x0800adc0   0x0800adc0   0x00000050   Code   RO         1026    i.bno055_get_power_mode  bno055.o
    0x0800ae10   0x0800ae10   0x000000d0   Code   RO         1044    i.bno055_init       bno055.o
    0x0800aee0   0x0800aee0   0x0000005c   Code   RO         1053    i.bno055_read_euler_h  bno055.o
    0x0800af3c   0x0800af3c   0x00000080   Code   RO         1105    i.bno055_set_euler_unit  bno055.o
    0x0800afbc   0x0800afbc   0x000000b0   Code   RO         1143    i.bno055_set_operation_mode  bno055.o
    0x0800b06c   0x0800b06c   0x00000080   Code   RO         1144    i.bno055_set_power_mode  bno055.o
    0x0800b0ec   0x0800b0ec   0x000001b0   Code   RO         1153    i.bno055_write_accel_offset  bno055.o
    0x0800b29c   0x0800b29c   0x00000158   Code   RO         1154    i.bno055_write_gyro_offset  bno055.o
    0x0800b3f4   0x0800b3f4   0x00000054   Code   RO         1156    i.bno055_write_page_id  bno055.o
    0x0800b448   0x0800b448   0x00000028   Code   RO         1157    i.bno055_write_register  bno055.o
    0x0800b470   0x0800b470   0x00000002   Code   RO         2723    i.configureTimerForRunTimeStats  freertos.o
    0x0800b472   0x0800b472   0x00000002   PAD
    0x0800b474   0x0800b474   0x00000058   Code   RO          785    i.corr_x_y          labirintus.o
    0x0800b4cc   0x0800b4cc   0x00000418   Code   RO          786    i.data_process      labirintus.o
    0x0800b8e4   0x0800b8e4   0x0000016c   Code   RO          787    i.dijkstra          labirintus.o
    0x0800ba50   0x0800ba50   0x000000ec   Code   RO          788    i.dijkstra_99       labirintus.o
    0x0800bb3c   0x0800bb3c   0x00000500   Code   RO          447    i.elozes_adc_process  adc_process.o
    0x0800c03c   0x0800c03c   0x00000018   Code   RO          625    i.enc_mm_value_get  encoder.o
    0x0800c054   0x0800c054   0x00000018   Code   RO         8084    i.fabs              m_wm.l(fabs.o)
    0x0800c06c   0x0800c06c   0x00000074   Code   RO          789    i.follow_the_flow   labirintus.o
    0x0800c0e0   0x0800c0e0   0x00000004   Code   RO           13    i.getRunTimeCounterValue  timer.o
    0x0800c0e4   0x0800c0e4   0x00000020   Code   RO           14    i.get_timer_us      timer.o
    0x0800c104   0x0800c104   0x000004e8   Code   RO          448    i.gyorsassagi_adc_process  adc_process.o
    0x0800c5ec   0x0800c5ec   0x00000030   Code   RO          449    i.iaverage          adc_process.o
    0x0800c61c   0x0800c61c   0x00000048   Code   RO          790    i.ismeretlen_utak   labirintus.o
    0x0800c664   0x0800c664   0x00000068   Code   RO          450    i.labirintus        adc_process.o
    0x0800c6cc   0x0800c6cc   0x00000324   Code   RO         2568    i.main              main.o
    0x0800c9f0   0x0800c9f0   0x0000000c   Code   RO         7189    i.makeFreeRtosPriority  cmsis_os.o
    0x0800c9fc   0x0800c9fc   0x000000b0   Code   RO          791    i.make_cost_table   labirintus.o
    0x0800caac   0x0800caac   0x000000f0   Code   RO          792    i.make_cost_table_99  labirintus.o
    0x0800cb9c   0x0800cb9c   0x00000038   Code   RO          259    i.message_space_separation  debug.o
    0x0800cbd4   0x0800cbd4   0x0000004c   Code   RO          793    i.next_direction    labirintus.o
    0x0800cc20   0x0800cc20   0x0000000e   Code   RO         7191    i.osDelay           cmsis_os.o
    0x0800cc2e   0x0800cc2e   0x0000000a   Code   RO         7194    i.osKernelStart     cmsis_os.o
    0x0800cc38   0x0800cc38   0x0000002e   Code   RO         7228    i.osThreadCreate    cmsis_os.o
    0x0800cc66   0x0800cc66   0x00000002   PAD
    0x0800cc68   0x0800cc68   0x00000070   Code   RO          794    i.path_100          labirintus.o
    0x0800ccd8   0x0800ccd8   0x0000002c   Code   RO          795    i.path_99           labirintus.o
    0x0800cd04   0x0800cd04   0x00000070   Code   RO         6845    i.prvAddCurrentTaskToDelayedList  tasks.o
    0x0800cd74   0x0800cd74   0x000000d0   Code   RO         6846    i.prvAddNewTaskToReadyList  tasks.o
    0x0800ce44   0x0800ce44   0x00000050   Code   RO         6847    i.prvCheckTasksWaitingTermination  tasks.o
    0x0800ce94   0x0800ce94   0x00000026   Code   RO         6686    i.prvCopyDataFromQueue  queue.o
    0x0800ceba   0x0800ceba   0x0000006c   Code   RO         6687    i.prvCopyDataToQueue  queue.o
    0x0800cf26   0x0800cf26   0x00000014   Code   RO         6848    i.prvDeleteTCB      tasks.o
    0x0800cf3a   0x0800cf3a   0x00000002   PAD
    0x0800cf3c   0x0800cf3c   0x0000004c   Code   RO         7562    i.prvHeapInit       heap_4.o
    0x0800cf88   0x0800cf88   0x00000028   Code   RO         6849    i.prvIdleTask       tasks.o
    0x0800cfb0   0x0800cfb0   0x0000009e   Code   RO         6850    i.prvInitialiseNewTask  tasks.o
    0x0800d04e   0x0800d04e   0x00000002   PAD
    0x0800d050   0x0800d050   0x0000004c   Code   RO         7563    i.prvInsertBlockIntoFreeList  heap_4.o
    0x0800d09c   0x0800d09c   0x0000001c   Code   RO         6688    i.prvIsQueueEmpty   queue.o
    0x0800d0b8   0x0800d0b8   0x00000020   Code   RO         6852    i.prvResetNextTaskUnblockTime  tasks.o
    0x0800d0d8   0x0800d0d8   0x00000028   Code   RO         7625    i.prvTaskExitError  port.o
    0x0800d100   0x0800d100   0x0000006a   Code   RO         6689    i.prvUnlockQueue    queue.o
    0x0800d16a   0x0800d16a   0x00000002   PAD
    0x0800d16c   0x0800d16c   0x000000d8   Code   RO         7564    i.pvPortMalloc      heap_4.o
    0x0800d244   0x0800d244   0x00000018   Code   RO         6855    i.pvTaskIncrementMutexHeldCount  tasks.o
    0x0800d25c   0x0800d25c   0x0000002c   Code   RO         7626    i.pxPortInitialiseStack  port.o
    0x0800d288   0x0800d288   0x00000524   Code   RO          451    i.safetycar_adc_process  adc_process.o
    0x0800d7ac   0x0800d7ac   0x00000044   Code   RO          452    i.search_max        adc_process.o
    0x0800d7f0   0x0800d7f0   0x0000006e   Code   RO         7760    i.sqrt              m_wm.l(sqrt.o)
    0x0800d85e   0x0800d85e   0x00000002   PAD
    0x0800d860   0x0800d860   0x00000970   Code   RO          453    i.ugyessegi_adc_process  adc_process.o
    0x0800e1d0   0x0800e1d0   0x00000068   Code   RO         6856    i.ulTaskNotifyTake  tasks.o
    0x0800e238   0x0800e238   0x00000024   Code   RO         6649    i.uxListRemove      list.o
    0x0800e25c   0x0800e25c   0x00000016   Code   RO         6650    i.vListInitialise   list.o
    0x0800e272   0x0800e272   0x00000006   Code   RO         6651    i.vListInitialiseItem  list.o
    0x0800e278   0x0800e278   0x00000030   Code   RO         6652    i.vListInsert       list.o
    0x0800e2a8   0x0800e2a8   0x00000018   Code   RO         6653    i.vListInsertEnd    list.o
    0x0800e2c0   0x0800e2c0   0x00000040   Code   RO         7628    i.vPortEnterCritical  port.o
    0x0800e300   0x0800e300   0x00000028   Code   RO         7629    i.vPortExitCritical  port.o
    0x0800e328   0x0800e328   0x0000005c   Code   RO         7565    i.vPortFree         heap_4.o
    0x0800e384   0x0800e384   0x00000020   Code   RO         7630    i.vPortSetupTimerInterrupt  port.o
    0x0800e3a4   0x0800e3a4   0x00000054   Code   RO         7631    i.vPortValidateInterruptPriority  port.o
    0x0800e3f8   0x0800e3f8   0x0000004c   Code   RO         6863    i.vTaskDelay        tasks.o
    0x0800e444   0x0800e444   0x0000000c   Code   RO         6869    i.vTaskMissedYield  tasks.o
    0x0800e450   0x0800e450   0x000000b8   Code   RO         6870    i.vTaskNotifyGiveFromISR  tasks.o
    0x0800e508   0x0800e508   0x00000030   Code   RO         6871    i.vTaskPlaceOnEventList  tasks.o
    0x0800e538   0x0800e538   0x00000084   Code   RO         6873    i.vTaskPriorityInherit  tasks.o
    0x0800e5bc   0x0800e5bc   0x00000024   Code   RO         6877    i.vTaskSetTimeOutState  tasks.o
    0x0800e5e0   0x0800e5e0   0x0000006c   Code   RO         6878    i.vTaskStartScheduler  tasks.o
    0x0800e64c   0x0800e64c   0x00000010   Code   RO         6880    i.vTaskSuspendAll   tasks.o
    0x0800e65c   0x0800e65c   0x00000074   Code   RO         6881    i.vTaskSwitchContext  tasks.o
    0x0800e6d0   0x0800e6d0   0x000000e0   Code   RO         7632    i.xPortStartScheduler  port.o
    0x0800e7b0   0x0800e7b0   0x00000024   Code   RO         6699    i.xQueueCreateMutex  queue.o
    0x0800e7d4   0x0800e7d4   0x00000052   Code   RO         6700    i.xQueueGenericCreate  queue.o
    0x0800e826   0x0800e826   0x00000002   PAD
    0x0800e828   0x0800e828   0x0000016c   Code   RO         6701    i.xQueueGenericReceive  queue.o
    0x0800e994   0x0800e994   0x00000088   Code   RO         6702    i.xQueueGenericReset  queue.o
    0x0800ea1c   0x0800ea1c   0x00000160   Code   RO         6703    i.xQueueGenericSend  queue.o
    0x0800eb7c   0x0800eb7c   0x0000006c   Code   RO         6882    i.xTaskCheckForTimeOut  tasks.o
    0x0800ebe8   0x0800ebe8   0x00000056   Code   RO         6883    i.xTaskCreate       tasks.o
    0x0800ec3e   0x0800ec3e   0x00000002   PAD
    0x0800ec40   0x0800ec40   0x000000cc   Code   RO         6884    i.xTaskGenericNotify  tasks.o
    0x0800ed0c   0x0800ed0c   0x0000001c   Code   RO         6887    i.xTaskGetSchedulerState  tasks.o
    0x0800ed28   0x0800ed28   0x000000c8   Code   RO         6890    i.xTaskIncrementTick  tasks.o
    0x0800edf0   0x0800edf0   0x00000098   Code   RO         6893    i.xTaskPriorityDisinherit  tasks.o
    0x0800ee88   0x0800ee88   0x00000074   Code   RO         6894    i.xTaskRemoveFromEventList  tasks.o
    0x0800eefc   0x0800eefc   0x000000c4   Code   RO         6896    i.xTaskResumeAll    tasks.o
    0x0800efc0   0x0800efc0   0x000000b4   Data   RO         2579    .constdata          main.o
    0x0800f074   0x0800f074   0x00000008   Data   RO         5921    .constdata          stm32f4xx_hal_dma.o
    0x0800f07c   0x0800f07c   0x00000010   Data   RO         6512    .constdata          system_stm32f4xx.o
    0x0800f08c   0x0800f08c   0x00000008   Data   RO         6513    .constdata          system_stm32f4xx.o
    0x0800f094   0x0800f094   0x00000004   PAD
    0x0800f098   0x0800f098   0x00000088   Data   RO         7721    .constdata          m_wm.l(pow.o)
    0x0800f120   0x0800f120   0x00000140   Data   RO         7735    .constdata          m_wm.l(powf.o)
    0x0800f260   0x0800f260   0x00000008   Data   RO         8108    .constdata          m_wm.l(qnan.o)
    0x0800f268   0x0800f268   0x00000020   Data   RO         8110    .constdata          m_wm.l(rredf.o)
    0x0800f288   0x0800f288   0x00000081   Data   RO         8169    .constdata          mc_w.l(ctype_o.o)
    0x0800f309   0x0800f309   0x00000003   PAD
    0x0800f30c   0x0800f30c   0x00000004   Data   RO         8170    .constdata          mc_w.l(ctype_o.o)
    0x0800f310   0x0800f310   0x0000006f   Data   RO         2580    .conststring        main.o
    0x0800f37f   0x0800f37f   0x00000001   PAD
    0x0800f380   0x0800f380   0x00000020   Data   RO         8212    Region$$Table       anon$$obj.o


    Execution Region RW_IRAM1 (Exec base: 0x20000000, Load base: 0x0800f3a0, Size: 0x00007ea0, Max: 0x00020000, ABSOLUTE, COMPRESSED[0x000000e8])

    Exec Addr    Load Addr    Size         Type   Attr      Idx    E Section Name        Object

    0x20000000   COMPRESSED   0x00000030   Data   RW          262    .data               debug.o
    0x20000030   COMPRESSED   0x00000059   Data   RW          346    .data               motor.o
    0x20000089   COMPRESSED   0x00000003   PAD
    0x2000008c   COMPRESSED   0x00000004   Data   RW          347    .data               motor.o
    0x20000090   COMPRESSED   0x00000004   Data   RW          348    .data               motor.o
    0x20000094   COMPRESSED   0x00000068   Data   RW          389    .data               adc.o
    0x200000fc   COMPRESSED   0x000002f0   Data   RW          459    .data               adc_process.o
    0x200003ec   COMPRESSED   0x00000004   Data   RW          464    .data               adc_process.o
    0x200003f0   COMPRESSED   0x00000004   Data   RW          546    .data               pwm_in.o
    0x200003f4   COMPRESSED   0x00000040   Data   RW          582    .data               servo.o
    0x20000434   COMPRESSED   0x00000034   Data   RW          626    .data               encoder.o
    0x20000468   COMPRESSED   0x00000030   Data   RW          673    .data               inertial.o
    0x20000498   COMPRESSED   0x00000001   Data   RW          687    .data               inertial.o
    0x20000499   COMPRESSED   0x00000001   Data   RW          742    .data               tof.o
    0x2000049a   COMPRESSED   0x00000002   PAD
    0x2000049c   COMPRESSED   0x00000004   Data   RW          743    .data               tof.o
    0x200004a0   COMPRESSED   0x00000004   Data   RW          744    .data               tof.o
    0x200004a4   COMPRESSED   0x00000004   Data   RW          751    .data               tof.o
    0x200004a8   COMPRESSED   0x000003cc   Data   RW          797    .data               labirintus.o
    0x20000874   COMPRESSED   0x00000004   Data   RW         1159    .data               bno055.o
    0x20000878   COMPRESSED   0x00000040   Data   RW         2581    .data               main.o
    0x200008b8   COMPRESSED   0x00000004   Data   RW         2582    .data               main.o
    0x200008bc   COMPRESSED   0x0000000c   Data   RW         6364    .data               stm32f4xx_hal.o
    0x200008c8   COMPRESSED   0x00000004   Data   RW         6514    .data               system_stm32f4xx.o
    0x200008cc   COMPRESSED   0x00000044   Data   RW         6899    .data               tasks.o
    0x20000910   COMPRESSED   0x00000018   Data   RW         7570    .data               heap_4.o
    0x20000928   COMPRESSED   0x0000000c   Data   RW         7633    .data               port.o
    0x20000934   COMPRESSED   0x00000004   Data   RW         8140    .data               mc_w.l(errno.o)
    0x20000938        -       0x0000236c   Zero   RW          260    .bss                debug.o
    0x20002ca4        -       0x000001f4   Zero   RW          388    .bss                adc.o
    0x20002e98        -       0x0000065c   Zero   RW          456    .bss                adc_process.o
    0x200034f4        -       0x00000014   Zero   RW          581    .bss                servo.o
    0x20003508        -       0x00000018   Zero   RW          670    .bss                inertial.o
    0x20003520        -       0x0000001c   Zero   RW          796    .bss                labirintus.o
    0x2000353c        -       0x000004b8   Zero   RW         2569    .bss                main.o
    0x200039f4        -       0x00000060   Zero   RW         2570    .bss                main.o
    0x20003a54        -       0x00000060   Zero   RW         2571    .bss                main.o
    0x20003ab4        -       0x00000060   Zero   RW         2572    .bss                main.o
    0x20003b14        -       0x00000060   Zero   RW         2573    .bss                main.o
    0x20003b74        -       0x00000060   Zero   RW         2574    .bss                main.o
    0x20003bd4        -       0x00000060   Zero   RW         2575    .bss                main.o
    0x20003c34        -       0x00000060   Zero   RW         2576    .bss                main.o
    0x20003c94        -       0x00000060   Zero   RW         2577    .bss                main.o
    0x20003cf4        -       0x00000060   Zero   RW         2578    .bss                main.o
    0x20003d54        -       0x0000003c   Zero   RW         3111    .bss                stm32f4xx_hal_timebase_tim.o
    0x20003d90        -       0x00000020   Zero   RW         5572    .bss                stm32f4xx_hal_flash.o
    0x20003db0        -       0x000000f0   Zero   RW         6898    .bss                tasks.o
    0x20003ea0        -       0x00003c00   Zero   RW         7569    .bss                heap_4.o
    0x20007aa0        -       0x00000400   Zero   RW            1    STACK               startup_stm32f446xx.o


==============================================================================

Image component sizes


      Code (inc. data)   RO Data    RW Data    ZI Data      Debug   Object Name

       544         76          0        104        500       3771   adc.o
      9106        582          0        756       1628      25910   adc_process.o
      1968         64          0          4          0      11370   bno055.o
        82          0          0          0          0      12849   cmsis_os.o
      3786       1174          0         48       9068       8477   debug.o
       568         64          0         52          0       2152   encoder.o
         0          0          0          0          0       9580   event_groups.o
         2          0          0          0          0        492   freertos.o
       460         24          0         24      15360       7463   heap_4.o
       508         54          0         49         24       5141   inertial.o
      2620         92          0        972         28      12795   labirintus.o
       136          0          0          0          0       3658   list.o
      2762        276        291         68       2072      17057   main.o
      1344        192          0         97          0       3618   motor.o
       758         84          0         12          0      12109   port.o
        24          4          0          4          0       1050   pwm_in.o
      1250         14          0          0          0      11790   queue.o
       872        106          0         64         20       2883   servo.o
        36          8        452          0       1024        856   startup_stm32f446xx.o
        80         14          0         12          0       3342   stm32f4xx_hal.o
      1226         52          0          0          0       6414   stm32f4xx_hal_adc.o
       448         30          0          0          0       4735   stm32f4xx_hal_adc_ex.o
       154         14          0          0          0      29702   stm32f4xx_hal_cortex.o
       948         16          8          0          0       6618   stm32f4xx_hal_dma.o
       536         66          0          0         32       6810   stm32f4xx_hal_flash.o
        80          6          0          0          0        757   stm32f4xx_hal_flash_ex.o
       464         48          0          0          0       3802   stm32f4xx_hal_gpio.o
      4496         68          0          0          0      30552   stm32f4xx_hal_i2c.o
      2312        222          0          0          0       8832   stm32f4xx_hal_msp.o
       112         14          0          0          0       1324   stm32f4xx_hal_pwr_ex.o
       432         52          0          0          0       3643   stm32f4xx_hal_rcc.o
       984         30          0          0          0       2766   stm32f4xx_hal_rcc_ex.o
       900          4          0          0          0       6495   stm32f4xx_hal_spi.o
      2818        124          0          0          0      25817   stm32f4xx_hal_tim.o
       174          0          0          0          0       3334   stm32f4xx_hal_tim_ex.o
       116         16          0          0         60       1456   stm32f4xx_hal_timebase_tim.o
      1910         42          0          0          0      13374   stm32f4xx_hal_uart.o
       442        162          0          0          0      17334   stm32f4xx_it.o
        84         18         24          4          0       1215   system_stm32f4xx.o
      2596        206          0         68        240      26742   tasks.o
        36         10          0          0          0     807128   timer.o
         8          0          0         13          0       1168   tof.o

    ----------------------------------------------------------------------
     48248       4028        812       2356      30056    1166381   Object Totals
         0          0         32          0          0          0   (incl. Generated)
        66          0          5          5          0          0   (incl. Padding)

    ----------------------------------------------------------------------

      Code (inc. data)   RO Data    RW Data    ZI Data      Debug   Library Member Name

        56         12          0          0          0        132   atof.o
       336         56          0          0          0        136   cosf.o
       164         44          0          0          0        620   dunder.o
        24          0          0          0          0        124   fabs.o
        48          0          0          0          0        124   fpclassify.o
        38          0          0          0          0        116   fpclassifyf.o
        80         24          0          0          0        696   funder.o
       248          0          0          0          0        152   poly.o
      3152        296        136          0          0        352   pow.o
      1636        110        320          0          0        372   powf.o
         0          0          8          0          0          0   qnan.o
       340         24         32          0          0        160   rredf.o
       400         56          0          0          0        212   sinf.o
       232          0          0          0          0        296   sqrt.o
        86          0          0          0          0          0   __dczerorl2.o
        28          0          0          0          0         68   _chval.o
        64          0          0          0          0         84   _sgetc.o
       158          0          0          0          0         92   _strtoul.o
        26          0          0          0          0         80   atol.o
         8          4        133          0          0         68   ctype_o.o
         0          0          0          0          0          0   entry.o
         0          0          0          0          0          0   entry10a.o
         0          0          0          0          0          0   entry11a.o
         8          4          0          0          0          0   entry2.o
         4          0          0          0          0          0   entry5.o
         0          0          0          0          0          0   entry7b.o
         0          0          0          0          0          0   entry8b.o
         8          4          0          0          0          0   entry9a.o
        32         16          0          4          0        204   errno.o
        30          0          0          0          0          0   handlers.o
        36          8          0          0          0         68   init.o
        18          0          0          0          0         76   isspace_o.o
         0          0          0          0          0          0   iusefp.o
        30          0          0          0          0         68   llshl.o
        36          0          0          0          0         68   llsshr.o
        32          0          0          0          0         68   llushr.o
        36          0          0          0          0         68   memcpya.o
        36          0          0          0          0        108   memseta.o
      2276         86          0          0          0        520   printfa.o
       878         12          0          0          0        216   scanf_fp.o
       156         12          0          0          0        120   strtod.o
       112          0          0          0          0         88   strtol.o
        44          0          0          0          0         80   uidiv.o
        98          0          0          0          0         92   uldiv.o
        48          0          0          0          0         68   cdcmple.o
        48          0          0          0          0         68   cdrcmple.o
        56          0          0          0          0         88   d2f.o
       334          0          0          0          0        148   dadd.o
       222          0          0          0          0        100   ddiv.o
       186          0          0          0          0        176   depilogue.o
        50          0          0          0          0         76   dfixui.o
        48          0          0          0          0         68   dfixul.o
        34          0          0          0          0         76   dflti.o
        26          0          0          0          0         76   dfltui.o
        24          0          0          0          0         76   dfltul.o
       228          0          0          0          0         96   dmul.o
        46          0          0          0          0         80   dscalb.o
       162          0          0          0          0        100   dsqrt.o
        38          0          0          0          0         68   f2d.o
       110          0          0          0          0        168   fepilogue.o
         4          0          0          0          0         68   fpstat.o

    ----------------------------------------------------------------------
     12676        768        632          4          0       7328   Library Totals
        18          0          3          0          0          0   (incl. Padding)

    ----------------------------------------------------------------------

      Code (inc. data)   RO Data    RW Data    ZI Data      Debug   Library Name

      6754        622        496          0          0       3492   m_wm.l
      4240        146        133          4          0       2236   mc_w.l
      1664          0          0          0          0       1600   mf_w.l

    ----------------------------------------------------------------------
     12676        768        632          4          0       7328   Library Totals

    ----------------------------------------------------------------------

==============================================================================


      Code (inc. data)   RO Data    RW Data    ZI Data      Debug   

     60924       4796       1444       2360      30056    1138513   Grand Totals
     60924       4796       1444        232      30056    1138513   ELF Image Totals (compressed)
     60924       4796       1444        232          0          0   ROM Totals

==============================================================================

    Total RO  Size (Code + RO Data)                62368 (  60.91kB)
    Total RW  Size (RW Data + ZI Data)             32416 (  31.66kB)
    Total ROM Size (Code + RO Data + RW Data)      62600 (  61.13kB)

==============================================================================

