Component: ARM Compiler 5.06 update 6 (build 750) Tool: armlink [4d35ed]

==============================================================================

Section Cross References

    startup_stm32f446xx.o(RESET) refers to startup_stm32f446xx.o(STACK) for __initial_sp
    startup_stm32f446xx.o(RESET) refers to startup_stm32f446xx.o(.text) for Reset_Handler
    startup_stm32f446xx.o(RESET) refers to stm32f4xx_it.o(i.NMI_Handler) for NMI_Handler
    startup_stm32f446xx.o(RESET) refers to stm32f4xx_it.o(i.HardFault_Handler) for HardFault_Handler
    startup_stm32f446xx.o(RESET) refers to stm32f4xx_it.o(i.MemManage_Handler) for MemManage_Handler
    startup_stm32f446xx.o(RESET) refers to stm32f4xx_it.o(i.BusFault_Handler) for BusFault_Handler
    startup_stm32f446xx.o(RESET) refers to stm32f4xx_it.o(i.UsageFault_Handler) for UsageFault_Handler
    startup_stm32f446xx.o(RESET) refers to port.o(.emb_text) for SVC_Handler
    startup_stm32f446xx.o(RESET) refers to stm32f4xx_it.o(i.DebugMon_Handler) for DebugMon_Handler
    startup_stm32f446xx.o(RESET) refers to port.o(i.SysTick_Handler) for SysTick_Handler
    startup_stm32f446xx.o(RESET) refers to stm32f4xx_it.o(i.DMA1_Stream0_IRQHandler) for DMA1_Stream0_IRQHandler
    startup_stm32f446xx.o(RESET) refers to stm32f4xx_it.o(i.DMA1_Stream2_IRQHandler) for DMA1_Stream2_IRQHandler
    startup_stm32f446xx.o(RESET) refers to stm32f4xx_it.o(i.DMA1_Stream4_IRQHandler) for DMA1_Stream4_IRQHandler
    startup_stm32f446xx.o(RESET) refers to stm32f4xx_it.o(i.DMA1_Stream5_IRQHandler) for DMA1_Stream5_IRQHandler
    startup_stm32f446xx.o(RESET) refers to stm32f4xx_it.o(i.DMA1_Stream6_IRQHandler) for DMA1_Stream6_IRQHandler
    startup_stm32f446xx.o(RESET) refers to stm32f4xx_it.o(i.ADC_IRQHandler) for ADC_IRQHandler
    startup_stm32f446xx.o(RESET) refers to stm32f4xx_it.o(i.EXTI9_5_IRQHandler) for EXTI9_5_IRQHandler
    startup_stm32f446xx.o(RESET) refers to stm32f4xx_it.o(i.TIM1_UP_TIM10_IRQHandler) for TIM1_UP_TIM10_IRQHandler
    startup_stm32f446xx.o(RESET) refers to stm32f4xx_it.o(i.TIM1_TRG_COM_TIM11_IRQHandler) for TIM1_TRG_COM_TIM11_IRQHandler
    startup_stm32f446xx.o(RESET) refers to stm32f4xx_it.o(i.TIM2_IRQHandler) for TIM2_IRQHandler
    startup_stm32f446xx.o(RESET) refers to stm32f4xx_it.o(i.I2C1_EV_IRQHandler) for I2C1_EV_IRQHandler
    startup_stm32f446xx.o(RESET) refers to stm32f4xx_it.o(i.I2C1_ER_IRQHandler) for I2C1_ER_IRQHandler
    startup_stm32f446xx.o(RESET) refers to stm32f4xx_it.o(i.SPI2_IRQHandler) for SPI2_IRQHandler
    startup_stm32f446xx.o(RESET) refers to stm32f4xx_it.o(i.USART1_IRQHandler) for USART1_IRQHandler
    startup_stm32f446xx.o(RESET) refers to stm32f4xx_it.o(i.USART2_IRQHandler) for USART2_IRQHandler
    startup_stm32f446xx.o(RESET) refers to stm32f4xx_it.o(i.EXTI15_10_IRQHandler) for EXTI15_10_IRQHandler
    startup_stm32f446xx.o(RESET) refers to stm32f4xx_it.o(i.TIM8_BRK_TIM12_IRQHandler) for TIM8_BRK_TIM12_IRQHandler
    startup_stm32f446xx.o(RESET) refers to stm32f4xx_it.o(i.TIM8_UP_TIM13_IRQHandler) for TIM8_UP_TIM13_IRQHandler
    startup_stm32f446xx.o(RESET) refers to stm32f4xx_it.o(i.TIM8_TRG_COM_TIM14_IRQHandler) for TIM8_TRG_COM_TIM14_IRQHandler
    startup_stm32f446xx.o(RESET) refers to stm32f4xx_it.o(i.DMA1_Stream7_IRQHandler) for DMA1_Stream7_IRQHandler
    startup_stm32f446xx.o(RESET) refers to stm32f4xx_it.o(i.UART5_IRQHandler) for UART5_IRQHandler
    startup_stm32f446xx.o(RESET) refers to stm32f4xx_it.o(i.TIM6_DAC_IRQHandler) for TIM6_DAC_IRQHandler
    startup_stm32f446xx.o(RESET) refers to stm32f4xx_it.o(i.TIM7_IRQHandler) for TIM7_IRQHandler
    startup_stm32f446xx.o(RESET) refers to stm32f4xx_it.o(i.DMA2_Stream0_IRQHandler) for DMA2_Stream0_IRQHandler
    startup_stm32f446xx.o(RESET) refers to stm32f4xx_it.o(i.DMA2_Stream1_IRQHandler) for DMA2_Stream1_IRQHandler
    startup_stm32f446xx.o(RESET) refers to stm32f4xx_it.o(i.DMA2_Stream2_IRQHandler) for DMA2_Stream2_IRQHandler
    startup_stm32f446xx.o(.text) refers to system_stm32f4xx.o(i.SystemInit) for SystemInit
    startup_stm32f446xx.o(.text) refers to entry.o(.ARM.Collect$$$$00000000) for __main
    timer.o(i.getRunTimeCounterValue) refers to timer.o(i.get_timer_us) for get_timer_us
    timer.o(i.get_timer_us) refers to main.o(.bss) for htim7
    timer.o(i.get_timer_us) refers to main.o(.data) for Timer7_UPPER
    debug.o(i.Flash_WriteWord) refers to stm32f4xx_hal_flash.o(i.HAL_FLASH_Unlock) for HAL_FLASH_Unlock
    debug.o(i.Flash_WriteWord) refers to stm32f4xx_hal_flash.o(i.HAL_FLASH_Program) for HAL_FLASH_Program
    debug.o(i.Flash_WriteWord) refers to stm32f4xx_hal_flash.o(i.HAL_FLASH_Lock) for HAL_FLASH_Lock
    debug.o(i.Flash_WriteWord) refers to debug.o(.data) for .data
    debug.o(i.Flash_variable) refers to debug.o(.bss) for .bss
    debug.o(i.Flash_variable) refers to motor.o(.data) for MOTOR_P_flash
    debug.o(i.Flash_variable) refers to motor.o(.data) for MOTOR_I_flash
    debug.o(i.Flash_variable) refers to motor.o(.data) for desired_speed
[...]
    search_max                               0x0800d8bd   Thumb Code    64  adc_process.o(i.search_max)
    sqrt                                     0x0800d901   Thumb Code   110  sqrt.o(i.sqrt)
    ugyessegi_adc_process                    0x0800d971   Thumb Code  2374  adc_process.o(i.ugyessegi_adc_process)
    ulTaskNotifyTake                         0x0800e2e1   Thumb Code    96  tasks.o(i.ulTaskNotifyTake)
    uxListRemove                             0x0800e349   Thumb Code    36  list.o(i.uxListRemove)
    vListInitialise                          0x0800e36d   Thumb Code    22  list.o(i.vListInitialise)
    vListInitialiseItem                      0x0800e383   Thumb Code     6  list.o(i.vListInitialiseItem)
    vListInsert                              0x0800e389   Thumb Code    48  list.o(i.vListInsert)
    vListInsertEnd                           0x0800e3b9   Thumb Code    24  list.o(i.vListInsertEnd)
    vPortEnterCritical                       0x0800e3d1   Thumb Code    54  port.o(i.vPortEnterCritical)
    vPortExitCritical                        0x0800e411   Thumb Code    34  port.o(i.vPortExitCritical)
    vPortFree                                0x0800e439   Thumb Code    88  heap_4.o(i.vPortFree)
    vPortSetupTimerInterrupt                 0x0800e495   Thumb Code    26  port.o(i.vPortSetupTimerInterrupt)
    vPortValidateInterruptPriority           0x0800e4b5   Thumb Code    74  port.o(i.vPortValidateInterruptPriority)
    vTaskDelay                               0x0800e509   Thumb Code    66  tasks.o(i.vTaskDelay)
    vTaskMissedYield                         0x0800e555   Thumb Code     8  tasks.o(i.vTaskMissedYield)
    vTaskNotifyGiveFromISR                   0x0800e561   Thumb Code   174  tasks.o(i.vTaskNotifyGiveFromISR)
    vTaskPlaceOnEventList                    0x0800e619   Thumb Code    44  tasks.o(i.vTaskPlaceOnEventList)
    vTaskPriorityInherit                     0x0800e649   Thumb Code   124  tasks.o(i.vTaskPriorityInherit)
    vTaskSetTimeOutState                     0x0800e6cd   Thumb Code    30  tasks.o(i.vTaskSetTimeOutState)
    vTaskStartScheduler                      0x0800e6f1   Thumb Code    90  tasks.o(i.vTaskStartScheduler)
    vTaskSuspendAll                          0x0800e75d   Thumb Code    10  tasks.o(i.vTaskSuspendAll)
    vTaskSwitchContext                       0x0800e76d   Thumb Code   108  tasks.o(i.vTaskSwitchContext)
    xPortStartScheduler                      0x0800e7e1   Thumb Code   202  port.o(i.xPortStartScheduler)
    xQueueCreateMutex                        0x0800e8c1   Thumb Code    36  queue.o(i.xQueueCreateMutex)
    xQueueGenericCreate                      0x0800e8e5   Thumb Code    82  queue.o(i.xQueueGenericCreate)
    xQueueGenericReceive                     0x0800e939   Thumb Code   360  queue.o(i.xQueueGenericReceive)
    xQueueGenericReset                       0x0800eaa5   Thumb Code   132  queue.o(i.xQueueGenericReset)
    xQueueGenericSend                        0x0800eb2d   Thumb Code   346  queue.o(i.xQueueGenericSend)
    xTaskCheckForTimeOut                     0x0800ec8d   Thumb Code   102  tasks.o(i.xTaskCheckForTimeOut)
    xTaskCreate                              0x0800ecf9   Thumb Code    86  tasks.o(i.xTaskCreate)
    xTaskGenericNotify                       0x0800ed51   Thumb Code   190  tasks.o(i.xTaskGenericNotify)
    xTaskGetSchedulerState                   0x0800ee1d   Thumb Code    22  tasks.o(i.xTaskGetSchedulerState)
    xTaskIncrementTick                       0x0800ee39   Thumb Code   192  tasks.o(i.xTaskIncrementTick)
    xTaskPriorityDisinherit                  0x0800ef01   Thumb Code   144  tasks.o(i.xTaskPriorityDisinherit)
    xTaskRemoveFromEventList                 0x0800ef99   Thumb Code   108  tasks.o(i.xTaskRemoveFromEventList)
    xTaskResumeAll                           0x0800f00d   Thumb Code   182  tasks.o(i.xTaskResumeAll)
    AHBPrescTable                            0x0800f18c   Data          16  system_stm32f4xx.o(.constdata)
    APBPrescTable                            0x0800f19c   Data           8  system_stm32f4xx.o(.constdata)
    __mathlib_zero                           0x0800f370   Data           8  qnan.o(.constdata)
    __ctype_table                            0x0800f398   Data         129  ctype_o.o(.constdata)
    Region$$Table$$Base                      0x0800f490   Number         0  anon$$obj.o(Region$$Table)
    Region$$Table$$Limit                     0x0800f4b0   Number         0  anon$$obj.o(Region$$Table)
    first_flash                              0x20000000   Data           1  debug.o(.data)
    brake_arduino                            0x20000001   Data           1  debug.o(.data)
    star_valtozik                            0x20000002   Data           1  debug.o(.data)
    jirany_valtozik                          0x20000003   Data           1  debug.o(.data)
    birany_valtozik                          0x20000004   Data           1  debug.o(.data)
    star_vege                                0x20000005   Data           1  debug.o(.data)
    caseselect                               0x20000006   Data           1  debug.o(.data)
    first_run                                0x20000007   Data           1  debug.o(.data)
    first_run_arduino                        0x20000008   Data           1  debug.o(.data)
    addr_write                               0x2000000c   Data           4  debug.o(.data)
    star_start_time                          0x20000010   Data           4  debug.o(.data)
    flash_addr                               0x20000014   Data           4  debug.o(.data)
    flash_data_tmp                           0x20000018   Data           4  debug.o(.data)
    time_old_debug                           0x2000001c   Data           4  debug.o(.data)
    time_elapsed_debug                       0x20000020   Data           4  debug.o(.data)
    msg_index                                0x20000024   Data           4  debug.o(.data)
    tmp_index                                0x20000028   Data           4  debug.o(.data)
    tmp_whole_index                          0x2000002c   Data           4  debug.o(.data)
    Motor_Brake                              0x20000030   Data           1  motor.o(.data)
    BRAKE_GYORS_LASSU                        0x20000031   Data           1  motor.o(.data)
    max_speed                                0x20000032   Data           1  motor.o(.data)
    RI_started                               0x20000033   Data           1  motor.o(.data)
    first_run_motor                          0x20000034   Data           1  motor.o(.data)
    ugyes_gyors_valtas                       0x20000035   Data           1  motor.o(.data)
    ugyes_lassu_valtas                       0x20000036   Data           1  motor.o(.data)
    motor_pwm                                0x20000038   Data           2  motor.o(.data)
    MOTOR_P                                  0x2000003c   Data           4  motor.o(.data)
    MOTOR_I                                  0x20000040   Data           4  motor.o(.data)
    desired_speed                            0x20000044   Data           4  motor.o(.data)
    elozo_resz_valtas                        0x20000048   Data           4  motor.o(.data)
    speed_error                              0x2000004c   Data           4  motor.o(.data)
    actual_speed                             0x20000050   Data           4  motor.o(.data)
    accumulated_speed_error                  0x20000054   Data           4  motor.o(.data)
    accumulated_distance_error               0x20000058   Data           4  motor.o(.data)
    distance_error                           0x2000005c   Data           4  motor.o(.data)
    MOTOR_I_old_time                         0x20000060   Data           4  motor.o(.data)
    MOTOR_I_new_time                         0x20000064   Data           4  motor.o(.data)
    MOTOR_I_dt_s                             0x20000068   Data           4  motor.o(.data)
    MOTOR_P_ERROR                            0x2000006c   Data           4  motor.o(.data)
    MOTOR_I_ERROR                            0x20000070   Data           4  motor.o(.data)
    safety_P                                 0x20000074   Data           4  motor.o(.data)
    safety_I                                 0x20000078   Data           4  motor.o(.data)
    enc_mm_now_motor                         0x2000007c   Data           4  motor.o(.data)
    safety_tavolsag_mm                       0x20000080   Data           4  motor.o(.data)
    RI_receive_message                       0x20000084   Data           5  motor.o(.data)
    MOTOR_P_flash                            0x2000008c   Data           4  motor.o(.data)
    MOTOR_I_flash                            0x20000090   Data           4  motor.o(.data)
    led_driver_counter                       0x20000094   Data           1  adc.o(.data)
    analog_multi_counter                     0x20000095   Data           1  adc.o(.data)
    time_old_adc                             0x20000098   Data           4  adc.o(.data)
    time_elapsed_adc                         0x2000009c   Data           4  adc.o(.data)
    SHARP_side_voltage                       0x200000a0   Data           4  adc.o(.data)
    SHARP_front_voltage                      0x200000a4   Data           4  adc.o(.data)
    SHARP_side_mm                            0x200000a8   Data           4  adc.o(.data)
    SHARP_front_mm                           0x200000ac   Data           4  adc.o(.data)
    SHARP_array_index                        0x200000b0   Data           4  adc.o(.data)
    spi_data_tcrt                            0x200000b4   Data           8  adc.o(.data)
    multiplexer_switch                       0x200000bc   Data          64  adc.o(.data)
    ablak_ind                                0x200000fc   Data           1  adc_process.o(.data)
    state_game                               0x200000fd   Data           1  adc_process.o(.data)
    szaggatott                               0x200000fe   Data           1  adc_process.o(.data)
    cross_type_e_array_index                 0x200000ff   Data           1  adc_process.o(.data)
    next_dir_cross                           0x20000100   Data           1  adc_process.o(.data)
    kovetni_kell                             0x20000101   Data           1  adc_process.o(.data)
    next_dir_change                          0x20000102   Data           1  adc_process.o(.data)
    blink                                    0x20000103   Data           1  adc_process.o(.data)
    lehet_uj_keresztezodes                   0x20000104   Data           1  adc_process.o(.data)
    vege_az_egyenesnek                       0x20000105   Data           1  adc_process.o(.data)
    vege_a_szetvalasnak                      0x20000106   Data           1  adc_process.o(.data)
    atsorolas_hatul_nullaztuk                0x20000107   Data           1  adc_process.o(.data)
    reszek_szama_ind                         0x20000108   Data           1  adc_process.o(.data)
    current_szakasz                          0x20000109   Data           1  adc_process.o(.data)
    current_szakasz_safty                    0x2000010a   Data           1  adc_process.o(.data)
    cross_type_b_j                           0x2000010b   Data           1  adc_process.o(.data)
    last_j_b_dir                             0x2000010c   Data           1  adc_process.o(.data)
    akt_vonalallapot                         0x2000010d   Data           1  adc_process.o(.data)
    ugyessegi_lassaban                       0x2000010e   Data           1  adc_process.o(.data)
    iranyfeny_vilagithat                     0x2000010f   Data           1  adc_process.o(.data)
    uj_keresztezodes_vilagithat              0x20000110   Data           1  adc_process.o(.data)
    ugyessegin_vagyunk                       0x20000111   Data           1  adc_process.o(.data)
    atsorolunk                               0x20000112   Data           1  adc_process.o(.data)
    nem_latunk_vonalat_egy_ideig_elol        0x20000113   Data           1  adc_process.o(.data)
    nem_latunk_vonalat_egy_ideig_hatul       0x20000114   Data           1  adc_process.o(.data)
    atsoroltunk_mar                          0x20000115   Data           1  adc_process.o(.data)
    elozes_allapot                           0x20000116   Data           1  adc_process.o(.data)
    vonalhiba_kulonbseg                      0x20000117   Data           1  adc_process.o(.data)
    gyorsasagival_kezdunk                    0x20000118   Data           1  adc_process.o(.data)
    last_keresztezodes                       0x20000119   Data           1  adc_process.o(.data)
    keresztezodes_dontes_fajta               0x2000011a   Data           1  adc_process.o(.data)
    VONALAK_SZAMA                            0x2000011c   Data           4  adc_process.o(.data)
    ELSO_VONALAK_SZAMA_MEM                   0x20000120   Data           4  adc_process.o(.data)
    NO_LINE_SINCE                            0x20000124   Data           4  adc_process.o(.data)
    THREE_LINE_SINCE                         0x20000128   Data           4  adc_process.o(.data)
    TWO_LINE_SINCE                           0x2000012c   Data           4  adc_process.o(.data)
    ONE_LINE_SINCE                           0x20000130   Data           4  adc_process.o(.data)
    FOUR_LINE_SINCE                          0x20000134   Data           4  adc_process.o(.data)
    HATSO_VONAL_SINCE                        0x20000138   Data           4  adc_process.o(.data)
    valtasokszama                            0x2000013c   Data           4  adc_process.o(.data)
    cross_type_b                             0x20000140   Data           4  adc_process.o(.data)
    cross_type_j                             0x20000144   Data           4  adc_process.o(.data)
    jobbra_count                             0x20000148   Data           4  adc_process.o(.data)
    elore_count                              0x2000014c   Data           4  adc_process.o(.data)
    cross_type_e                             0x20000150   Data           4  adc_process.o(.data)
    last_cross_encoder                       0x20000154   Data           4  adc_process.o(.data)
    safety_elozes_elott_mm                   0x20000158   Data           4  adc_process.o(.data)
    utolso_szakasz_mm                        0x2000015c   Data           4  adc_process.o(.data)
    last_j_b_cross                           0x20000160   Data           4  adc_process.o(.data)
    szagatott_atlag                          0x20000164   Data           4  adc_process.o(.data)
    szog_keresztezodes_elott                 0x20000168   Data           4  adc_process.o(.data)
    NO_LINE_SINCE_HATUL                      0x2000016c   Data           4  adc_process.o(.data)
    elozes_elotti_szog                       0x20000170   Data           4  adc_process.o(.data)
    elozes_posx                              0x20000174   Data           4  adc_process.o(.data)
    elozes_posy                              0x20000178   Data           4  adc_process.o(.data)
    elso_sum_tmp                             0x2000017c   Data           4  adc_process.o(.data)
    hatso_sum_tmp                            0x20000180   Data           4  adc_process.o(.data)
    fbled_time_before                        0x20000184   Data           4  adc_process.o(.data)
    fbled_time_now                           0x20000188   Data           4  adc_process.o(.data)
    fo_vonal_hiba                            0x2000018c   Data           4  adc_process.o(.data)
    szog_hiba_SI                             0x20000190   Data           4  adc_process.o(.data)
    fo_vonal_hiba_mem                        0x20000194   Data           4  adc_process.o(.data)
    hatso_fo_vonal_hiba                      0x20000198   Data           4  adc_process.o(.data)
    hatso_fo_vonal_hiba_mem                  0x2000019c   Data           4  adc_process.o(.data)
    fo_vonal_hiba_SI                         0x200001a0   Data           4  adc_process.o(.data)
    max_ertek                                0x200001a4   Data           4  adc_process.o(.data)
    max_index                                0x200001a8   Data           4  adc_process.o(.data)
    akt_vonalak_szama_elol                   0x200001ac   Data           4  adc_process.o(.data)
    masodik_vonal_hiba                       0x200001b0   Data           4  adc_process.o(.data)
    balra_count                              0x200001b4   Data           4  adc_process.o(.data)
    szagatott_type                           0x200001b8   Data           4  adc_process.o(.data)
    enc_mm_before                            0x200001bc   Data           4  adc_process.o(.data)
    enc_mm_now                               0x200001c0   Data           4  adc_process.o(.data)
    enc_mm_between                           0x200001c4   Data           4  adc_process.o(.data)
    elozo_vonal_valtas_mm                    0x200001c8   Data           4  adc_process.o(.data)
    time_old_adc_process                     0x200001cc   Data           4  adc_process.o(.data)
    time_elapsed_adc_process                 0x200001d0   Data           4  adc_process.o(.data)
    yaw_tmp                                  0x200001d4   Data           4  adc_process.o(.data)
    enc_ugyessegi_vege                       0x200001d8   Data           4  adc_process.o(.data)
    enc_gyorsassagi_kezdete                  0x200001dc   Data           4  adc_process.o(.data)
    atsorolasi_hiba_mm                       0x200001e0   Data           4  adc_process.o(.data)
    spi_data_fb                              0x200001e4   Data           6  adc_process.o(.data)
    palya                                    0x200001ec   Data         480  adc_process.o(.data)
    szakaszok                                0x200003cc   Data          32  adc_process.o(.data)
    egyenes_elozes_kezdete                   0x200003ec   Data           4  adc_process.o(.data)
    PWMINValue                               0x200003f0   Data           4  pwm_in.o(.data)
    egyenesen_megyunk                        0x200003f4   Data           1  servo.o(.data)
    egyenesen_megyunk_temp                   0x200003f5   Data           1  servo.o(.data)
    servo_array_index                        0x200003f6   Data           2  servo.o(.data)
    for_index_servo                          0x200003f8   Data           2  servo.o(.data)
    servo_pwm                                0x200003fc   Data           4  servo.o(.data)
    kszi                                     0x20000400   Data           4  servo.o(.data)
    L                                        0x20000404   Data           4  servo.o(.data)
    Tservo                                   0x20000408   Data           4  servo.o(.data)
    tbeallas                                 0x2000040c   Data           4  servo.o(.data)
    dbeallas                                 0x20000410   Data           4  servo.o(.data)
    svalos                                   0x20000414   Data           4  servo.o(.data)
    skomplex                                 0x20000418   Data           4  servo.o(.data)
    korientacio                              0x2000041c   Data           4  servo.o(.data)
    kkozep                                   0x20000420   Data           4  servo.o(.data)
    speedsi                                  0x20000424   Data           4  servo.o(.data)
    phi                                      0x20000428   Data           4  servo.o(.data)
    dbeallasm                                0x2000042c   Data           4  servo.o(.data)
    dbeallaso                                0x20000430   Data           4  servo.o(.data)
    current_encoder_val                      0x20000434   Data           2  encoder.o(.data)
    last_encoder_val                         0x20000436   Data           2  encoder.o(.data)
    current_encoder_val_unchanged            0x20000438   Data           2  encoder.o(.data)
    pos_x                                    0x2000043c   Data           4  encoder.o(.data)
    pos_y                                    0x20000440   Data           4  encoder.o(.data)
    speed                                    0x20000444   Data           4  encoder.o(.data)
    encoder_upper_value                      0x20000448   Data           4  encoder.o(.data)
    encoder_full_value                       0x2000044c   Data           4  encoder.o(.data)
    encoder_full_value_before                0x20000450   Data           4  encoder.o(.data)
    encoder_time_before                      0x20000454   Data           4  encoder.o(.data)
    encoder_time_now                         0x20000458   Data           4  encoder.o(.data)
    encoder_time_between                     0x2000045c   Data           4  encoder.o(.data)
    last_elozes_korr_x                       0x20000460   Data           4  encoder.o(.data)
    last_elozes_korr_y                       0x20000464   Data           4  encoder.o(.data)
    power_mode                               0x20000468   Data           1  inertial.o(.data)
    avarage_ind                              0x20000469   Data           1  inertial.o(.data)
    operation_mode_u8                        0x2000046a   Data           1  inertial.o(.data)
    power_mode_u8                            0x2000046b   Data           1  inertial.o(.data)
    comres                                   0x2000046c   Data           4  inertial.o(.data)
    sum_yaw                                  0x20000470   Data           4  inertial.o(.data)
    yaw                                      0x20000474   Data           4  inertial.o(.data)
    yaw_ideiglenes                           0x20000478   Data           4  inertial.o(.data)
    gyro_offset_bosch                        0x2000047c   Data           6  inertial.o(.data)
    d_euler_data_h                           0x20000488   Data           8  inertial.o(.data)
    accel_offset_bosch                       0x20000490   Data           8  inertial.o(.data)
    system_calib_u8                          0x20000498   Data           1  inertial.o(.data)
    ultra_overrun                            0x20000499   Data           1  tof.o(.data)
    ultra_echo_time                          0x2000049c   Data           4  tof.o(.data)
    ultra_distance_mm                        0x200004a0   Data           4  tof.o(.data)
    time_elapsed_TOF                         0x200004a4   Data           4  tof.o(.data)
    konwncross                               0x200004a8   Data           1  labirintus.o(.data)
    last_back_decision                       0x200004a9   Data           1  labirintus.o(.data)
    ismeretlen_utak_szama                    0x200004aa   Data           1  labirintus.o(.data)
    cross_count                              0x200004ab   Data           1  labirintus.o(.data)
    cross_99                                 0x200004ac   Data           1  labirintus.o(.data)
    dist_ind                                 0x200004ad   Data           1  labirintus.o(.data)
    newcross                                 0x200004ae   Data           1  labirintus.o(.data)
    current_cross                            0x200004af   Data           1  labirintus.o(.data)
    next_dir                                 0x200004b0   Data           1  labirintus.o(.data)
    last_cross                               0x200004b1   Data           2  labirintus.o(.data)
    min_dist                                 0x200004b4   Data           4  labirintus.o(.data)
    msg_index2                               0x200004b8   Data           4  labirintus.o(.data)
    last_lab_x                               0x200004bc   Data           4  labirintus.o(.data)
    last_lab_y                               0x200004c0   Data           4  labirintus.o(.data)
    dist                                     0x200004c4   Data           4  labirintus.o(.data)
    data_table                               0x200004c8   Data         416  labirintus.o(.data)
    decision_list                            0x20000668   Data          16  labirintus.o(.data)
    G                                        0x20000678   Data         256  labirintus.o(.data)
    G_99                                     0x20000778   Data         256  labirintus.o(.data)
    Timer7_UPPER                             0x2000087c   Data           2  main.o(.data)
    xHigherPriorityTaskWoken                 0x20000880   Data           4  main.o(.data)
    xHigherPriorityTaskWokenDebugGet         0x20000884   Data           4  main.o(.data)
    xHigherPriorityTaskWokenGPIO             0x20000888   Data           4  main.o(.data)
    xHigherPriorityTaskWokenEncoder          0x2000088c   Data           4  main.o(.data)
    Encoder_TaskHandle                       0x20000890   Data           4  main.o(.data)
    ADC_TaskHandle                           0x20000894   Data           4  main.o(.data)
    Debug_TaskHandle                         0x20000898   Data           4  main.o(.data)
    Calculate_TaskHandle                     0x2000089c   Data           4  main.o(.data)
    Motor_TaskHandle                         0x200008a0   Data           4  main.o(.data)
    Get_Debug_TaskHandle                     0x200008a4   Data           4  main.o(.data)
    Gyroscope_TaskHandle                     0x200008a8   Data           4  main.o(.data)
    Servo_TaskHandle                         0x200008ac   Data           4  main.o(.data)
    TOF_TaskHandle                           0x200008b0   Data           4  main.o(.data)
    xMutexI2C                                0x200008b4   Data           4  main.o(.data)
    xMutexUART                               0x200008b8   Data           4  main.o(.data)
    xHigherPriorityTaskWokenDebug            0x200008bc   Data           4  main.o(.data)
    uwTickFreq                               0x200008c0   Data           1  stm32f4xx_hal.o(.data)
    uwTickPrio                               0x200008c4   Data           4  stm32f4xx_hal.o(.data)
    uwTick                                   0x200008c8   Data           4  stm32f4xx_hal.o(.data)
    SystemCoreClock                          0x200008cc   Data           4  system_stm32f4xx.o(.data)
    pxCurrentTCB                             0x200008d0   Data           4  tasks.o(.data)
    flash_data                               0x2000093c   Data          20  debug.o(.bss)
    adc_vago                                 0x20000950   Data         384  debug.o(.bss)
    debug_data                               0x20000ad0   Data          64  debug.o(.bss)
    debug_message                            0x20000b10   Data        4000  debug.o(.bss)
    receive_message                          0x20001ab0   Data        2200  debug.o(.bss)
    temp_msg                                 0x20002348   Data        2200  debug.o(.bss)
    arduino_message                          0x20002be0   Data         200  debug.o(.bss)
    szenzor_sor_front                        0x20002ca8   Data         192  adc.o(.bss)
    szenzor_sor_back                         0x20002d68   Data         192  adc.o(.bss)
    adc_buffer                               0x20002e28   Data          36  adc.o(.bss)
    SHARP_array                              0x20002e4c   Data          40  adc.o(.bss)
    SHARP_side_array                         0x20002e74   Data          40  adc.o(.bss)
    elso_ugyessegi_sum                       0x20002e9c   Data         576  adc_process.o(.bss)
    hatso_ugyessegi_sum                      0x200030dc   Data         576  adc_process.o(.bss)
    fb_values                                0x2000331c   Data          48  adc_process.o(.bss)
    vonalak                                  0x2000334c   Data          16  adc_process.o(.bss)
    vonal_hibak                              0x2000335c   Data          16  adc_process.o(.bss)
    elso_szenzor_sor_process                 0x2000336c   Data         192  adc_process.o(.bss)
    hatso_szenzor_sor_process                0x2000342c   Data         192  adc_process.o(.bss)
    cross_type_e_array                       0x200034ec   Data          12  adc_process.o(.bss)
    servo_pwm_array                          0x200034f8   Data          20  servo.o(.bss)
    bno055                                   0x2000350c   Data          24  inertial.o(.bss)
    dist_array                               0x20003524   Data          28  labirintus.o(.bss)
    debug_data2                              0x20003540   Data          64  labirintus.o(.bss)
    debug_message2                           0x20003580   Data        2000  labirintus.o(.bss)
    hadc1                                    0x20003d50   Data          72  main.o(.bss)
    hadc2                                    0x20003d98   Data          72  main.o(.bss)
    hadc3                                    0x20003de0   Data          72  main.o(.bss)
    hi2c1                                    0x20003e28   Data          84  main.o(.bss)
    hspi2                                    0x20003e7c   Data          88  main.o(.bss)
    hspi3                                    0x20003ed4   Data          88  main.o(.bss)
    htim1                                    0x20003f2c   Data          60  main.o(.bss)
    htim2                                    0x20003f68   Data          60  main.o(.bss)
    htim3                                    0x20003fa4   Data          60  main.o(.bss)
    htim6                                    0x20003fe0   Data          60  main.o(.bss)
    htim7                                    0x2000401c   Data          60  main.o(.bss)
    htim11                                   0x20004058   Data          60  main.o(.bss)
    htim12                                   0x20004094   Data          60  main.o(.bss)
    htim13                                   0x200040d0   Data          60  main.o(.bss)
    htim14                                   0x2000410c   Data          60  main.o(.bss)
    huart5                                   0x20004148   Data          64  main.o(.bss)
    huart1                                   0x20004188   Data          64  main.o(.bss)
    huart2                                   0x200041c8   Data          64  main.o(.bss)
    hdma_adc1                                0x20004208   Data          96  main.o(.bss)
    hdma_adc2                                0x20004268   Data          96  main.o(.bss)
    hdma_adc3                                0x200042c8   Data          96  main.o(.bss)
    hdma_spi2_tx                             0x20004328   Data          96  main.o(.bss)
    hdma_tim3_ch4_up                         0x20004388   Data          96  main.o(.bss)
    hdma_uart5_rx                            0x200043e8   Data          96  main.o(.bss)
    hdma_uart5_tx                            0x20004448   Data          96  main.o(.bss)
    hdma_usart2_rx                           0x200044a8   Data          96  main.o(.bss)
    hdma_usart2_tx                           0x20004508   Data          96  main.o(.bss)
    htim10                                   0x20004568   Data          60  stm32f4xx_hal_timebase_tim.o(.bss)
    pFlash                                   0x200045a4   Data          32  stm32f4xx_hal_flash.o(.bss)
    __initial_sp                             0x200086b8   Data           0  startup_stm32f446xx.o(STACK)



==============================================================================

Memory Map of the image

  Image Entry point : 0x080001c5

  Load Region LR_IROM1 (Base: 0x08000000, Size: 0x0000fdec, Max: 0x00080000, ABSOLUTE, COMPRESSED[0x0000f590])

    Execution Region ER_IROM1 (Exec base: 0x08000000, Load base: 0x08000000, Size: 0x0000f4b0, Max: 0x00080000, ABSOLUTE)

    Exec Addr    Load Addr    Size         Type   Attr      Idx    E Section Name        Object

    0x08000000   0x08000000   0x000001c4   Data   RO            3    RESET               startup_stm32f446xx.o
    0x080001c4   0x080001c4   0x00000000   Code   RO         7789  * .ARM.Collect$$$$00000000  mc_w.l(entry.o)
    0x080001c4   0x080001c4   0x00000004   Code   RO         8131    .ARM.Collect$$$$00000001  mc_w.l(entry2.o)
    0x080001c8   0x080001c8   0x00000004   Code   RO         8134    .ARM.Collect$$$$00000004  mc_w.l(entry5.o)
    0x080001cc   0x080001cc   0x00000000   Code   RO         8136    .ARM.Collect$$$$00000008  mc_w.l(entry7b.o)
    0x080001cc   0x080001cc   0x00000000   Code   RO         8138    .ARM.Collect$$$$0000000A  mc_w.l(entry8b.o)
    0x080001cc   0x080001cc   0x00000008   Code   RO         8139    .ARM.Collect$$$$0000000B  mc_w.l(entry9a.o)
    0x080001d4   0x080001d4   0x00000000   Code   RO         8141    .ARM.Collect$$$$0000000D  mc_w.l(entry10a.o)
    0x080001d4   0x080001d4   0x00000000   Code   RO         8143    .ARM.Collect$$$$0000000F  mc_w.l(entry11a.o)
    0x080001d4   0x080001d4   0x00000004   Code   RO         8132    .ARM.Collect$$$$00002712  mc_w.l(entry2.o)
    0x080001d8   0x080001d8   0x000000ba   Code   RO         7642    .emb_text           port.o
    0x08000292   0x08000292   0x00000002   PAD
    0x08000294   0x08000294   0x00000024   Code   RO            4    .text               startup_stm32f446xx.o
    0x080002b8   0x080002b8   0x00000062   Code   RO         7792    .text               mc_w.l(uldiv.o)
    0x0800031a   0x0800031a   0x00000024   Code   RO         7794    .text               mc_w.l(memcpya.o)
    0x0800033e   0x0800033e   0x00000024   Code   RO         7796    .text               mc_w.l(memseta.o)
    0x08000362   0x08000362   0x0000001a   Code   RO         8065    .text               mc_w.l(atol.o)
    0x0800037c   0x0800037c   0x0000014e   Code   RO         8067    .text               mf_w.l(dadd.o)
    0x080004ca   0x080004ca   0x000000e4   Code   RO         8069    .text               mf_w.l(dmul.o)
    0x080005ae   0x080005ae   0x000000de   Code   RO         8071    .text               mf_w.l(ddiv.o)
    0x0800068c   0x0800068c   0x00000022   Code   RO         8075    .text               mf_w.l(dflti.o)
    0x080006ae   0x080006ae   0x0000001a   Code   RO         8077    .text               mf_w.l(dfltui.o)
    0x080006c8   0x080006c8   0x00000032   Code   RO         8079    .text               mf_w.l(dfixui.o)
    0x080006fa   0x080006fa   0x00000026   Code   RO         8081    .text               mf_w.l(f2d.o)
    0x08000720   0x08000720   0x00000030   Code   RO         8083    .text               mf_w.l(cdcmple.o)
    0x08000750   0x08000750   0x00000038   Code   RO         8085    .text               mf_w.l(d2f.o)
    0x08000788   0x08000788   0x0000002c   Code   RO         8148    .text               mc_w.l(uidiv.o)
    0x080007b4   0x080007b4   0x0000001e   Code   RO         8150    .text               mc_w.l(llshl.o)
    0x080007d2   0x080007d2   0x00000020   Code   RO         8152    .text               mc_w.l(llushr.o)
    0x080007f2   0x080007f2   0x00000024   Code   RO         8154    .text               mc_w.l(llsshr.o)
    0x08000816   0x08000816   0x00000002   PAD
    0x08000818   0x08000818   0x0000009c   Code   RO         8163    .text               mc_w.l(strtod.o)
    0x080008b4   0x080008b4   0x00000070   Code   RO         8165    .text               mc_w.l(strtol.o)
    0x08000924   0x08000924   0x00000000   Code   RO         8167    .text               mc_w.l(iusefp.o)
    0x08000924   0x08000924   0x0000006e   Code   RO         8168    .text               mf_w.l(fepilogue.o)
    0x08000992   0x08000992   0x000000ba   Code   RO         8170    .text               mf_w.l(depilogue.o)
    0x08000a4c   0x08000a4c   0x0000002e   Code   RO         8172    .text               mf_w.l(dscalb.o)
    0x08000a7a   0x08000a7a   0x000000a2   Code   RO         8174    .text               mf_w.l(dsqrt.o)
    0x08000b1c   0x08000b1c   0x00000030   Code   RO         8176    .text               mf_w.l(dfixul.o)
    0x08000b4c   0x08000b4c   0x00000030   Code   RO         8178    .text               mf_w.l(cdrcmple.o)
    0x08000b7c   0x08000b7c   0x00000004   Code   RO         8180    .text               mf_w.l(fpstat.o)
    0x08000b80   0x08000b80   0x00000024   Code   RO         8182    .text               mc_w.l(init.o)
    0x08000ba4   0x08000ba4   0x00000008   Code   RO         8187    .text               mc_w.l(ctype_o.o)
    0x08000bac   0x08000bac   0x00000012   Code   RO         8209    .text               mc_w.l(isspace_o.o)
    0x08000bbe   0x08000bbe   0x00000002   PAD
    0x08000bc0   0x08000bc0   0x00000360   Code   RO         8215    .text               mc_w.l(scanf_fp.o)
    0x08000f20   0x08000f20   0x00000040   Code   RO         8219    .text               mc_w.l(_sgetc.o)
    0x08000f60   0x08000f60   0x0000009e   Code   RO         8221    .text               mc_w.l(_strtoul.o)
    0x08000ffe   0x08000ffe   0x0000001c   Code   RO         8227    .text               mc_w.l(_chval.o)
    0x0800101a   0x0800101a   0x00000018   Code   RO         8229    .text               mf_w.l(dfltul.o)
    0x08001032   0x08001032   0x00000056   Code   RO         8239    .text               mc_w.l(__dczerorl2.o)
    0x08001088   0x08001088   0x00000024   Code   RO         2793    i.ADC_IRQHandler    stm32f4xx_it.o
    0x080010ac   0x080010ac   0x00000124   Code   RO         3169    i.ADC_Init          stm32f4xx_hal_adc.o
    0x080011d0   0x080011d0   0x0000005a   Code   RO         3336    i.ADC_MultiModeDMAConvCplt  stm32f4xx_hal_adc_ex.o
    0x0800122a   0x0800122a   0x00000012   Code   RO         3337    i.ADC_MultiModeDMAError  stm32f4xx_hal_adc_ex.o
    0x0800123c   0x0800123c   0x00000006   Code   RO         3338    i.ADC_MultiModeDMAHalfConvCplt  stm32f4xx_hal_adc_ex.o
    0x08001242   0x08001242   0x00000002   PAD
    0x08001244   0x08001244   0x00000054   Code   RO          666    i.BNO055_I2C_bus_read  inertial.o
    0x08001298   0x08001298   0x00000028   Code   RO          667    i.BNO055_I2C_bus_write  inertial.o
    0x080012c0   0x080012c0   0x00000004   Code   RO          668    i.BNO055_delay_msek  inertial.o
    0x080012c4   0x080012c4   0x00000006   Code   RO         2794    i.BusFault_Handler  stm32f4xx_it.o
    0x080012ca   0x080012ca   0x00000002   PAD
    0x080012cc   0x080012cc   0x0000000c   Code   RO         2795    i.DMA1_Stream0_IRQHandler  stm32f4xx_it.o
    0x080012d8   0x080012d8   0x0000000c   Code   RO         2796    i.DMA1_Stream2_IRQHandler  stm32f4xx_it.o
    0x080012e4   0x080012e4   0x0000000c   Code   RO         2797    i.DMA1_Stream4_IRQHandler  stm32f4xx_it.o
    0x080012f0   0x080012f0   0x0000000c   Code   RO         2798    i.DMA1_Stream5_IRQHandler  stm32f4xx_it.o
    0x080012fc   0x080012fc   0x0000000c   Code   RO         2799    i.DMA1_Stream6_IRQHandler  stm32f4xx_it.o
    0x08001308   0x08001308   0x0000000c   Code   RO         2800    i.DMA1_Stream7_IRQHandler  stm32f4xx_it.o
    0x08001314   0x08001314   0x0000000c   Code   RO         2801    i.DMA2_Stream0_IRQHandler  stm32f4xx_it.o
    0x08001320   0x08001320   0x0000000c   Code   RO         2802    i.DMA2_Stream1_IRQHandler  stm32f4xx_it.o
    0x0800132c   0x0800132c   0x0000000c   Code   RO         2803    i.DMA2_Stream2_IRQHandler  stm32f4xx_it.o
    0x08001338   0x08001338   0x00000028   Code   RO         5925    i.DMA_CalcBaseAndBitshift  stm32f4xx_hal_dma.o
    0x08001360   0x08001360   0x00000054   Code   RO         5926    i.DMA_CheckFifoParam  stm32f4xx_hal_dma.o
    0x080013b4   0x080013b4   0x00000028   Code   RO         5927    i.DMA_SetConfig     stm32f4xx_hal_dma.o
    0x080013dc   0x080013dc   0x00000002   Code   RO         2804    i.DebugMon_Handler  stm32f4xx_it.o
    0x080013de   0x080013de   0x0000000c   Code   RO          383    i.Delay_us          adc.o
    0x080013ea   0x080013ea   0x00000002   PAD
    0x080013ec   0x080013ec   0x00000010   Code   RO         2805    i.ERROR_STOP_MOTOR  stm32f4xx_it.o
    0x080013fc   0x080013fc   0x0000001e   Code   RO         2806    i.EXTI15_10_IRQHandler  stm32f4xx_it.o
    0x0800141a   0x0800141a   0x00000018   Code   RO         2807    i.EXTI9_5_IRQHandler  stm32f4xx_it.o
    0x08001432   0x08001432   0x00000002   Code   RO         2564    i.Error_Handler     main.o
    0x08001434   0x08001434   0x00000050   Code   RO         5692    i.FLASH_Erase_Sector  stm32f4xx_hal_flash_ex.o
    0x08001484   0x08001484   0x00000020   Code   RO         5574    i.FLASH_Program_Byte  stm32f4xx_hal_flash.o
    0x080014a4   0x080014a4   0x00000028   Code   RO         5575    i.FLASH_Program_DoubleWord  stm32f4xx_hal_flash.o
    0x080014cc   0x080014cc   0x00000024   Code   RO         5576    i.FLASH_Program_HalfWord  stm32f4xx_hal_flash.o
    0x080014f0   0x080014f0   0x00000024   Code   RO         5577    i.FLASH_Program_Word  stm32f4xx_hal_flash.o
    0x08001514   0x08001514   0x0000007c   Code   RO         5578    i.FLASH_SetErrorCode  stm32f4xx_hal_flash.o
    0x08001590   0x08001590   0x00000050   Code   RO         5579    i.FLASH_WaitForLastOperation  stm32f4xx_hal_flash.o
    0x080015e0   0x080015e0   0x00000008   Code   RO          251    i.Flash_Read        debug.o
    0x080015e8   0x080015e8   0x00000044   Code   RO          252    i.Flash_WriteWord   debug.o
    0x0800162c   0x0800162c   0x00000050   Code   RO          253    i.Flash_variable    debug.o
    0x0800167c   0x0800167c   0x00000002   Code   RO         3340    i.HAL_ADCEx_InjectedConvCpltCallback  stm32f4xx_hal_adc_ex.o
    0x0800167e   0x0800167e   0x00000002   PAD
    0x08001680   0x08001680   0x00000054   Code   RO         3347    i.HAL_ADCEx_MultiModeConfigChannel  stm32f4xx_hal_adc_ex.o
    0x080016d4   0x080016d4   0x000000f8   Code   RO         3349    i.HAL_ADCEx_MultiModeStart_DMA  stm32f4xx_hal_adc_ex.o
    0x080017cc   0x080017cc   0x00000154   Code   RO         3171    i.HAL_ADC_ConfigChannel  stm32f4xx_hal_adc.o
    0x08001920   0x08001920   0x00000038   Code   RO          384    i.HAL_ADC_ConvCpltCallback  adc.o
    0x08001958   0x08001958   0x00000002   Code   RO         3173    i.HAL_ADC_ConvHalfCpltCallback  stm32f4xx_hal_adc.o
    0x0800195a   0x0800195a   0x00000002   Code   RO         3175    i.HAL_ADC_ErrorCallback  stm32f4xx_hal_adc.o
    0x0800195c   0x0800195c   0x0000013c   Code   RO         3179    i.HAL_ADC_IRQHandler  stm32f4xx_hal_adc.o
    0x08001a98   0x08001a98   0x00000054   Code   RO         3180    i.HAL_ADC_Init      stm32f4xx_hal_adc.o
    0x08001aec   0x08001aec   0x00000002   Code   RO         3181    i.HAL_ADC_LevelOutOfWindowCallback  stm32f4xx_hal_adc.o
    0x08001aee   0x08001aee   0x00000002   PAD
    0x08001af0   0x08001af0   0x00000200   Code   RO         3013    i.HAL_ADC_MspInit   stm32f4xx_hal_msp.o
    0x08001cf0   0x08001cf0   0x000000bc   Code   RO         3186    i.HAL_ADC_Start     stm32f4xx_hal_adc.o
    0x08001dac   0x08001dac   0x00000024   Code   RO         5929    i.HAL_DMA_Abort_IT  stm32f4xx_hal_dma.o
    0x08001dd0   0x08001dd0   0x000001a0   Code   RO         5933    i.HAL_DMA_IRQHandler  stm32f4xx_hal_dma.o
    0x08001f70   0x08001f70   0x000000d4   Code   RO         5934    i.HAL_DMA_Init      stm32f4xx_hal_dma.o
    0x08002044   0x08002044   0x00000078   Code   RO         5938    i.HAL_DMA_Start_IT  stm32f4xx_hal_dma.o
    0x080020bc   0x080020bc   0x00000014   Code   RO         5583    i.HAL_FLASH_Lock    stm32f4xx_hal_flash.o
    0x080020d0   0x080020d0   0x0000007c   Code   RO         5588    i.HAL_FLASH_Program  stm32f4xx_hal_flash.o
    0x0800214c   0x0800214c   0x0000002c   Code   RO         5590    i.HAL_FLASH_Unlock  stm32f4xx_hal_flash.o
    0x08002178   0x08002178   0x000000b4   Code   RO         2565    i.HAL_GPIO_EXTI_Callback  main.o
    0x0800222c   0x0800222c   0x00000018   Code   RO         5820    i.HAL_GPIO_EXTI_IRQHandler  stm32f4xx_hal_gpio.o
    0x08002244   0x08002244   0x000001a4   Code   RO         5821    i.HAL_GPIO_Init     stm32f4xx_hal_gpio.o
    0x080023e8   0x080023e8   0x0000000a   Code   RO         5823    i.HAL_GPIO_ReadPin  stm32f4xx_hal_gpio.o
    0x080023f2   0x080023f2   0x0000000a   Code   RO         5825    i.HAL_GPIO_WritePin  stm32f4xx_hal_gpio.o
    0x080023fc   0x080023fc   0x0000000c   Code   RO         6371    i.HAL_GetTick       stm32f4xx_hal.o
    0x08002408   0x08002408   0x00000002   Code   RO         3441    i.HAL_I2C_AbortCpltCallback  stm32f4xx_hal_i2c.o
    0x0800240a   0x0800240a   0x00000002   Code   RO         3442    i.HAL_I2C_AddrCallback  stm32f4xx_hal_i2c.o
    0x0800240c   0x0800240c   0x000000c4   Code   RO         3445    i.HAL_I2C_ER_IRQHandler  stm32f4xx_hal_i2c.o
    0x080024d0   0x080024d0   0x000001f0   Code   RO         3446    i.HAL_I2C_EV_IRQHandler  stm32f4xx_hal_i2c.o
    0x080026c0   0x080026c0   0x00000002   Code   RO         3448    i.HAL_I2C_ErrorCallback  stm32f4xx_hal_i2c.o
    0x080026c2   0x080026c2   0x00000002   PAD
    0x080026c4   0x080026c4   0x00000108   Code   RO         3452    i.HAL_I2C_Init      stm32f4xx_hal_i2c.o
    0x080027cc   0x080027cc   0x00000002   Code   RO         3454    i.HAL_I2C_ListenCpltCallback  stm32f4xx_hal_i2c.o
    0x080027ce   0x080027ce   0x00000002   Code   RO         3455    i.HAL_I2C_MasterRxCpltCallback  stm32f4xx_hal_i2c.o
    0x080027d0   0x080027d0   0x00000002   Code   RO         3456    i.HAL_I2C_MasterTxCpltCallback  stm32f4xx_hal_i2c.o
    0x080027d2   0x080027d2   0x00000002   Code   RO         3466    i.HAL_I2C_MemRxCpltCallback  stm32f4xx_hal_i2c.o
    0x080027d4   0x080027d4   0x00000002   Code   RO         3467    i.HAL_I2C_MemTxCpltCallback  stm32f4xx_hal_i2c.o
    0x080027d6   0x080027d6   0x00000002   PAD
    0x080027d8   0x080027d8   0x000001fc   Code   RO         3468    i.HAL_I2C_Mem_Read  stm32f4xx_hal_i2c.o
    0x080029d4   0x080029d4   0x0000013c   Code   RO         3471    i.HAL_I2C_Mem_Write  stm32f4xx_hal_i2c.o
    0x08002b10   0x08002b10   0x00000088   Code   RO         3015    i.HAL_I2C_MspInit   stm32f4xx_hal_msp.o
    0x08002b98   0x08002b98   0x00000002   Code   RO         3476    i.HAL_I2C_SlaveRxCpltCallback  stm32f4xx_hal_i2c.o
    0x08002b9a   0x08002b9a   0x00000002   Code   RO         3477    i.HAL_I2C_SlaveTxCpltCallback  stm32f4xx_hal_i2c.o
    0x08002b9c   0x08002b9c   0x00000010   Code   RO         6375    i.HAL_IncTick       stm32f4xx_hal.o
    0x08002bac   0x08002bac   0x00000034   Code   RO         6376    i.HAL_Init          stm32f4xx_hal.o
    0x08002be0   0x08002be0   0x00000074   Code   RO         3127    i.HAL_InitTick      stm32f4xx_hal_timebase_tim.o
    0x08002c54   0x08002c54   0x00000038   Code   RO         3016    i.HAL_MspInit       stm32f4xx_hal_msp.o
    0x08002c8c   0x08002c8c   0x00000016   Code   RO         6228    i.HAL_NVIC_EnableIRQ  stm32f4xx_hal_cortex.o
    0x08002ca2   0x08002ca2   0x00000002   PAD
    0x08002ca4   0x08002ca4   0x00000040   Code   RO         6234    i.HAL_NVIC_SetPriority  stm32f4xx_hal_cortex.o
    0x08002ce4   0x08002ce4   0x00000024   Code   RO         6235    i.HAL_NVIC_SetPriorityGrouping  stm32f4xx_hal_cortex.o
    0x08002d08   0x08002d08   0x00000070   Code   RO         6157    i.HAL_PWREx_EnableOverDrive  stm32f4xx_hal_pwr_ex.o
    0x08002d78   0x08002d78   0x00000130   Code   RO         5383    i.HAL_RCC_ClockConfig  stm32f4xx_hal_rcc.o
    0x08002ea8   0x08002ea8   0x00000040   Code   RO         5387    i.HAL_RCC_GetClockConfig  stm32f4xx_hal_rcc.o
    0x08002ee8   0x08002ee8   0x00000020   Code   RO         5390    i.HAL_RCC_GetPCLK1Freq  stm32f4xx_hal_rcc.o
    0x08002f08   0x08002f08   0x00000020   Code   RO         5391    i.HAL_RCC_GetPCLK2Freq  stm32f4xx_hal_rcc.o
    0x08002f28   0x08002f28   0x00000094   Code   RO         5494    i.HAL_RCC_GetSysClockFreq  stm32f4xx_hal_rcc_ex.o
    0x08002fbc   0x08002fbc   0x00000344   Code   RO         5495    i.HAL_RCC_OscConfig  stm32f4xx_hal_rcc_ex.o
    0x08003300   0x08003300   0x00000002   Code   RO         3876    i.HAL_SPI_ErrorCallback  stm32f4xx_hal_spi.o
    0x08003302   0x08003302   0x00000002   PAD
    0x08003304   0x08003304   0x000000d4   Code   RO         3879    i.HAL_SPI_IRQHandler  stm32f4xx_hal_spi.o
    0x080033d8   0x080033d8   0x00000080   Code   RO         3880    i.HAL_SPI_Init      stm32f4xx_hal_spi.o
    0x08003458   0x08003458   0x0000014c   Code   RO         3018    i.HAL_SPI_MspInit   stm32f4xx_hal_msp.o
    0x080035a4   0x080035a4   0x00000168   Code   RO         3888    i.HAL_SPI_Transmit  stm32f4xx_hal_spi.o
    0x0800370c   0x0800370c   0x00000002   Code   RO         4817    i.HAL_TIMEx_BreakCallback  stm32f4xx_hal_tim_ex.o
    0x0800370e   0x0800370e   0x00000002   Code   RO         4818    i.HAL_TIMEx_CommutationCallback  stm32f4xx_hal_tim_ex.o
    0x08003710   0x08003710   0x0000005a   Code   RO         4819    i.HAL_TIMEx_ConfigBreakDeadTime  stm32f4xx_hal_tim_ex.o
    0x0800376a   0x0800376a   0x00000050   Code   RO         4834    i.HAL_TIMEx_MasterConfigSynchronization  stm32f4xx_hal_tim_ex.o
    0x080037ba   0x080037ba   0x00000036   Code   RO         4188    i.HAL_TIM_Base_Init  stm32f4xx_hal_tim.o
    0x080037f0   0x080037f0   0x00000108   Code   RO         3020    i.HAL_TIM_Base_MspInit  stm32f4xx_hal_msp.o
    0x080038f8   0x080038f8   0x0000001a   Code   RO         4191    i.HAL_TIM_Base_Start  stm32f4xx_hal_tim.o
    0x08003912   0x08003912   0x00000018   Code   RO         4193    i.HAL_TIM_Base_Start_IT  stm32f4xx_hal_tim.o
    0x0800392a   0x0800392a   0x0000002a   Code   RO         4196    i.HAL_TIM_Base_Stop_IT  stm32f4xx_hal_tim.o
    0x08003954   0x08003954   0x000000f2   Code   RO         4197    i.HAL_TIM_ConfigClockSource  stm32f4xx_hal_tim.o
    0x08003a46   0x08003a46   0x00000096   Code   RO         4206    i.HAL_TIM_Encoder_Init  stm32f4xx_hal_tim.o
    0x08003adc   0x08003adc   0x000000a8   Code   RO         3022    i.HAL_TIM_Encoder_MspInit  stm32f4xx_hal_msp.o
    0x08003b84   0x08003b84   0x00000034   Code   RO         4209    i.HAL_TIM_Encoder_Start  stm32f4xx_hal_tim.o
    0x08003bb8   0x08003bb8   0x00000018   Code   RO          546    i.HAL_TIM_IC_CaptureCallback  pwm_in.o
    0x08003bd0   0x08003bd0   0x0000011e   Code   RO         4218    i.HAL_TIM_IC_ConfigChannel  stm32f4xx_hal_tim.o
    0x08003cee   0x08003cee   0x00000036   Code   RO         4221    i.HAL_TIM_IC_Init   stm32f4xx_hal_tim.o
    0x08003d24   0x08003d24   0x00000002   Code   RO         4223    i.HAL_TIM_IC_MspInit  stm32f4xx_hal_tim.o
    0x08003d26   0x08003d26   0x0000004c   Code   RO         4226    i.HAL_TIM_IC_Start_IT  stm32f4xx_hal_tim.o
    0x08003d72   0x08003d72   0x00000166   Code   RO         4230    i.HAL_TIM_IRQHandler  stm32f4xx_hal_tim.o
    0x08003ed8   0x08003ed8   0x00000080   Code   RO         3023    i.HAL_TIM_MspPostInit  stm32f4xx_hal_msp.o
    0x08003f58   0x08003f58   0x00000002   Code   RO         4233    i.HAL_TIM_OC_DelayElapsedCallback  stm32f4xx_hal_tim.o
    0x08003f5a   0x08003f5a   0x000000d0   Code   RO         4254    i.HAL_TIM_PWM_ConfigChannel  stm32f4xx_hal_tim.o
    0x0800402a   0x0800402a   0x00000036   Code   RO         4257    i.HAL_TIM_PWM_Init  stm32f4xx_hal_tim.o
    0x08004060   0x08004060   0x000000b0   Code   RO         3025    i.HAL_TIM_PWM_MspInit  stm32f4xx_hal_msp.o
    0x08004110   0x08004110   0x00000002   Code   RO         4260    i.HAL_TIM_PWM_PulseFinishedCallback  stm32f4xx_hal_tim.o
    0x08004112   0x08004112   0x00000002   PAD
    0x08004114   0x08004114   0x00000038   Code   RO         4261    i.HAL_TIM_PWM_Start  stm32f4xx_hal_tim.o
    0x0800414c   0x0800414c   0x000000d0   Code   RO         2566    i.HAL_TIM_PeriodElapsedCallback  main.o
    0x0800421c   0x0800421c   0x00000044   Code   RO         4268    i.HAL_TIM_ReadCapturedValue  stm32f4xx_hal_tim.o
    0x08004260   0x08004260   0x00000042   Code   RO         4269    i.HAL_TIM_SlaveConfigSynchronization  stm32f4xx_hal_tim.o
    0x080042a2   0x080042a2   0x00000002   Code   RO         4271    i.HAL_TIM_TriggerCallback  stm32f4xx_hal_tim.o
    0x080042a4   0x080042a4   0x00000002   Code   RO         5077    i.HAL_UART_ErrorCallback  stm32f4xx_hal_uart.o
    0x080042a6   0x080042a6   0x00000002   PAD
    0x080042a8   0x080042a8   0x00000110   Code   RO         5080    i.HAL_UART_IRQHandler  stm32f4xx_hal_uart.o
    0x080043b8   0x080043b8   0x00000062   Code   RO         5081    i.HAL_UART_Init     stm32f4xx_hal_uart.o
    0x0800441a   0x0800441a   0x00000002   PAD
    0x0800441c   0x0800441c   0x0000021c   Code   RO         3027    i.HAL_UART_MspInit  stm32f4xx_hal_msp.o
    0x08004638   0x08004638   0x00000098   Code   RO         5085    i.HAL_UART_Receive_DMA  stm32f4xx_hal_uart.o
    0x080046d0   0x080046d0   0x00000048   Code   RO         5086    i.HAL_UART_Receive_IT  stm32f4xx_hal_uart.o
    0x08004718   0x08004718   0x000000ac   Code   RO          254    i.HAL_UART_RxCpltCallback  debug.o
    0x080047c4   0x080047c4   0x00000002   Code   RO         5088    i.HAL_UART_RxHalfCpltCallback  stm32f4xx_hal_uart.o
    0x080047c6   0x080047c6   0x00000002   PAD
    0x080047c8   0x080047c8   0x00000080   Code   RO         5090    i.HAL_UART_Transmit_DMA  stm32f4xx_hal_uart.o
    0x08004848   0x08004848   0x00000074   Code   RO          255    i.HAL_UART_TxCpltCallback  debug.o
    0x080048bc   0x080048bc   0x00000002   Code   RO          256    i.HAL_UART_TxHalfCpltCallback  debug.o
    0x080048be   0x080048be   0x00000006   Code   RO         2808    i.HardFault_Handler  stm32f4xx_it.o
    0x080048c4   0x080048c4   0x0000000c   Code   RO         2809    i.I2C1_ER_IRQHandler  stm32f4xx_it.o
    0x080048d0   0x080048d0   0x0000000c   Code   RO         2810    i.I2C1_EV_IRQHandler  stm32f4xx_it.o
    0x080048dc   0x080048dc   0x0000004e   Code   RO         3486    i.I2C_DMAAbort      stm32f4xx_hal_i2c.o
    0x0800492a   0x0800492a   0x00000002   PAD
    0x0800492c   0x0800492c   0x00000124   Code   RO         3489    i.I2C_ITError       stm32f4xx_hal_i2c.o
    0x08004a50   0x08004a50   0x00000028   Code   RO         3490    i.I2C_IsAcknowledgeFailed  stm32f4xx_hal_i2c.o
    0x08004a78   0x08004a78   0x000000be   Code   RO         3491    i.I2C_MasterReceive_BTF  stm32f4xx_hal_i2c.o
    0x08004b36   0x08004b36   0x00000084   Code   RO         3492    i.I2C_MasterReceive_RXNE  stm32f4xx_hal_i2c.o
    0x08004bba   0x08004bba   0x00000080   Code   RO         3495    i.I2C_MasterTransmit_BTF  stm32f4xx_hal_i2c.o
    0x08004c3a   0x08004c3a   0x00000002   PAD
    0x08004c3c   0x08004c3c   0x00000108   Code   RO         3496    i.I2C_MasterTransmit_TXE  stm32f4xx_hal_i2c.o
    0x08004d44   0x08004d44   0x000000f4   Code   RO         3497    i.I2C_Master_ADDR   stm32f4xx_hal_i2c.o
    0x08004e38   0x08004e38   0x0000005a   Code   RO         3498    i.I2C_Master_SB     stm32f4xx_hal_i2c.o
    0x08004e92   0x08004e92   0x000000f0   Code   RO         3499    i.I2C_RequestMemoryRead  stm32f4xx_hal_i2c.o
    0x08004f82   0x08004f82   0x00000002   PAD
    0x08004f84   0x08004f84   0x000000a0   Code   RO         3500    i.I2C_RequestMemoryWrite  stm32f4xx_hal_i2c.o
    0x08005024   0x08005024   0x00000084   Code   RO         3501    i.I2C_Slave_AF      stm32f4xx_hal_i2c.o
    0x080050a8   0x080050a8   0x000000dc   Code   RO         3502    i.I2C_Slave_STOPF   stm32f4xx_hal_i2c.o
    0x08005184   0x08005184   0x0000004e   Code   RO         3503    i.I2C_WaitOnBTFFlagUntilTimeout  stm32f4xx_hal_i2c.o
    0x080051d2   0x080051d2   0x00000060   Code   RO         3504    i.I2C_WaitOnFlagUntilTimeout  stm32f4xx_hal_i2c.o
    0x08005232   0x08005232   0x00000002   PAD
    0x08005234   0x08005234   0x00000088   Code   RO         3505    i.I2C_WaitOnMasterAddressFlagUntilTimeout  stm32f4xx_hal_i2c.o
    0x080052bc   0x080052bc   0x00000062   Code   RO         3506    i.I2C_WaitOnRXNEFlagUntilTimeout  stm32f4xx_hal_i2c.o
    0x0800531e   0x0800531e   0x0000004e   Code   RO         3507    i.I2C_WaitOnTXEFlagUntilTimeout  stm32f4xx_hal_i2c.o
    0x0800536c   0x0800536c   0x00000028   Code   RO          669    i.I2C_routine       inertial.o
    0x08005394   0x08005394   0x00000094   Code   RO         2567    i.MX_ADC1_Init      main.o
    0x08005428   0x08005428   0x00000068   Code   RO         2568    i.MX_ADC2_Init      main.o
    0x08005490   0x08005490   0x00000064   Code   RO         2569    i.MX_ADC3_Init      main.o
    0x080054f4   0x080054f4   0x000000bc   Code   RO         2570    i.MX_DMA_Init       main.o
    0x080055b0   0x080055b0   0x0000016c   Code   RO         2571    i.MX_GPIO_Init      main.o
    0x0800571c   0x0800571c   0x00000038   Code   RO         2572    i.MX_SPI2_Init      main.o
    0x08005754   0x08005754   0x00000038   Code   RO         2573    i.MX_SPI3_Init      main.o
    0x0800578c   0x0800578c   0x0000008c   Code   RO         2574    i.MX_TIM1_Init      main.o
    0x08005818   0x08005818   0x000000b0   Code   RO         2575    i.MX_TIM2_Init      main.o
    0x080058c8   0x080058c8   0x0000005c   Code   RO         2576    i.MX_TIM3_Init      main.o
    0x08005924   0x08005924   0x00000006   Code   RO         2811    i.MemManage_Handler  stm32f4xx_it.o
    0x0800592a   0x0800592a   0x00000002   Code   RO         2812    i.NMI_Handler       stm32f4xx_it.o
    0x0800592c   0x0800592c   0x00000020   Code   RO         6241    i.NVIC_SetPriority  stm32f4xx_hal_cortex.o
    0x0800594c   0x0800594c   0x0000000c   Code   RO         2813    i.SPI2_IRQHandler   stm32f4xx_it.o
    0x08005958   0x08005958   0x00000020   Code   RO         3904    i.SPI_CheckFlag_BSY  stm32f4xx_hal_spi.o
    0x08005978   0x08005978   0x00000010   Code   RO         3908    i.SPI_DMAAbortOnError  stm32f4xx_hal_spi.o
    0x08005988   0x08005988   0x00000096   Code   RO         3922    i.SPI_WaitFlagStateUntilTimeout  stm32f4xx_hal_spi.o
    0x08005a1e   0x08005a1e   0x00000002   PAD
    0x08005a20   0x08005a20   0x000001c8   Code   RO          386    i.Start_ADC_Task    adc.o
    0x08005be8   0x08005be8   0x000004c0   Code   RO          444    i.Start_Calculate_Task  adc_process.o
    0x080060a8   0x080060a8   0x00000cb0   Code   RO          257    i.Start_Debug_Task  debug.o
    0x08006d58   0x08006d58   0x00000220   Code   RO          625    i.Start_Encoder_Task  encoder.o
    0x08006f78   0x08006f78   0x00000008   Code   RO         2581    i.Start_Get_Debug_Task  main.o
    0x08006f80   0x08006f80   0x00000154   Code   RO          670    i.Start_Gyroscope_Task  inertial.o
    0x080070d4   0x080070d4   0x00000584   Code   RO          345    i.Start_Motor_Task  motor.o
    0x08007658   0x08007658   0x0000013c   Code   RO          580    i.Start_Servo_Task  servo.o
    0x08007794   0x08007794   0x00000008   Code   RO          741    i.Start_TOF_Task    tof.o
    0x0800779c   0x0800779c   0x00000012   Code   RO          445    i.Swap              adc_process.o
    0x080077ae   0x080077ae   0x00000002   PAD
    0x080077b0   0x080077b0   0x0000002c   Code   RO         7643    i.SysTick_Handler   port.o
    0x080077dc   0x080077dc   0x00000088   Code   RO         2586    i.SystemClock_Config  main.o
    0x08007864   0x08007864   0x00000054   Code   RO         6530    i.SystemInit        system_stm32f4xx.o
    0x080078b8   0x080078b8   0x0000001c   Code   RO         2814    i.TIM1_TRG_COM_TIM11_IRQHandler  stm32f4xx_it.o
    0x080078d4   0x080078d4   0x0000001c   Code   RO         2815    i.TIM1_UP_TIM10_IRQHandler  stm32f4xx_it.o
    0x080078f0   0x080078f0   0x0000000c   Code   RO         2816    i.TIM2_IRQHandler   stm32f4xx_it.o
    0x080078fc   0x080078fc   0x0000000c   Code   RO         2817    i.TIM6_DAC_IRQHandler  stm32f4xx_it.o
    0x08007908   0x08007908   0x0000000c   Code   RO         2818    i.TIM7_IRQHandler   stm32f4xx_it.o
    0x08007914   0x08007914   0x0000000c   Code   RO         2819    i.TIM8_BRK_TIM12_IRQHandler  stm32f4xx_it.o
    0x08007920   0x08007920   0x0000000c   Code   RO         2820    i.TIM8_TRG_COM_TIM14_IRQHandler  stm32f4xx_it.o
    0x0800792c   0x0800792c   0x0000000c   Code   RO         2821    i.TIM8_UP_TIM13_IRQHandler  stm32f4xx_it.o
    0x08007938   0x08007938   0x000000c0   Code   RO         4272    i.TIM_Base_SetConfig  stm32f4xx_hal_tim.o
    0x080079f8   0x080079f8   0x00000016   Code   RO         4273    i.TIM_CCxChannelCmd  stm32f4xx_hal_tim.o
    0x08007a0e   0x08007a0e   0x00000014   Code   RO         4279    i.TIM_ETR_SetConfig  stm32f4xx_hal_tim.o
    0x08007a22   0x08007a22   0x00000010   Code   RO         4280    i.TIM_ITRx_SetConfig  stm32f4xx_hal_tim.o
    0x08007a32   0x08007a32   0x00000002   PAD
    0x08007a34   0x08007a34   0x00000058   Code   RO         4281    i.TIM_OC1_SetConfig  stm32f4xx_hal_tim.o
    0x08007a8c   0x08007a8c   0x00000064   Code   RO         4282    i.TIM_OC2_SetConfig  stm32f4xx_hal_tim.o
    0x08007af0   0x08007af0   0x00000060   Code   RO         4283    i.TIM_OC3_SetConfig  stm32f4xx_hal_tim.o
    0x08007b50   0x08007b50   0x00000050   Code   RO         4284    i.TIM_OC4_SetConfig  stm32f4xx_hal_tim.o
    0x08007ba0   0x08007ba0   0x0000007c   Code   RO         4285    i.TIM_SlaveTimer_SetConfig  stm32f4xx_hal_tim.o
    0x08007c1c   0x08007c1c   0x00000022   Code   RO         4286    i.TIM_TI1_ConfigInputStage  stm32f4xx_hal_tim.o
    0x08007c3e   0x08007c3e   0x00000002   PAD
    0x08007c40   0x08007c40   0x00000084   Code   RO         4287    i.TIM_TI1_SetConfig  stm32f4xx_hal_tim.o
    0x08007cc4   0x08007cc4   0x00000024   Code   RO         4288    i.TIM_TI2_ConfigInputStage  stm32f4xx_hal_tim.o
    0x08007ce8   0x08007ce8   0x00000036   Code   RO         4289    i.TIM_TI2_SetConfig  stm32f4xx_hal_tim.o
    0x08007d1e   0x08007d1e   0x00000002   PAD
    0x08007d20   0x08007d20   0x00000028   Code   RO          258    i.UART2_message     debug.o
    0x08007d48   0x08007d48   0x0000000c   Code   RO         2822    i.UART5_IRQHandler  stm32f4xx_it.o
    0x08007d54   0x08007d54   0x00000010   Code   RO         5094    i.UART_DMAAbortOnError  stm32f4xx_hal_uart.o
    0x08007d64   0x08007d64   0x0000004a   Code   RO         5095    i.UART_DMAError     stm32f4xx_hal_uart.o
    0x08007dae   0x08007dae   0x0000003c   Code   RO         5096    i.UART_DMAReceiveCplt  stm32f4xx_hal_uart.o
    0x08007dea   0x08007dea   0x0000000a   Code   RO         5098    i.UART_DMARxHalfCplt  stm32f4xx_hal_uart.o
    0x08007df4   0x08007df4   0x0000002e   Code   RO         5100    i.UART_DMATransmitCplt  stm32f4xx_hal_uart.o
    0x08007e22   0x08007e22   0x0000000a   Code   RO         5102    i.UART_DMATxHalfCplt  stm32f4xx_hal_uart.o
    0x08007e2c   0x08007e2c   0x0000001c   Code   RO         5104    i.UART_EndRxTransfer  stm32f4xx_hal_uart.o
    0x08007e48   0x08007e48   0x00000012   Code   RO         5105    i.UART_EndTxTransfer  stm32f4xx_hal_uart.o
    0x08007e5a   0x08007e5a   0x0000008c   Code   RO         5106    i.UART_Receive_IT   stm32f4xx_hal_uart.o
    0x08007ee6   0x08007ee6   0x00000002   PAD
    0x08007ee8   0x08007ee8   0x000002ac   Code   RO         5107    i.UART_SetConfig    stm32f4xx_hal_uart.o
    0x08008194   0x08008194   0x00000062   Code   RO         5108    i.UART_Transmit_IT  stm32f4xx_hal_uart.o
    0x080081f6   0x080081f6   0x00000002   PAD
    0x080081f8   0x080081f8   0x0000000c   Code   RO         2823    i.USART1_IRQHandler  stm32f4xx_it.o
    0x08008204   0x08008204   0x0000000c   Code   RO         2824    i.USART2_IRQHandler  stm32f4xx_it.o
    0x08008210   0x08008210   0x00000006   Code   RO         2825    i.UsageFault_Handler  stm32f4xx_it.o
    0x08008216   0x08008216   0x00000002   PAD
    0x08008218   0x08008218   0x00000028   Code   RO         8039    i.__0sprintf        mc_w.l(printfa.o)
    0x08008240   0x08008240   0x00000030   Code   RO         8107    i.__ARM_fpclassify  m_wm.l(fpclassify.o)
    0x08008270   0x08008270   0x00000026   Code   RO         8109    i.__ARM_fpclassifyf  m_wm.l(fpclassifyf.o)
    0x08008296   0x08008296   0x00000002   PAD
    0x08008298   0x08008298   0x00000008   Code   RO         8156    i.__aeabi_errno_addr  mc_w.l(errno.o)
    0x080082a0   0x080082a0   0x00000038   Code   RO         7719    i.__hardfp_atof     m_wm.l(atof.o)
    0x080082d8   0x080082d8   0x00000150   Code   RO         7725    i.__hardfp_cosf     m_wm.l(cosf.o)
    0x08008428   0x08008428   0x00000c50   Code   RO         7737    i.__hardfp_pow      m_wm.l(pow.o)
    0x08009078   0x08009078   0x00000664   Code   RO         7751    i.__hardfp_powf     m_wm.l(powf.o)
    0x080096dc   0x080096dc   0x00000190   Code   RO         7765    i.__hardfp_sinf     m_wm.l(sinf.o)
    0x0800986c   0x0800986c   0x0000007a   Code   RO         7777    i.__hardfp_sqrt     m_wm.l(sqrt.o)
    0x080098e6   0x080098e6   0x000000f8   Code   RO         8125    i.__kernel_poly     m_wm.l(poly.o)
    0x080099de   0x080099de   0x00000002   PAD
    0x080099e0   0x080099e0   0x00000030   Code   RO         8087    i.__mathlib_dbl_divzero  m_wm.l(dunder.o)
    0x08009a10   0x08009a10   0x00000014   Code   RO         8089    i.__mathlib_dbl_infnan2  m_wm.l(dunder.o)
    0x08009a24   0x08009a24   0x00000004   PAD
    0x08009a28   0x08009a28   0x00000020   Code   RO         8090    i.__mathlib_dbl_invalid  m_wm.l(dunder.o)
    0x08009a48   0x08009a48   0x00000020   Code   RO         8091    i.__mathlib_dbl_overflow  m_wm.l(dunder.o)
    0x08009a68   0x08009a68   0x00000020   Code   RO         8093    i.__mathlib_dbl_underflow  m_wm.l(dunder.o)
    0x08009a88   0x08009a88   0x00000014   Code   RO         8111    i.__mathlib_flt_divzero  m_wm.l(funder.o)
    0x08009a9c   0x08009a9c   0x00000006   Code   RO         8112    i.__mathlib_flt_infnan  m_wm.l(funder.o)
    0x08009aa2   0x08009aa2   0x00000006   Code   RO         8113    i.__mathlib_flt_infnan2  m_wm.l(funder.o)
    0x08009aa8   0x08009aa8   0x00000010   Code   RO         8114    i.__mathlib_flt_invalid  m_wm.l(funder.o)
    0x08009ab8   0x08009ab8   0x00000010   Code   RO         8115    i.__mathlib_flt_overflow  m_wm.l(funder.o)
    0x08009ac8   0x08009ac8   0x00000010   Code   RO         8117    i.__mathlib_flt_underflow  m_wm.l(funder.o)
    0x08009ad8   0x08009ad8   0x00000154   Code   RO         8128    i.__mathlib_rredf2  m_wm.l(rredf.o)
    0x08009c2c   0x08009c2c   0x0000000c   Code   RO         8157    i.__read_errno      mc_w.l(errno.o)
    0x08009c38   0x08009c38   0x0000000e   Code   RO         8233    i.__scatterload_copy  mc_w.l(handlers.o)
    0x08009c46   0x08009c46   0x00000002   Code   RO         8234    i.__scatterload_null  mc_w.l(handlers.o)
    0x08009c48   0x08009c48   0x0000000e   Code   RO         8235    i.__scatterload_zeroinit  mc_w.l(handlers.o)
    0x08009c56   0x08009c56   0x00000002   PAD
    0x08009c58   0x08009c58   0x0000000c   Code   RO         8158    i.__set_errno       mc_w.l(errno.o)
    0x08009c64   0x08009c64   0x00000184   Code   RO         8044    i._fp_digits        mc_w.l(printfa.o)
    0x08009de8   0x08009de8   0x0000000e   Code   RO         8217    i._is_digit         mc_w.l(scanf_fp.o)
    0x08009df6   0x08009df6   0x00000002   PAD
    0x08009df8   0x08009df8   0x000006dc   Code   RO         8045    i._printf_core      mc_w.l(printfa.o)
    0x0800a4d4   0x0800a4d4   0x00000024   Code   RO         8046    i._printf_post_padding  mc_w.l(printfa.o)
    0x0800a4f8   0x0800a4f8   0x0000002e   Code   RO         8047    i._printf_pre_padding  mc_w.l(printfa.o)
    0x0800a526   0x0800a526   0x0000000a   Code   RO         8049    i._sputc            mc_w.l(printfa.o)
    0x0800a530   0x0800a530   0x0000022c   Code   RO          581    i.allapotszabalyozo  servo.o
    0x0800a75c   0x0800a75c   0x00000014   Code   RO          387    i.analog_multi_switch  adc.o
    0x0800a770   0x0800a770   0x00000568   Code   RO          446    i.atsorolas_adc_process  adc_process.o
    0x0800acd8   0x0800acd8   0x00000030   Code   RO          786    i.atsorolashoz      labirintus.o
    0x0800ad08   0x0800ad08   0x00000060   Code   RO          912    i.bno055_convert_double_euler_h_rad  bno055.o
    0x0800ad68   0x0800ad68   0x00000050   Code   RO          998    i.bno055_get_euler_unit  bno055.o
    0x0800adb8   0x0800adb8   0x00000050   Code   RO         1044    i.bno055_get_operation_mode  bno055.o
    0x0800ae08   0x0800ae08   0x00000050   Code   RO         1045    i.bno055_get_power_mode  bno055.o
    0x0800ae58   0x0800ae58   0x000000d0   Code   RO         1063    i.bno055_init       bno055.o
    0x0800af28   0x0800af28   0x0000005c   Code   RO         1072    i.bno055_read_euler_h  bno055.o
    0x0800af84   0x0800af84   0x00000080   Code   RO         1124    i.bno055_set_euler_unit  bno055.o
    0x0800b004   0x0800b004   0x000000b0   Code   RO         1162    i.bno055_set_operation_mode  bno055.o
    0x0800b0b4   0x0800b0b4   0x00000080   Code   RO         1163    i.bno055_set_power_mode  bno055.o
    0x0800b134   0x0800b134   0x000001b0   Code   RO         1172    i.bno055_write_accel_offset  bno055.o
    0x0800b2e4   0x0800b2e4   0x00000158   Code   RO         1173    i.bno055_write_gyro_offset  bno055.o
    0x0800b43c   0x0800b43c   0x00000054   Code   RO         1175    i.bno055_write_page_id  bno055.o
    0x0800b490   0x0800b490   0x00000028   Code   RO         1176    i.bno055_write_register  bno055.o
    0x0800b4b8   0x0800b4b8   0x00000002   Code   RO         2742    i.configureTimerForRunTimeStats  freertos.o
    0x0800b4ba   0x0800b4ba   0x00000002   PAD
    0x0800b4bc   0x0800b4bc   0x00000058   Code   RO          787    i.corr_x_y          labirintus.o
    0x0800b514   0x0800b514   0x00000426   Code   RO          788    i.data_process      labirintus.o
    0x0800b93a   0x0800b93a   0x00000002   PAD
    0x0800b93c   0x0800b93c   0x0000016c   Code   RO          789    i.dijkstra          labirintus.o
    0x0800baa8   0x0800baa8   0x000000ec   Code   RO          790    i.dijkstra_99       labirintus.o
    0x0800bb94   0x0800bb94   0x00000500   Code   RO          447    i.elozes_adc_process  adc_process.o
    0x0800c094   0x0800c094   0x00000018   Code   RO          626    i.enc_mm_value_get  encoder.o
    0x0800c0ac   0x0800c0ac   0x00000018   Code   RO         8103    i.fabs              m_wm.l(fabs.o)
    0x0800c0c4   0x0800c0c4   0x00000074   Code   RO          791    i.follow_the_flow   labirintus.o
    0x0800c138   0x0800c138   0x00000004   Code   RO           13    i.getRunTimeCounterValue  timer.o
    0x0800c13c   0x0800c13c   0x00000020   Code   RO           14    i.get_timer_us      timer.o
    0x0800c15c   0x0800c15c   0x000004e8   Code   RO          448    i.gyorsassagi_adc_process  adc_process.o
    0x0800c644   0x0800c644   0x00000030   Code   RO          449    i.iaverage          adc_process.o
    0x0800c674   0x0800c674   0x00000048   Code   RO          792    i.ismeretlen_utak   labirintus.o
    0x0800c6bc   0x0800c6bc   0x0000006c   Code   RO          450    i.labirintus        adc_process.o
    0x0800c728   0x0800c728   0x00000324   Code   RO         2587    i.main              main.o
    0x0800ca4c   0x0800ca4c   0x0000000c   Code   RO         7208    i.makeFreeRtosPriority  cmsis_os.o
    0x0800ca58   0x0800ca58   0x000000b0   Code   RO          793    i.make_cost_table   labirintus.o
    0x0800cb08   0x0800cb08   0x000000f0   Code   RO          794    i.make_cost_table_99  labirintus.o
    0x0800cbf8   0x0800cbf8   0x00000038   Code   RO          259    i.message_space_separation  debug.o
    0x0800cc30   0x0800cc30   0x0000004c   Code   RO          795    i.next_direction    labirintus.o
    0x0800cc7c   0x0800cc7c   0x0000000e   Code   RO         7210    i.osDelay           cmsis_os.o
    0x0800cc8a   0x0800cc8a   0x0000000a   Code   RO         7213    i.osKernelStart     cmsis_os.o
    0x0800cc94   0x0800cc94   0x0000002e   Code   RO         7247    i.osThreadCreate    cmsis_os.o
    0x0800ccc2   0x0800ccc2   0x00000002   PAD
    0x0800ccc4   0x0800ccc4   0x00000070   Code   RO          796    i.path_100          labirintus.o
    0x0800cd34   0x0800cd34   0x0000002c   Code   RO          797    i.path_99           labirintus.o
    0x0800cd60   0x0800cd60   0x00000054   Code   RO          798    i.print_dist        labirintus.o
    0x0800cdb4   0x0800cdb4   0x00000060   Code   RO          799    i.print_table       labirintus.o
    0x0800ce14   0x0800ce14   0x00000070   Code   RO         6864    i.prvAddCurrentTaskToDelayedList  tasks.o
    0x0800ce84   0x0800ce84   0x000000d0   Code   RO         6865    i.prvAddNewTaskToReadyList  tasks.o
    0x0800cf54   0x0800cf54   0x00000050   Code   RO         6866    i.prvCheckTasksWaitingTermination  tasks.o
    0x0800cfa4   0x0800cfa4   0x00000026   Code   RO         6705    i.prvCopyDataFromQueue  queue.o
    0x0800cfca   0x0800cfca   0x0000006c   Code   RO         6706    i.prvCopyDataToQueue  queue.o
    0x0800d036   0x0800d036   0x00000014   Code   RO         6867    i.prvDeleteTCB      tasks.o
    0x0800d04a   0x0800d04a   0x00000002   PAD
    0x0800d04c   0x0800d04c   0x0000004c   Code   RO         7581    i.prvHeapInit       heap_4.o
    0x0800d098   0x0800d098   0x00000028   Code   RO         6868    i.prvIdleTask       tasks.o
    0x0800d0c0   0x0800d0c0   0x0000009e   Code   RO         6869    i.prvInitialiseNewTask  tasks.o
    0x0800d15e   0x0800d15e   0x00000002   PAD
    0x0800d160   0x0800d160   0x0000004c   Code   RO         7582    i.prvInsertBlockIntoFreeList  heap_4.o
    0x0800d1ac   0x0800d1ac   0x0000001c   Code   RO         6707    i.prvIsQueueEmpty   queue.o
    0x0800d1c8   0x0800d1c8   0x00000020   Code   RO         6871    i.prvResetNextTaskUnblockTime  tasks.o
    0x0800d1e8   0x0800d1e8   0x00000028   Code   RO         7644    i.prvTaskExitError  port.o
    0x0800d210   0x0800d210   0x0000006a   Code   RO         6708    i.prvUnlockQueue    queue.o
    0x0800d27a   0x0800d27a   0x00000002   PAD
    0x0800d27c   0x0800d27c   0x000000d8   Code   RO         7583    i.pvPortMalloc      heap_4.o
    0x0800d354   0x0800d354   0x00000018   Code   RO         6874    i.pvTaskIncrementMutexHeldCount  tasks.o
    0x0800d36c   0x0800d36c   0x0000002c   Code   RO         7645    i.pxPortInitialiseStack  port.o
    0x0800d398   0x0800d398   0x00000524   Code   RO          451    i.safetycar_adc_process  adc_process.o
    0x0800d8bc   0x0800d8bc   0x00000044   Code   RO          452    i.search_max        adc_process.o
    0x0800d900   0x0800d900   0x0000006e   Code   RO         7779    i.sqrt              m_wm.l(sqrt.o)
    0x0800d96e   0x0800d96e   0x00000002   PAD
    0x0800d970   0x0800d970   0x00000970   Code   RO          453    i.ugyessegi_adc_process  adc_process.o
    0x0800e2e0   0x0800e2e0   0x00000068   Code   RO         6875    i.ulTaskNotifyTake  tasks.o
    0x0800e348   0x0800e348   0x00000024   Code   RO         6668    i.uxListRemove      list.o
    0x0800e36c   0x0800e36c   0x00000016   Code   RO         6669    i.vListInitialise   list.o
    0x0800e382   0x0800e382   0x00000006   Code   RO         6670    i.vListInitialiseItem  list.o
    0x0800e388   0x0800e388   0x00000030   Code   RO         6671    i.vListInsert       list.o
    0x0800e3b8   0x0800e3b8   0x00000018   Code   RO         6672    i.vListInsertEnd    list.o
    0x0800e3d0   0x0800e3d0   0x00000040   Code   RO         7647    i.vPortEnterCritical  port.o
    0x0800e410   0x0800e410   0x00000028   Code   RO         7648    i.vPortExitCritical  port.o
    0x0800e438   0x0800e438   0x0000005c   Code   RO         7584    i.vPortFree         heap_4.o
    0x0800e494   0x0800e494   0x00000020   Code   RO         7649    i.vPortSetupTimerInterrupt  port.o
    0x0800e4b4   0x0800e4b4   0x00000054   Code   RO         7650    i.vPortValidateInterruptPriority  port.o
    0x0800e508   0x0800e508   0x0000004c   Code   RO         6882    i.vTaskDelay        tasks.o
    0x0800e554   0x0800e554   0x0000000c   Code   RO         6888    i.vTaskMissedYield  tasks.o
    0x0800e560   0x0800e560   0x000000b8   Code   RO         6889    i.vTaskNotifyGiveFromISR  tasks.o
    0x0800e618   0x0800e618   0x00000030   Code   RO         6890    i.vTaskPlaceOnEventList  tasks.o
    0x0800e648   0x0800e648   0x00000084   Code   RO         6892    i.vTaskPriorityInherit  tasks.o
    0x0800e6cc   0x0800e6cc   0x00000024   Code   RO         6896    i.vTaskSetTimeOutState  tasks.o
    0x0800e6f0   0x0800e6f0   0x0000006c   Code   RO         6897    i.vTaskStartScheduler  tasks.o
    0x0800e75c   0x0800e75c   0x00000010   Code   RO         6899    i.vTaskSuspendAll   tasks.o
    0x0800e76c   0x0800e76c   0x00000074   Code   RO         6900    i.vTaskSwitchContext  tasks.o
    0x0800e7e0   0x0800e7e0   0x000000e0   Code   RO         7651    i.xPortStartScheduler  port.o
    0x0800e8c0   0x0800e8c0   0x00000024   Code   RO         6718    i.xQueueCreateMutex  queue.o
    0x0800e8e4   0x0800e8e4   0x00000052   Code   RO         6719    i.xQueueGenericCreate  queue.o
    0x0800e936   0x0800e936   0x00000002   PAD
    0x0800e938   0x0800e938   0x0000016c   Code   RO         6720    i.xQueueGenericReceive  queue.o
    0x0800eaa4   0x0800eaa4   0x00000088   Code   RO         6721    i.xQueueGenericReset  queue.o
    0x0800eb2c   0x0800eb2c   0x00000160   Code   RO         6722    i.xQueueGenericSend  queue.o
    0x0800ec8c   0x0800ec8c   0x0000006c   Code   RO         6901    i.xTaskCheckForTimeOut  tasks.o
    0x0800ecf8   0x0800ecf8   0x00000056   Code   RO         6902    i.xTaskCreate       tasks.o
    0x0800ed4e   0x0800ed4e   0x00000002   PAD
    0x0800ed50   0x0800ed50   0x000000cc   Code   RO         6903    i.xTaskGenericNotify  tasks.o
    0x0800ee1c   0x0800ee1c   0x0000001c   Code   RO         6906    i.xTaskGetSchedulerState  tasks.o
    0x0800ee38   0x0800ee38   0x000000c8   Code   RO         6909    i.xTaskIncrementTick  tasks.o
    0x0800ef00   0x0800ef00   0x00000098   Code   RO         6912    i.xTaskPriorityDisinherit  tasks.o
    0x0800ef98   0x0800ef98   0x00000074   Code   RO         6913    i.xTaskRemoveFromEventList  tasks.o
    0x0800f00c   0x0800f00c   0x000000c4   Code   RO         6915    i.xTaskResumeAll    tasks.o
    0x0800f0d0   0x0800f0d0   0x000000b4   Data   RO         2598    .constdata          main.o
    0x0800f184   0x0800f184   0x00000008   Data   RO         5940    .constdata          stm32f4xx_hal_dma.o
    0x0800f18c   0x0800f18c   0x00000010   Data   RO         6531    .constdata          system_stm32f4xx.o
    0x0800f19c   0x0800f19c   0x00000008   Data   RO         6532    .constdata          system_stm32f4xx.o
    0x0800f1a4   0x0800f1a4   0x00000004   PAD
    0x0800f1a8   0x0800f1a8   0x00000088   Data   RO         7740    .constdata          m_wm.l(pow.o)
    0x0800f230   0x0800f230   0x00000140   Data   RO         7754    .constdata          m_wm.l(powf.o)
    0x0800f370   0x0800f370   0x00000008   Data   RO         8127    .constdata          m_wm.l(qnan.o)
    0x0800f378   0x0800f378   0x00000020   Data   RO         8129    .constdata          m_wm.l(rredf.o)
    0x0800f398   0x0800f398   0x00000081   Data   RO         8188    .constdata          mc_w.l(ctype_o.o)
    0x0800f419   0x0800f419   0x00000003   PAD
    0x0800f41c   0x0800f41c   0x00000004   Data   RO         8189    .constdata          mc_w.l(ctype_o.o)
    0x0800f420   0x0800f420   0x0000006f   Data   RO         2599    .conststring        main.o
    0x0800f48f   0x0800f48f   0x00000001   PAD
    0x0800f490   0x0800f490   0x00000020   Data   RO         8231    Region$$Table       anon$$obj.o


    Execution Region RW_IRAM1 (Exec base: 0x20000000, Load base: 0x0800f4b0, Size: 0x000086b8, Max: 0x00020000, ABSOLUTE, COMPRESSED[0x000000e0])

    Exec Addr    Load Addr    Size         Type   Attr      Idx    E Section Name        Object

    0x20000000   COMPRESSED   0x00000030   Data   RW          262    .data               debug.o
    0x20000030   COMPRESSED   0x00000059   Data   RW          346    .data               motor.o
    0x20000089   COMPRESSED   0x00000003   PAD
    0x2000008c   COMPRESSED   0x00000004   Data   RW          347    .data               motor.o
    0x20000090   COMPRESSED   0x00000004   Data   RW          348    .data               motor.o
    0x20000094   COMPRESSED   0x00000068   Data   RW          389    .data               adc.o
    0x200000fc   COMPRESSED   0x000002f0   Data   RW          460    .data               adc_process.o
    0x200003ec   COMPRESSED   0x00000004   Data   RW          465    .data               adc_process.o
    0x200003f0   COMPRESSED   0x00000004   Data   RW          547    .data               pwm_in.o
    0x200003f4   COMPRESSED   0x00000040   Data   RW          583    .data               servo.o
    0x20000434   COMPRESSED   0x00000034   Data   RW          627    .data               encoder.o
    0x20000468   COMPRESSED   0x00000030   Data   RW          674    .data               inertial.o
    0x20000498   COMPRESSED   0x00000001   Data   RW          688    .data               inertial.o
    0x20000499   COMPRESSED   0x00000001   Data   RW          743    .data               tof.o
    0x2000049a   COMPRESSED   0x00000002   PAD
    0x2000049c   COMPRESSED   0x00000004   Data   RW          744    .data               tof.o
    0x200004a0   COMPRESSED   0x00000004   Data   RW          745    .data               tof.o
    0x200004a4   COMPRESSED   0x00000004   Data   RW          752    .data               tof.o
    0x200004a8   COMPRESSED   0x000003d0   Data   RW          801    .data               labirintus.o
    0x20000878   COMPRESSED   0x00000004   Data   RW         1178    .data               bno055.o
    0x2000087c   COMPRESSED   0x00000040   Data   RW         2600    .data               main.o
    0x200008bc   COMPRESSED   0x00000004   Data   RW         2601    .data               main.o
    0x200008c0   COMPRESSED   0x0000000c   Data   RW         6383    .data               stm32f4xx_hal.o
    0x200008cc   COMPRESSED   0x00000004   Data   RW         6533    .data               system_stm32f4xx.o
    0x200008d0   COMPRESSED   0x00000044   Data   RW         6918    .data               tasks.o
    0x20000914   COMPRESSED   0x00000018   Data   RW         7589    .data               heap_4.o
    0x2000092c   COMPRESSED   0x0000000c   Data   RW         7652    .data               port.o
    0x20000938   COMPRESSED   0x00000004   Data   RW         8159    .data               mc_w.l(errno.o)
    0x2000093c        -       0x0000236c   Zero   RW          260    .bss                debug.o
    0x20002ca8        -       0x000001f4   Zero   RW          388    .bss                adc.o
    0x20002e9c        -       0x0000065c   Zero   RW          456    .bss                adc_process.o
    0x200034f8        -       0x00000014   Zero   RW          582    .bss                servo.o
    0x2000350c        -       0x00000018   Zero   RW          671    .bss                inertial.o
    0x20003524        -       0x0000082c   Zero   RW          800    .bss                labirintus.o
    0x20003d50        -       0x000004b8   Zero   RW         2588    .bss                main.o
    0x20004208        -       0x00000060   Zero   RW         2589    .bss                main.o
    0x20004268        -       0x00000060   Zero   RW         2590    .bss                main.o
    0x200042c8        -       0x00000060   Zero   RW         2591    .bss                main.o
    0x20004328        -       0x00000060   Zero   RW         2592    .bss                main.o
    0x20004388        -       0x00000060   Zero   RW         2593    .bss                main.o
    0x200043e8        -       0x00000060   Zero   RW         2594    .bss                main.o
    0x20004448        -       0x00000060   Zero   RW         2595    .bss                main.o
    0x200044a8        -       0x00000060   Zero   RW         2596    .bss                main.o
    0x20004508        -       0x00000060   Zero   RW         2597    .bss                main.o
    0x20004568        -       0x0000003c   Zero   RW         3130    .bss                stm32f4xx_hal_timebase_tim.o
    0x200045a4        -       0x00000020   Zero   RW         5591    .bss                stm32f4xx_hal_flash.o
    0x200045c4        -       0x000000f0   Zero   RW         6917    .bss                tasks.o
    0x200046b4        -       0x00003c00   Zero   RW         7588    .bss                heap_4.o
    0x200082b4   COMPRESSED   0x00000004   PAD
    0x200082b8        -       0x00000400   Zero   RW            1    STACK               startup_stm32f446xx.o


==============================================================================

Image component sizes


      Code (inc. data)   RO Data    RW Data    ZI Data      Debug   Object Name

       544         76          0        104        500       3771   adc.o
      9110        582          0        756       1628      25997   adc_process.o
      1968         64          0          4          0      11370   bno055.o
        82          0          0          0          0      12849   cmsis_os.o
      3790       1174          0         48       9068       8481   debug.o
       568         64          0         52          0       2152   encoder.o
         0          0          0          0          0       9580   event_groups.o
         2          0          0          0          0        492   freertos.o
       460         24          0         24      15360       7463   heap_4.o
       508         54          0         49         24       5141   inertial.o
      2814        142          0        976       2092      14253   labirintus.o
       136          0          0          0          0       3658   list.o
      2762        276        291         68       2072      17057   main.o
      1412        202          0         97          0       3690   motor.o
       758         84          0         12          0      12109   port.o
        24          4          0          4          0       1050   pwm_in.o
      1250         14          0          0          0      11790   queue.o
       872        106          0         64         20       2883   servo.o
        36          8        452          0       1024        856   startup_stm32f446xx.o
        80         14          0         12          0       3342   stm32f4xx_hal.o
      1226         52          0          0          0       6414   stm32f4xx_hal_adc.o
       448         30          0          0          0       4735   stm32f4xx_hal_adc_ex.o
       154         14          0          0          0      29702   stm32f4xx_hal_cortex.o
       948         16          8          0          0       6618   stm32f4xx_hal_dma.o
       536         66          0          0         32       6810   stm32f4xx_hal_flash.o
        80          6          0          0          0        757   stm32f4xx_hal_flash_ex.o
       464         48          0          0          0       3802   stm32f4xx_hal_gpio.o
      4496         68          0          0          0      30552   stm32f4xx_hal_i2c.o
      2312        222          0          0          0       8832   stm32f4xx_hal_msp.o
       112         14          0          0          0       1324   stm32f4xx_hal_pwr_ex.o
       432         52          0          0          0       3643   stm32f4xx_hal_rcc.o
       984         30          0          0          0       2766   stm32f4xx_hal_rcc_ex.o
       900          4          0          0          0       6495   stm32f4xx_hal_spi.o
      2818        124          0          0          0      25817   stm32f4xx_hal_tim.o
       174          0          0          0          0       3334   stm32f4xx_hal_tim_ex.o
       116         16          0          0         60       1456   stm32f4xx_hal_timebase_tim.o
      1910         42          0          0          0      13374   stm32f4xx_hal_uart.o
       442        162          0          0          0      17334   stm32f4xx_it.o
        84         18         24          4          0       1215   system_stm32f4xx.o
      2596        206          0         68        240      26742   tasks.o
        36         10          0          0          0     807128   timer.o
         8          0          0         13          0       1168   tof.o

    ----------------------------------------------------------------------
     48520       4088        812       2360      32124    1168002   Object Totals
         0          0         32          0          0          0   (incl. Generated)
        68          0          5          5          4          0   (incl. Padding)

    ----------------------------------------------------------------------

      Code (inc. data)   RO Data    RW Data    ZI Data      Debug   Library Member Name

        56         12          0          0          0        132   atof.o
       336         56          0          0          0        136   cosf.o
       164         44          0          0          0        620   dunder.o
        24          0          0          0          0        124   fabs.o
        48          0          0          0          0        124   fpclassify.o
        38          0          0          0          0        116   fpclassifyf.o
        80         24          0          0          0        696   funder.o
       248          0          0          0          0        152   poly.o
      3152        296        136          0          0        352   pow.o
      1636        110        320          0          0        372   powf.o
         0          0          8          0          0          0   qnan.o
       340         24         32          0          0        160   rredf.o
       400         56          0          0          0        212   sinf.o
       232          0          0          0          0        296   sqrt.o
        86          0          0          0          0          0   __dczerorl2.o
        28          0          0          0          0         68   _chval.o
        64          0          0          0          0         84   _sgetc.o
       158          0          0          0          0         92   _strtoul.o
        26          0          0          0          0         80   atol.o
         8          4        133          0          0         68   ctype_o.o
         0          0          0          0          0          0   entry.o
         0          0          0          0          0          0   entry10a.o
         0          0          0          0          0          0   entry11a.o
         8          4          0          0          0          0   entry2.o
         4          0          0          0          0          0   entry5.o
         0          0          0          0          0          0   entry7b.o
         0          0          0          0          0          0   entry8b.o
         8          4          0          0          0          0   entry9a.o
        32         16          0          4          0        204   errno.o
        30          0          0          0          0          0   handlers.o
        36          8          0          0          0         68   init.o
        18          0          0          0          0         76   isspace_o.o
         0          0          0          0          0          0   iusefp.o
        30          0          0          0          0         68   llshl.o
        36          0          0          0          0         68   llsshr.o
        32          0          0          0          0         68   llushr.o
        36          0          0          0          0         68   memcpya.o
        36          0          0          0          0        108   memseta.o
      2276         86          0          0          0        520   printfa.o
       878         12          0          0          0        216   scanf_fp.o
       156         12          0          0          0        120   strtod.o
       112          0          0          0          0         88   strtol.o
        44          0          0          0          0         80   uidiv.o
        98          0          0          0          0         92   uldiv.o
        48          0          0          0          0         68   cdcmple.o
        48          0          0          0          0         68   cdrcmple.o
        56          0          0          0          0         88   d2f.o
       334          0          0          0          0        148   dadd.o
       222          0          0          0          0        100   ddiv.o
       186          0          0          0          0        176   depilogue.o
        50          0          0          0          0         76   dfixui.o
        48          0          0          0          0         68   dfixul.o
        34          0          0          0          0         76   dflti.o
        26          0          0          0          0         76   dfltui.o
        24          0          0          0          0         76   dfltul.o
       228          0          0          0          0         96   dmul.o
        46          0          0          0          0         80   dscalb.o
       162          0          0          0          0        100   dsqrt.o
        38          0          0          0          0         68   f2d.o
       110          0          0          0          0        168   fepilogue.o
         4          0          0          0          0         68   fpstat.o

    ----------------------------------------------------------------------
     12676        768        632          4          0       7328   Library Totals
        18          0          3          0          0          0   (incl. Padding)

    ----------------------------------------------------------------------

      Code (inc. data)   RO Data    RW Data    ZI Data      Debug   Library Name

      6754        622        496          0          0       3492   m_wm.l
      4240        146        133          4          0       2236   mc_w.l
      1664          0          0          0          0       1600   mf_w.l

    ----------------------------------------------------------------------
     12676        768        632          4          0       7328   Library Totals

    ----------------------------------------------------------------------

==============================================================================


      Code (inc. data)   RO Data    RW Data    ZI Data      Debug   

     61196       4856       1444       2364      32124    1139934   Grand Totals
     61196       4856       1444        224      32124    1139934   ELF Image Totals (compressed)
     61196       4856       1444        224          0          0   ROM Totals

==============================================================================

    Total RO  Size (Code + RO Data)                62640 (  61.17kB)
    Total RW  Size (RW Data + ZI Data)             34488 (  33.68kB)
    Total ROM Size (Code + RO Data + RW Data)      62864 (  61.39kB)

==============================================================================

